82.158.62.176 - - [02/Jun/2013:10:17:59 -0300] "GET /plugins/system/jat3/jat3/base-themes/default/images/icons/icon-youtube.png HTTP/1.1" 200 2433 "http://www.sgm.gub.uy/index.php/institucion/organizacion/geodesia-y-topografia" "Mozilla/5.0 (Macintosh; Intel Mac OS X 10_6_8) AppleWebKit/534.59.8 (KHTML, like Gecko) Version/5.1.9 Safari/534.59.8"
82.158.62.176 - - [02/Jun/2013:10:18:00 -0300] "GET /templates/bt_arise/images/bgd-pathway.png HTTP/1.1" 200 676 "http://www.sgm.gub.uy/index.php/institucion/organizacion/geodesia-y-topografia" "Mozilla/5.0 (Macintosh; Intel Mac OS X 10_6_8) AppleWebKit/534.59.8 (KHTML, like Gecko) Version/5.1.9 Safari/534.59.8"
82.158.62.176 - - [02/Jun/2013:10:17:57 -0300] "GET /templates/bt_arise/core/themes/blue/images/bgd-wrapper-inner.png HTTP/1.1" 200 56974 "http://www.sgm.gub.uy/index.php/institucion/organizacion/geodesia-y-topografia" "Mozilla/5.0 (Macintosh; Intel Mac OS X 10_6_8) AppleWebKit/534.59.8 (KHTML, like Gecko) Version/5.1.9 Safari/534.59.8"
82.158.62.176 - - [02/Jun/2013:10:18:00 -0300] "GET /templates/bt_arise/core/themes/blue/images/home-icon.png HTTP/1.1" 200 714 "http://www.sgm.gub.uy/index.php/institucion/organizacion/geodesia-y-topografia" "Mozilla/5.0 (Macintosh; Intel Mac OS X 10_6_8) AppleWebKit/534.59.8 (KHTML, like Gecko) Version/5.1.9 Safari/534.59.8"
82.158.62.176 - - [02/Jun/2013:10:18:00 -0300] "GET /media/system/images/arrow.png HTTP/1.1" 200 406 "http://www.sgm.gub.uy/index.php/institucion/organizacion/geodesia-y-topografia" "Mozilla/5.0 (Macintosh; Intel Mac OS X 10_6_8) AppleWebKit/534.59.8 (KHTML, like Gecko) Version/5.1.9 Safari/534.59.8"
82.158.62.176 - - [02/Jun/2013:10:18:00 -0300] "GET /templates/bt_arise/core/themes/blue/images/bgd-bottom-r.png HTTP/1.1" 200 410 "http://www.sgm.gub.uy/index.php/institucion/organizacion/geodesia-y-topografia" "Mozilla/5.0 (Macintosh; Intel Mac OS X 10_6_8) AppleWebKit/534.59.8 (KHTML, like Gecko) Version/5.1.9 Safari/534.59.8"
82.158.62.176 - - [02/Jun/2013:10:18:00 -0300] "GET /templates/bt_arise/images/system/printButton.png HTTP/1.1" 200 772 "http://www.sgm.gub.uy/index.php/institucion/organizacion/geodesia-y-topografia" "Mozilla/5.0 (Macintosh; Intel Mac OS X 10_6_8) AppleWebKit/534.59.8 (KHTML, like Gecko) Version/5.1.9 Safari/534.59.8"
82.158.62.176 - - [02/Jun/2013:10:18:00 -0300] "GET /templates/bt_arise/images/bgd-bottom.png HTTP/1.1" 200 1559 "http://www.sgm.gub.uy/index.php/institucion/organizacion/geodesia-y-topografia" "Mozilla/5.0 (Macintosh; Intel Mac OS X 10_6_8) AppleWebKit/534.59.8 (KHTML, like Gecko) Version/5.1.9 Safari/534.59.8"
82.158.62.176 - - [02/Jun/2013:10:18:01 -0300] "GET /templates/bt_arise/images/system/emailButton.png HTTP/1.1" 200 841 "http://www.sgm.gub.uy/index.php/institucion/organizacion/geodesia-y-topografia" "Mozilla/5.0 (Macintosh; Intel Mac OS X 10_6_8) AppleWebKit/534.59.8 (KHTML, like Gecko) Version/5.1.9 Safari/534.59.8"
82.158.62.176 - - [02/Jun/2013:10:18:01 -0300] "GET /templates/bt_arise/images/bullet.png HTTP/1.1" 200 455 "http://www.sgm.gub.uy/index.php/institucion/organizacion/geodesia-y-topografia" "Mozilla/5.0 (Macintosh; Intel Mac OS X 10_6_8) AppleWebKit/534.59.8 (KHTML, like Gecko) Version/5.1.9 Safari/534.59.8"
82.158.62.176 - - [02/Jun/2013:10:18:01 -0300] "GET /media/stalker/icons/default/facebook.png HTTP/1.1" 200 4769 "http://www.sgm.gub.uy/index.php/institucion/organizacion/geodesia-y-topografia" "Mozilla/5.0 (Macintosh; Intel Mac OS X 10_6_8) AppleWebKit/534.59.8 (KHTML, like Gecko) Version/5.1.9 Safari/534.59.8"
82.158.62.176 - - [02/Jun/2013:10:18:01 -0300] "GET /media/stalker/icons/default/twitter.png HTTP/1.1" 200 5460 "http://www.sgm.gub.uy/index.php/institucion/organizacion/geodesia-y-topografia" "Mozilla/5.0 (Macintosh; Intel Mac OS X 10_6_8) AppleWebKit/534.59.8 (KHTML, like Gecko) Version/5.1.9 Safari/534.59.8"
82.158.62.176 - - [02/Jun/2013:10:17:58 -0300] "GET /templates/bt_arise/images/logo.png HTTP/1.1" 200 56811 "http://www.sgm.gub.uy/index.php/institucion/organizacion/geodesia-y-topografia" "Mozilla/5.0 (Macintosh; Intel Mac OS X 10_6_8) AppleWebKit/534.59.8 (KHTML, like Gecko) Version/5.1.9 Safari/534.59.8"
82.158.62.176 - - [02/Jun/2013:10:18:03 -0300] "GET /plugins/system/jat3/jat3/base-themes/default/images/favicon.ico HTTP/1.1" 200 1445 "http://www.sgm.gub.uy/index.php/institucion/organizacion/geodesia-y-topografia" "Mozilla/5.0 (Macintosh; Intel Mac OS X 10_6_8) AppleWebKit/534.59.8 (KHTML, like Gecko) Version/5.1.9 Safari/534.59.8"
82.158.62.176 - - [02/Jun/2013:10:18:19 -0300] "GET /index.php/institucion/organizacion/geodesia-y-topografia/45-bolsa-de-trabajo/llamados-abiertos HTTP/1.1" 200 7749 "http://www.sgm.gub.uy/index.php/institucion/organizacion/geodesia-y-topografia" "Mozilla/5.0 (Macintosh; Intel Mac OS X 10_6_8) AppleWebKit/534.59.8 (KHTML, like Gecko) Version/5.1.9 Safari/534.59.8"
127.0.0.1 - - [02/Jun/2013:10:18:35 -0300] "OPTIONS * HTTP/1.0" 200 167 "-" "Apache/2.2.14 (Ubuntu) (internal dummy connection)"
82.158.62.176 - - [02/Jun/2013:10:18:36 -0300] "GET /index.php/institucion/organizacion/geodesia-y-topografia/39-bolsa-de-trabajo HTTP/1.1" 200 7872 "http://www.sgm.gub.uy/index.php/institucion/organizacion/geodesia-y-topografia/45-bolsa-de-trabajo/llamados-abiertos" "Mozilla/5.0 (Macintosh; Intel Mac OS X 10_6_8) AppleWebKit/534.59.8 (KHTML, like Gecko) Version/5.1.9 Safari/534.59.8"
82.158.62.176 - - [02/Jun/2013:10:18:37 -0300] "GET /templates/bt_arise/images/dot-line.png HTTP/1.1" 200 403 "http://www.sgm.gub.uy/index.php/institucion/organizacion/geodesia-y-topografia/39-bolsa-de-trabajo" "Mozilla/5.0 (Macintosh; Intel Mac OS X 10_6_8) AppleWebKit/534.59.8 (KHTML, like Gecko) Version/5.1.9 Safari/534.59.8"
82.158.62.176 - - [02/Jun/2013:10:18:42 -0300] "GET /index.php/institucion/organizacion/geodesia-y-topografia/45-bolsa-de-trabajo/llamados-abiertos HTTP/1.1" 200 7604 "http://www.sgm.gub.uy/index.php/institucion/organizacion/geodesia-y-topografia/39-bolsa-de-trabajo" "Mozilla/5.0 (Macintosh; Intel Mac OS X 10_6_8) AppleWebKit/534.59.8 (KHTML, like Gecko) Version/5.1.9 Safari/534.59.8"
82.158.62.176 - - [02/Jun/2013:10:18:51 -0300] "GET /templates/bt_arise/images/bgd-nav-l0-haschild-over.png HTTP/1.1" 200 1296 "http://www.sgm.gub.uy/index.php/institucion/organizacion/geodesia-y-topografia/45-bolsa-de-trabajo/llamados-abiertos" "Mozilla/5.0 (Macintosh; Intel Mac OS X 10_6_8) AppleWebKit/534.59.8 (KHTML, like Gecko) Version/5.1.9 Safari/534.59.8"
82.158.62.176 - - [02/Jun/2013:10:18:52 -0300] "GET /modules/mod_gtranslate/tmpl/lang/alt_flags.png HTTP/1.1" 200 10480 "http://www.sgm.gub.uy/index.php/institucion/organizacion/geodesia-y-topografia/45-bolsa-de-trabajo/llamados-abiertos" "Mozilla/5.0 (Macintosh; Intel Mac OS X 10_6_8) AppleWebKit/534.59.8 (KHTML, like Gecko) Version/5.1.9 Safari/534.59.8"
82.158.62.176 - - [02/Jun/2013:10:18:53 -0300] "GET /index.php/enlaces-web HTTP/1.1" 200 8353 "http://www.sgm.gub.uy/index.php/institucion/organizacion/geodesia-y-topografia/45-bolsa-de-trabajo/llamados-abiertos" "Mozilla/5.0 (Macintosh; Intel Mac OS X 10_6_8) AppleWebKit/534.59.8 (KHTML, like Gecko) Version/5.1.9 Safari/534.59.8"
82.158.62.176 - - [02/Jun/2013:10:18:55 -0300] "GET /images/links/ejercito_nacional.jpg HTTP/1.1" 200 18663 "http://www.sgm.gub.uy/index.php/enlaces-web" "Mozilla/5.0 (Macintosh; Intel Mac OS X 10_6_8) AppleWebKit/534.59.8 (KHTML, like Gecko) Version/5.1.9 Safari/534.59.8"
82.158.62.176 - - [02/Jun/2013:10:18:55 -0300] "GET /plugins/system/jat3/jat3/base-themes/default/images/arrow.png HTTP/1.1" 200 446 "http://www.sgm.gub.uy/index.php/enlaces-web" "Mozilla/5.0 (Macintosh; Intel Mac OS X 10_6_8) AppleWebKit/534.59.8 (KHTML, like Gecko) Version/5.1.9 Safari/534.59.8"
82.158.62.176 - - [02/Jun/2013:10:18:56 -0300] "GET /images/links/asociacion_internacional_geod.jpg HTTP/1.1" 200 12101 "http://www.sgm.gub.uy/index.php/enlaces-web" "Mozilla/5.0 (Macintosh; Intel Mac OS X 10_6_8) AppleWebKit/534.59.8 (KHTML, like Gecko) Version/5.1.9 Safari/534.59.8"
82.158.62.176 - - [02/Jun/2013:10:18:55 -0300] "GET /images/links/instituto_antartico.jpg HTTP/1.1" 200 13952 "http://www.sgm.gub.uy/index.php/enlaces-web" "Mozilla/5.0 (Macintosh; Intel Mac OS X 10_6_8) AppleWebKit/534.59.8 (KHTML, like Gecko) Version/5.1.9 Safari/534.59.8"
82.158.62.176 - - [02/Jun/2013:10:18:55 -0300] "GET /images/links/servicio_sensores_remotos.jpg HTTP/1.1" 200 13760 "http://www.sgm.gub.uy/index.php/enlaces-web" "Mozilla/5.0 (Macintosh; Intel Mac OS X 10_6_8) AppleWebKit/534.59.8 (KHTML, like Gecko) Version/5.1.9 Safari/534.59.8"
82.158.62.176 - - [02/Jun/2013:10:18:56 -0300] "GET /images/links/sociedad_internacional_fotometria.jpg HTTP/1.1" 200 13836 "http://www.sgm.gub.uy/index.php/enlaces-web" "Mozilla/5.0 (Macintosh; Intel Mac OS X 10_6_8) AppleWebKit/534.59.8 (KHTML, like Gecko) Version/5.1.9 Safari/534.59.8"
82.158.62.176 - - [02/Jun/2013:10:18:56 -0300] "GET /images/links/cpidea.jpg HTTP/1.1" 200 12700 "http://www.sgm.gub.uy/index.php/enlaces-web" "Mozilla/5.0 (Macintosh; Intel Mac OS X 10_6_8) AppleWebKit/534.59.8 (KHTML, like Gecko) Version/5.1.9 Safari/534.59.8"
82.158.62.176 - - [02/Jun/2013:10:18:56 -0300] "GET /images/links/ibge.jpg HTTP/1.1" 200 13465 "http://www.sgm.gub.uy/index.php/enlaces-web" "Mozilla/5.0 (Macintosh; Intel Mac OS X 10_6_8) AppleWebKit/534.59.8 (KHTML, like Gecko) Version/5.1.9 Safari/534.59.8"
82.158.62.176 - - [02/Jun/2013:10:18:57 -0300] "GET /images/links/sgm_argentina.jpg HTTP/1.1" 200 21967 "http://www.sgm.gub.uy/index.php/enlaces-web" "Mozilla/5.0 (Macintosh; Intel Mac OS X 10_6_8) AppleWebKit/534.59.8 (KHTML, like Gecko) Version/5.1.9 Safari/534.59.8"
82.158.62.176 - - [02/Jun/2013:10:18:55 -0300] "GET /images/links/servicio_oceanografico.jpg HTTP/1.1" 200 14328 "http://www.sgm.gub.uy/index.php/enlaces-web" "Mozilla/5.0 (Macintosh; Intel Mac OS X 10_6_8) AppleWebKit/534.59.8 (KHTML, like Gecko) Version/5.1.9 Safari/534.59.8"
82.158.62.176 - - [02/Jun/2013:10:18:57 -0300] "GET /images/links/instituto_geografico_colombia.jpg HTTP/1.1" 200 13653 "http://www.sgm.gub.uy/index.php/enlaces-web" "Mozilla/5.0 (Macintosh; Intel Mac OS X 10_6_8) AppleWebKit/534.59.8 (KHTML, like Gecko) Version/5.1.9 Safari/534.59.8"
82.158.62.176 - - [02/Jun/2013:10:18:57 -0300] "GET /images/links/instituto_geografico_costarica.jpg HTTP/1.1" 200 14569 "http://www.sgm.gub.uy/index.php/enlaces-web" "Mozilla/5.0 (Macintosh; Intel Mac OS X 10_6_8) AppleWebKit/534.59.8 (KHTML, like Gecko) Version/5.1.9 Safari/534.59.8"
82.158.62.176 - - [02/Jun/2013:10:18:55 -0300] "GET /images/links/instituto_panamericano.jpg HTTP/1.1" 200 13215 "http://www.sgm.gub.uy/index.php/enlaces-web" "Mozilla/5.0 (Macintosh; Intel Mac OS X 10_6_8) AppleWebKit/534.59.8 (KHTML, like Gecko) Version/5.1.9 Safari/534.59.8"
82.158.62.176 - - [02/Jun/2013:10:18:57 -0300] "GET /images/links/igm_chile.jpg HTTP/1.1" 200 25922 "http://www.sgm.gub.uy/index.php/enlaces-web" "Mozilla/5.0 (Macintosh; Intel Mac OS X 10_6_8) AppleWebKit/534.59.8 (KHTML, like Gecko) Version/5.1.9 Safari/534.59.8"
127.0.0.1 - - [02/Jun/2013:10:19:16 -0300] "OPTIONS * HTTP/1.0" 200 167 "-" "Apache/2.2.14 (Ubuntu) (internal dummy connection)"
82.158.62.176 - - [02/Jun/2013:10:19:27 -0300] "GET /modules/mod_gtranslate/tmpl/lang/24.png HTTP/1.1" 200 31936 "http://www.sgm.gub.uy/index.php/enlaces-web" "Mozilla/5.0 (Macintosh; Intel Mac OS X 10_6_8) AppleWebKit/534.59.8 (KHTML, like Gecko) Version/5.1.9 Safari/534.59.8"
82.158.62.176 - - [02/Jun/2013:10:19:34 -0300] "GET /index.php/documentos/articulos-tecnicos HTTP/1.1" 200 9482 "http://www.sgm.gub.uy/index.php/enlaces-web" "Mozilla/5.0 (Macintosh; Intel Mac OS X 10_6_8) AppleWebKit/534.59.8 (KHTML, like Gecko) Version/5.1.9 Safari/534.59.8"
82.158.62.176 - - [02/Jun/2013:10:19:35 -0300] "GET /components/com_docman/themes/default/css/theme.css HTTP/1.1" 200 2921 "http://www.sgm.gub.uy/index.php/documentos/articulos-tecnicos" "Mozilla/5.0 (Macintosh; Intel Mac OS X 10_6_8) AppleWebKit/534.59.8 (KHTML, like Gecko) Version/5.1.9 Safari/534.59.8"
82.158.62.176 - - [02/Jun/2013:10:19:36 -0300] "GET /media/system/css/modal.css HTTP/1.1" 200 1248 "http://www.sgm.gub.uy/index.php/documentos/articulos-tecnicos" "Mozilla/5.0 (Macintosh; Intel Mac OS X 10_6_8) AppleWebKit/534.59.8 (KHTML, like Gecko) Version/5.1.9 Safari/534.59.8"
82.158.62.176 - - [02/Jun/2013:10:19:36 -0300] "GET /media/system/js/modal.js HTTP/1.1" 200 3632 "http://www.sgm.gub.uy/index.php/documentos/articulos-tecnicos" "Mozilla/5.0 (Macintosh; Intel Mac OS X 10_6_8) AppleWebKit/534.59.8 (KHTML, like Gecko) Version/5.1.9 Safari/534.59.8"
82.158.62.176 - - [02/Jun/2013:10:19:36 -0300] "GET /components/com_docman/themes/default/js/theme.js HTTP/1.1" 200 1023 "http://www.sgm.gub.uy/index.php/documentos/articulos-tecnicos" "Mozilla/5.0 (Macintosh; Intel Mac OS X 10_6_8) AppleWebKit/534.59.8 (KHTML, like Gecko) Version/5.1.9 Safari/534.59.8"
82.158.62.176 - - [02/Jun/2013:10:19:36 -0300] "GET /components/com_docman/themes/default/images/icons/32x32/rar.png HTTP/1.1" 200 2086 "http://www.sgm.gub.uy/index.php/documentos/articulos-tecnicos" "Mozilla/5.0 (Macintosh; Intel Mac OS X 10_6_8) AppleWebKit/534.59.8 (KHTML, like Gecko) Version/5.1.9 Safari/534.59.8"
82.158.62.176 - - [02/Jun/2013:10:19:36 -0300] "GET /components/com_docman/themes/default/images/icons/32x32/pdf.png HTTP/1.1" 200 2285 "http://www.sgm.gub.uy/index.php/documentos/articulos-tecnicos" "Mozilla/5.0 (Macintosh; Intel Mac OS X 10_6_8) AppleWebKit/534.59.8 (KHTML, like Gecko) Version/5.1.9 Safari/534.59.8"
82.158.62.176 - - [02/Jun/2013:10:19:36 -0300] "GET /components/com_docman/themes/default/images/icons/32x32/search.png HTTP/1.1" 200 1713 "http://www.sgm.gub.uy/index.php/documentos/articulos-tecnicos" "Mozilla/5.0 (Macintosh; Intel Mac OS X 10_6_8) AppleWebKit/534.59.8 (KHTML, like Gecko) Version/5.1.9 Safari/534.59.8"
82.158.62.176 - - [02/Jun/2013:10:19:36 -0300] "GET /components/com_docman/themes/default/images/icons/32x32/home.png HTTP/1.1" 200 1958 "http://www.sgm.gub.uy/index.php/documentos/articulos-tecnicos" "Mozilla/5.0 (Macintosh; Intel Mac OS X 10_6_8) AppleWebKit/534.59.8 (KHTML, like Gecko) Version/5.1.9 Safari/534.59.8"
82.158.62.176 - - [02/Jun/2013:10:19:36 -0300] "GET /components/com_docman/themes/default/images/icons/32x32/zip.png HTTP/1.1" 200 2669 "http://www.sgm.gub.uy/index.php/documentos/articulos-tecnicos" "Mozilla/5.0 (Macintosh; Intel Mac OS X 10_6_8) AppleWebKit/534.59.8 (KHTML, like Gecko) Version/5.1.9 Safari/534.59.8"
82.158.62.176 - - [02/Jun/2013:10:19:36 -0300] "GET /components/com_docman/themes/default/images/bg-header.png HTTP/1.1" 200 389 "http://www.sgm.gub.uy/index.php/documentos/articulos-tecnicos" "Mozilla/5.0 (Macintosh; Intel Mac OS X 10_6_8) AppleWebKit/534.59.8 (KHTML, like Gecko) Version/5.1.9 Safari/534.59.8"
82.158.62.176 - - [02/Jun/2013:10:19:36 -0300] "GET /components/com_docman/themes/default/images/bg-gradient.png HTTP/1.1" 200 535 "http://www.sgm.gub.uy/index.php/documentos/articulos-tecnicos" "Mozilla/5.0 (Macintosh; Intel Mac OS X 10_6_8) AppleWebKit/534.59.8 (KHTML, like Gecko) Version/5.1.9 Safari/534.59.8"
82.158.62.176 - - [02/Jun/2013:10:19:36 -0300] "GET /components/com_docman/themes/default/images/icons/32x32/folder.png HTTP/1.1" 200 1849 "http://www.sgm.gub.uy/index.php/documentos/articulos-tecnicos" "Mozilla/5.0 (Macintosh; Intel Mac OS X 10_6_8) AppleWebKit/534.59.8 (KHTML, like Gecko) Version/5.1.9 Safari/534.59.8"
82.158.62.176 - - [02/Jun/2013:10:19:37 -0300] "GET /components/com_docman/themes/default/images/button.png HTTP/1.1" 200 389 "http://www.sgm.gub.uy/index.php/documentos/articulos-tecnicos" "Mozilla/5.0 (Macintosh; Intel Mac OS X 10_6_8) AppleWebKit/534.59.8 (KHTML, like Gecko) Version/5.1.9 Safari/534.59.8"
82.158.62.176 - - [02/Jun/2013:10:19:37 -0300] "GET /templates/bt_arise/core/themes/blue/images/bg-pagnav-active.png HTTP/1.1" 200 688 "http://www.sgm.gub.uy/index.php/documentos/articulos-tecnicos" "Mozilla/5.0 (Macintosh; Intel Mac OS X 10_6_8) AppleWebKit/534.59.8 (KHTML, like Gecko) Version/5.1.9 Safari/534.59.8"
127.0.0.1 - - [02/Jun/2013:10:19:54 -0300] "OPTIONS * HTTP/1.0" 200 167 "-" "Apache/2.2.14 (Ubuntu) (internal dummy connection)"
82.158.62.176 - - [02/Jun/2013:10:19:59 -0300] "GET /index.php/documentos/articulos-tecnicos?start=5 HTTP/1.1" 200 8596 "http://www.sgm.gub.uy/index.php/documentos/articulos-tecnicos" "Mozilla/5.0 (Macintosh; Intel Mac OS X 10_6_8) AppleWebKit/534.59.8 (KHTML, like Gecko) Version/5.1.9 Safari/534.59.8"
82.158.62.176 - - [02/Jun/2013:10:20:01 -0300] "GET /components/com_docman/themes/default/images/icons/32x32/generic.png HTTP/1.1" 200 1669 "http://www.sgm.gub.uy/index.php/documentos/articulos-tecnicos?start=5" "Mozilla/5.0 (Macintosh; Intel Mac OS X 10_6_8) AppleWebKit/534.59.8 (KHTML, like Gecko) Version/5.1.9 Safari/534.59.8"
180.76.5.11 - - [02/Jun/2013:10:22:38 -0300] "GET /index.php/component/search/?Itemid=108&id=18&format=opensearch HTTP/1.1" 200 1470 "-" "Mozilla/5.0 (compatible; Baiduspider/2.0; +http://www.baidu.com/search/spider.html)"
66.249.72.163 - - [02/Jun/2013:10:23:12 -0300] "GET /index.php/servicios/otros-servicios?format=feed&type=atom HTTP/1.1" 200 2500 "-" "Mozilla/5.0 (compatible; Googlebot/2.1; +http://www.google.com/bot.html)"
66.249.72.10 - - [02/Jun/2013:10:23:43 -0300] "GET /institucional/index.php/institucion/organizacion/fotogrametria/7-institucion?format=feed&type=rss HTTP/1.1" 200 19364 "-" "Mozilla/5.0 (iPhone; U; CPU iPhone OS 4_1 like Mac OS X; en-us) AppleWebKit/532.9 (KHTML, like Gecko) Version/4.0.5 Mobile/8B117 Safari/6531.22.7 (compatible; Googlebot-Mobile/2.1; +http://www.google.com/bot.html)"
180.76.5.111 - - [02/Jun/2013:10:25:45 -0300] "GET /index.php/component/search/?Itemid=101&catid=19&format=opensearch HTTP/1.1" 200 1472 "-" "Mozilla/5.0 (compatible; Baiduspider/2.0; +http://www.baidu.com/search/spider.html)"
208.115.111.66 - - [02/Jun/2013:10:27:06 -0300] "GET /geoportal/index.php/mapas/descargas/mapas-escolares/cat_view/1-mapas/2-descargas/4-mapas-escolares?limit=5&limitstart=0&order=hits&dir=ASC HTTP/1.1" 200 15243 "-" "Mozilla/5.0 (compatible; Ezooms/1.0; ezooms.bot@gmail.com)"
208.115.111.66 - - [02/Jun/2013:10:27:09 -0300] "GET /index.php/25-servicios/visaciones/15-donde-tramitar HTTP/1.1" 200 50788 "-" "Mozilla/5.0 (compatible; Ezooms/1.0; ezooms.bot@gmail.com)"
208.115.111.66 - - [02/Jun/2013:10:27:11 -0300] "GET /index.php/component/mailto/?tmpl=component&template=bt_arise&link=c60fb5c1d98ef40c61041f9a088c440046eddf59 HTTP/1.1" 200 5048 "-" "Mozilla/5.0 (compatible; Ezooms/1.0; ezooms.bot@gmail.com)"
208.115.111.66 - - [02/Jun/2013:10:27:21 -0300] "GET /index.php/documentos/articulos-tecnicos/cat_view/2-curriculum-vitae?start=20 HTTP/1.1" 200 38638 "-" "Mozilla/5.0 (compatible; Ezooms/1.0; ezooms.bot@gmail.com)"
208.115.111.66 - - [02/Jun/2013:10:27:26 -0300] "GET /index.php/documentos/articulos-tecnicos/doc_details/60-cv-b-canosa?tmpl=component HTTP/1.1" 200 4563 "-" "Mozilla/5.0 (compatible; Ezooms/1.0; ezooms.bot@gmail.com)"
208.115.111.66 - - [02/Jun/2013:10:27:28 -0300] "GET /index.php/documentos/cat_view/2-curriculum-vitae?limit=5&order=name&dir=DESC&start=15 HTTP/1.1" 200 38480 "-" "Mozilla/5.0 (compatible; Ezooms/1.0; ezooms.bot@gmail.com)"
208.115.111.66 - - [02/Jun/2013:10:27:30 -0300] "GET /index.php/informacion-territorial/antartida/18-mapoteca HTTP/1.1" 200 29856 "-" "Mozilla/5.0 (compatible; Ezooms/1.0; ezooms.bot@gmail.com)"
208.115.111.66 - - [02/Jun/2013:10:27:35 -0300] "GET /index.php/servicios/capacitacion/40-taller-de-metadatos HTTP/1.1" 200 34349 "-" "Mozilla/5.0 (compatible; Ezooms/1.0; ezooms.bot@gmail.com)"
180.76.5.175 - - [02/Jun/2013:10:28:51 -0300] "GET /index.php/component/search/?Itemid=109&catid=39&id=24&format=opensearch HTTP/1.1" 200 1482 "-" "Mozilla/5.0 (compatible; Baiduspider/2.0; +http://www.baidu.com/search/spider.html)"
66.249.72.212 - - [02/Jun/2013:10:31:47 -0300] "GET /geoportal/index.php/2-uncategorised?start=11 HTTP/1.1" 200 4384 "-" "Mozilla/5.0 (compatible; Googlebot/2.1; +http://www.google.com/bot.html)"
180.76.5.145 - - [02/Jun/2013:10:35:05 -0300] "GET /index.php/documentos/doc_download/43-rcaa2 HTTP/1.1" 200 132602 "-" "Mozilla/5.0 (compatible; Baiduspider/2.0; +http://www.baidu.com/search/spider.html)"
180.76.5.91 - - [02/Jun/2013:10:38:11 -0300] "GET /index.php/component/search/?Itemid=109&id=39&format=opensearch HTTP/1.1" 200 1469 "-" "Mozilla/5.0 (compatible; Baiduspider/2.0; +http://www.baidu.com/search/spider.html)"
157.56.229.244 - - [02/Jun/2013:10:39:00 -0300] "GET /index.php/informacion-territorial/antartida/25-servicios/visaciones HTTP/1.1" 200 9505 "-" "Mozilla/5.0 (compatible; bingbot/2.0; +http://www.bing.com/bingbot.htm)"
180.76.5.136 - - [02/Jun/2013:10:41:18 -0300] "GET /index.php/component/search/?Itemid=110&catid=35&id=20&format=opensearch HTTP/1.1" 200 1482 "-" "Mozilla/5.0 (compatible; Baiduspider/2.0; +http://www.baidu.com/search/spider.html)"
66.249.72.10 - - [02/Jun/2013:10:41:38 -0300] "GET /index.php/institucion/organizacion/42-general/63-aviso-legal HTTP/1.1" 200 6029 "-" "Mozilla/5.0 (iPhone; U; CPU iPhone OS 4_1 like Mac OS X; en-us) AppleWebKit/532.9 (KHTML, like Gecko) Version/4.0.5 Mobile/8B117 Safari/6531.22.7 (compatible; Googlebot-Mobile/2.1; +http://www.google.com/bot.html)"
123.125.71.74 - - [02/Jun/2013:10:43:24 -0300] "GET / HTTP/1.1" 200 12420 "-" "Mozilla/5.0 (compatible; Baiduspider/2.0; +http://www.baidu.com/search/spider.html)"
220.181.108.148 - - [02/Jun/2013:10:44:35 -0300] "GET / HTTP/1.1" 200 12420 "-" "Mozilla/5.0 (compatible; Baiduspider/2.0; +http://www.baidu.com/search/spider.html)"
190.64.2.162 - - [02/Jun/2013:10:46:41 -0300] "GET /robots.txt HTTP/1.0" 200 718 "-" "agesic-crawler (Enterprise; T3-RG6J9B6XL6A3K; fabricio.alvarez@agesic.gub.uy,sestevez@hg.com.uy,sperez@hg.com.uy,gbartolomeo@at.com.uy,xavier.verdino@pyxisportal.com,alertasnoc@hg.com.uy)"
190.64.2.162 - - [02/Jun/2013:10:46:41 -0300] "GET /index.php/component/jevents/month.calendar/2013/05/21/48?Itemid=1 HTTP/1.0" 200 9488 "-" "agesic-crawler (Enterprise; T3-RG6J9B6XL6A3K; fabricio.alvarez@agesic.gub.uy,sestevez@hg.com.uy,sperez@hg.com.uy,gbartolomeo@at.com.uy,xavier.verdino@pyxisportal.com,alertasnoc@hg.com.uy)"
66.249.72.10 - - [02/Jun/2013:10:48:52 -0300] "GET /geonetwork/ HTTP/1.1" 200 713 "-" "Mozilla/5.0 (compatible; Googlebot/2.1; +http://www.google.com/bot.html)"
180.76.5.136 - - [02/Jun/2013:10:49:35 -0300] "GET /index.php/component/search/?Itemid=112&catid=38&id=83&format=opensearch HTTP/1.1" 200 1482 "-" "Mozilla/5.0 (compatible; Baiduspider/2.0; +http://www.baidu.com/search/spider.html)"
180.76.5.165 - - [02/Jun/2013:10:52:41 -0300] "GET /index.php/component/search/?Itemid=111&catid=42&id=61&format=opensearch HTTP/1.1" 200 1482 "-" "Mozilla/5.0 (compatible; Baiduspider/2.0; +http://www.baidu.com/search/spider.html)"
180.76.5.20 - - [02/Jun/2013:10:55:48 -0300] "GET /index.php/component/search/?Itemid=110&id=25&format=opensearch HTTP/1.1" 200 1470 "-" "Mozilla/5.0 (compatible; Baiduspider/2.0; +http://www.baidu.com/search/spider.html)"
180.76.5.196 - - [02/Jun/2013:10:58:55 -0300] "GET /index.php/component/search/?Itemid=114&catid=20&id=19&format=opensearch HTTP/1.1" 200 1482 "-" "Mozilla/5.0 (compatible; Baiduspider/2.0; +http://www.baidu.com/search/spider.html)"
66.249.72.10 - - [02/Jun/2013:10:59:45 -0300] "GET /geoportal/datos/cartas/L/L-22.pdf HTTP/1.1" 200 1274252 "-" "Mozilla/5.0 (iPhone; U; CPU iPhone OS 4_1 like Mac OS X; en-us) AppleWebKit/532.9 (KHTML, like Gecko) Version/4.0.5 Mobile/8B117 Safari/6531.22.7 (compatible; Googlebot-Mobile/2.1; +http://www.google.com/bot.html)"
66.249.72.212 - - [02/Jun/2013:11:00:35 -0300] "GET /geoportal/index.php/2-uncategorised?start=13 HTTP/1.1" 200 4917 "-" "Mozilla/5.0 (compatible; Googlebot/2.1; +http://www.google.com/bot.html)"
180.76.5.21 - - [02/Jun/2013:11:05:08 -0300] "GET /index.php/component/search/?Itemid=117&catid=38&id=73&format=opensearch HTTP/1.1" 200 1483 "-" "Mozilla/5.0 (compatible; Baiduspider/2.0; +http://www.baidu.com/search/spider.html)"
180.76.5.148 - - [02/Jun/2013:11:08:15 -0300] "GET /index.php/component/search/?Itemid=115&catid=25&format=opensearch HTTP/1.1" 200 1472 "-" "Mozilla/5.0 (compatible; Baiduspider/2.0; +http://www.baidu.com/search/spider.html)"
180.76.5.167 - - [02/Jun/2013:11:11:21 -0300] "GET /index.php/component/search/?Itemid=114&catid=38&format=opensearch HTTP/1.1" 200 1472 "-" "Mozilla/5.0 (compatible; Baiduspider/2.0; +http://www.baidu.com/search/spider.html)"
208.115.113.83 - - [02/Jun/2013:11:13:54 -0300] "GET /robots.txt HTTP/1.1" 200 1151 "-" "Mozilla/5.0 (compatible; Ezooms/1.0; ezooms.bot@gmail.com)"
157.56.93.218 - - [02/Jun/2013:11:14:12 -0300] "GET /institucional/index.php/institucion/organizacion/fotogrametria HTTP/1.1" 200 8522 "-" "Mozilla/5.0 (compatible; bingbot/2.0; +http://www.bing.com/bingbot.htm)"
66.249.72.212 - - [02/Jun/2013:11:14:20 -0300] "GET /index.php/documentos/articulos-tecnicos/cat_view/1-articulos-tecnicos?dir=hiextknjfb&limitstart=0 HTTP/1.1" 200 8733 "-" "Mozilla/5.0 (compatible; Googlebot/2.1; +http://www.google.com/bot.html)"
199.30.20.48 - - [02/Jun/2013:11:14:36 -0300] "GET /robots.txt HTTP/1.1" 404 465 "-" "msnbot-media/1.1 (+http://search.msn.com/msnbot.htm)"
199.30.20.48 - - [02/Jun/2013:11:14:37 -0300] "GET /images/logos/mapserver-small.png HTTP/1.1" 200 1005 "-" "msnbot-media/1.1 (+http://search.msn.com/msnbot.htm)"
66.249.72.10 - - [02/Jun/2013:11:17:41 -0300] "GET /index.php/documentos/articulos-tecnicos/doc_download/26-boletin-n-9-del-s-g-m HTTP/1.1" 200 1962222 "-" "Mozilla/5.0 (iPhone; U; CPU iPhone OS 4_1 like Mac OS X; en-us) AppleWebKit/532.9 (KHTML, like Gecko) Version/4.0.5 Mobile/8B117 Safari/6531.22.7 (compatible; Googlebot-Mobile/2.1; +http://www.google.com/bot.html)"
180.76.6.212 - - [02/Jun/2013:11:19:50 -0300] "GET /index.php/informacion-territorial/puntos-extremos/45-bolsa-de-trabajo/llamados-abiertos?format=feed&type=atom HTTP/1.1" 200 2547 "-" "Mozilla/5.0 (compatible; Baiduspider/2.0; +http://www.baidu.com/search/spider.html)"
190.64.2.162 - - [02/Jun/2013:11:21:43 -0300] "GET /robots.txt HTTP/1.0" 200 718 "-" "agesic-crawler (Enterprise; T3-RG6J9B6XL6A3K; fabricio.alvarez@agesic.gub.uy,sestevez@hg.com.uy,sperez@hg.com.uy,gbartolomeo@at.com.uy,xavier.verdino@pyxisportal.com,alertasnoc@hg.com.uy)"
190.64.2.162 - - [02/Jun/2013:11:21:43 -0300] "GET /index.php/component/jevents/month.calendar/2013/05/20/48?Itemid=1 HTTP/1.0" 200 9490 "-" "agesic-crawler (Enterprise; T3-RG6J9B6XL6A3K; fabricio.alvarez@agesic.gub.uy,sestevez@hg.com.uy,sperez@hg.com.uy,gbartolomeo@at.com.uy,xavier.verdino@pyxisportal.com,alertasnoc@hg.com.uy)"
180.76.5.87 - - [02/Jun/2013:11:22:57 -0300] "GET /index.php/component/search/?Itemid=117&id=18&format=opensearch HTTP/1.1" 200 1469 "-" "Mozilla/5.0 (compatible; Baiduspider/2.0; +http://www.baidu.com/search/spider.html)"
180.76.5.57 - - [02/Jun/2013:11:26:03 -0300] "GET /index.php/component/search/?Itemid=117&id=39&format=opensearch HTTP/1.1" 200 1469 "-" "Mozilla/5.0 (compatible; Baiduspider/2.0; +http://www.baidu.com/search/spider.html)"
66.249.72.212 - - [02/Jun/2013:11:29:23 -0300] "GET /geoportal/index.php/2-uncategorised?start=10 HTTP/1.1" 200 4520 "-" "Mozilla/5.0 (compatible; Googlebot/2.1; +http://www.google.com/bot.html)"
180.76.5.160 - - [02/Jun/2013:11:34:28 -0300] "GET /index.php/component/search/?Itemid=120&catid=38&id=81&format=opensearch HTTP/1.1" 200 1482 "-" "Mozilla/5.0 (compatible; Baiduspider/2.0; +http://www.baidu.com/search/spider.html)"
180.76.5.12 - - [02/Jun/2013:11:37:35 -0300] "GET /index.php/component/search/?Itemid=119&catid=42&id=64&format=opensearch HTTP/1.1" 200 1483 "-" "Mozilla/5.0 (compatible; Baiduspider/2.0; +http://www.baidu.com/search/spider.html)"
66.249.72.10 - - [02/Jun/2013:11:39:50 -0300] "GET /index.php/servicios/capacitacion/23-servicios HTTP/1.1" 200 7493 "-" "Mozilla/5.0 (compatible; Googlebot/2.1; +http://www.google.com/bot.html)"
180.76.5.162 - - [02/Jun/2013:11:40:43 -0300] "GET /index.php/component/search/?Itemid=118&catid=19&id=19&format=opensearch HTTP/1.1" 200 1482 "-" "Mozilla/5.0 (compatible; Baiduspider/2.0; +http://www.baidu.com/search/spider.html)"
190.64.2.162 - - [02/Jun/2013:11:41:43 -0300] "GET /robots.txt HTTP/1.0" 200 718 "-" "agesic-crawler (Enterprise; T3-RG6J9B6XL6A3K; fabricio.alvarez@agesic.gub.uy,sestevez@hg.com.uy,sperez@hg.com.uy,gbartolomeo@at.com.uy,xavier.verdino@pyxisportal.com,alertasnoc@hg.com.uy)"
190.64.2.162 - - [02/Jun/2013:11:41:43 -0300] "GET /index.php/component/jevents/month.calendar/2013/02/06/48?Itemid=1 HTTP/1.0" 200 9473 "-" "agesic-crawler (Enterprise; T3-RG6J9B6XL6A3K; fabricio.alvarez@agesic.gub.uy,sestevez@hg.com.uy,sperez@hg.com.uy,gbartolomeo@at.com.uy,xavier.verdino@pyxisportal.com,alertasnoc@hg.com.uy)"
190.64.2.162 - - [02/Jun/2013:11:41:46 -0300] "GET /robots.txt HTTP/1.0" 200 718 "-" "agesic-crawler (Enterprise; T3-RG6J9B6XL6A3K; fabricio.alvarez@agesic.gub.uy,sestevez@hg.com.uy,sperez@hg.com.uy,gbartolomeo@at.com.uy,xavier.verdino@pyxisportal.com,alertasnoc@hg.com.uy)"
190.64.2.162 - - [02/Jun/2013:11:41:46 -0300] "GET /index.php/component/jevents/month.calendar/2013/01/30/48?Itemid=1 HTTP/1.0" 200 9484 "-" "agesic-crawler (Enterprise; T3-RG6J9B6XL6A3K; fabricio.alvarez@agesic.gub.uy,sestevez@hg.com.uy,sperez@hg.com.uy,gbartolomeo@at.com.uy,xavier.verdino@pyxisportal.com,alertasnoc@hg.com.uy)"
190.64.2.162 - - [02/Jun/2013:11:41:49 -0300] "GET /robots.txt HTTP/1.0" 200 718 "-" "agesic-crawler (Enterprise; T3-RG6J9B6XL6A3K; fabricio.alvarez@agesic.gub.uy,sestevez@hg.com.uy,sperez@hg.com.uy,gbartolomeo@at.com.uy,xavier.verdino@pyxisportal.com,alertasnoc@hg.com.uy)"
190.64.2.162 - - [02/Jun/2013:11:41:49 -0300] "GET /index.php/component/jevents/month.calendar/2013/05/23/48?Itemid=1 HTTP/1.0" 200 9489 "-" "agesic-crawler (Enterprise; T3-RG6J9B6XL6A3K; fabricio.alvarez@agesic.gub.uy,sestevez@hg.com.uy,sperez@hg.com.uy,gbartolomeo@at.com.uy,xavier.verdino@pyxisportal.com,alertasnoc@hg.com.uy)"
190.64.2.162 - - [02/Jun/2013:11:41:52 -0300] "GET /robots.txt HTTP/1.0" 200 718 "-" "agesic-crawler (Enterprise; T3-RG6J9B6XL6A3K; fabricio.alvarez@agesic.gub.uy,sestevez@hg.com.uy,sperez@hg.com.uy,gbartolomeo@at.com.uy,xavier.verdino@pyxisportal.com,alertasnoc@hg.com.uy)"
190.64.2.162 - - [02/Jun/2013:11:41:52 -0300] "GET /index.php/component/jevents/month.calendar/2013/03/07/48?Itemid=1 HTTP/1.0" 200 9519 "-" "agesic-crawler (Enterprise; T3-RG6J9B6XL6A3K; fabricio.alvarez@agesic.gub.uy,sestevez@hg.com.uy,sperez@hg.com.uy,gbartolomeo@at.com.uy,xavier.verdino@pyxisportal.com,alertasnoc@hg.com.uy)"
123.125.71.95 - - [02/Jun/2013:11:42:34 -0300] "GET / HTTP/1.1" 200 12420 "-" "Mozilla/5.0 (compatible; Baiduspider/2.0; +http://www.baidu.com/search/spider.html)"
220.181.108.160 - - [02/Jun/2013:11:43:48 -0300] "GET / HTTP/1.1" 200 12420 "-" "Mozilla/5.0 (compatible; Baiduspider/2.0; +http://www.baidu.com/search/spider.html)"
202.46.56.53 - - [02/Jun/2013:11:44:15 -0300] "GET / HTTP/1.1" 302 250 "-" "Mozilla/4.0 (compatible; MSIE 7.0; Windows NT 6.0)"
119.63.193.194 - - [02/Jun/2013:11:44:43 -0300] "GET / HTTP/1.1" 302 250 "-" "Mozilla/4.0 (compatible; MSIE 7.0; Windows NT 6.0)"
190.64.2.162 - - [02/Jun/2013:11:45:53 -0300] "POST /wfsPCN1000.cgi HTTP/1.1" 200 911 "-" "MapServer/6.0.1 libcurl/7.19.7"
180.76.5.91 - - [02/Jun/2013:11:48:00 -0300] "GET /index.php/component/search/?Itemid=123&catid=38&id=73&format=opensearch HTTP/1.1" 200 1482 "-" "Mozilla/5.0 (compatible; Baiduspider/2.0; +http://www.baidu.com/search/spider.html)"
180.76.5.11 - - [02/Jun/2013:11:51:06 -0300] "GET /index.php/informacion-territorial/puntos-extremos/45-bolsa-de-trabajo/llamados-abiertos?format=feed&type=rss HTTP/1.1" 200 1385 "-" "Mozilla/5.0 (compatible; Baiduspider/2.0; +http://www.baidu.com/search/spider.html)"
186.48.9.57 - - [02/Jun/2013:11:53:13 -0300] "GET /index.php/informacion-territorial/limites-con-argentina HTTP/1.1" 200 10364 "http://www.google.com.uy/url?sa=t&rct=j&q=limites%20de%20uruguay%20con%20argentina&source=web&cd=3&sqi=2&ved=0CDsQFjAC&url=http%3A%2F%2Fwww.sgm.gub.uy%2Findex.php%2Finformacion-territorial%2Flimites-con-argentina&ei=tF2rUbfJCKnm0gGbp4GQBQ&usg=AFQjCNHe6L3wk0wfPsvnkmqrb1jnNC5siA&bvm=bv.47244034,d.dmQ" "Mozilla/5.0 (Windows NT 5.1; rv:21.0) Gecko/20100101 Firefox/21.0"
186.48.9.57 - - [02/Jun/2013:11:53:14 -0300] "GET /plugins/system/jcemediabox/css/jcemediabox.css HTTP/1.1" 200 1593 "http://www.sgm.gub.uy/index.php/informacion-territorial/limites-con-argentina" "Mozilla/5.0 (Windows NT 5.1; rv:21.0) Gecko/20100101 Firefox/21.0"
186.48.9.57 - - [02/Jun/2013:11:53:14 -0300] "GET /plugins/system/jcemediabox/themes/standard/css/style.css HTTP/1.1" 200 1803 "http://www.sgm.gub.uy/index.php/informacion-territorial/limites-con-argentina" "Mozilla/5.0 (Windows NT 5.1; rv:21.0) Gecko/20100101 Firefox/21.0"
186.48.9.57 - - [02/Jun/2013:11:53:14 -0300] "GET /templates/system/css/system.css HTTP/1.1" 200 760 "http://www.sgm.gub.uy/index.php/informacion-territorial/limites-con-argentina" "Mozilla/5.0 (Windows NT 5.1; rv:21.0) Gecko/20100101 Firefox/21.0"
186.48.9.57 - - [02/Jun/2013:11:53:15 -0300] "GET /templates/system/css/general.css HTTP/1.1" 200 1219 "http://www.sgm.gub.uy/index.php/informacion-territorial/limites-con-argentina" "Mozilla/5.0 (Windows NT 5.1; rv:21.0) Gecko/20100101 Firefox/21.0"
157.56.93.218 - - [02/Jun/2013:11:53:14 -0300] "GET /index.php/institucion/autoridades/42-general/64-red-pasiva HTTP/1.1" 200 8642 "-" "Mozilla/5.0 (compatible; bingbot/2.0; +http://www.bing.com/bingbot.htm)"
157.56.93.218 - - [02/Jun/2013:11:53:14 -0300] "GET /index.php/institucion/organizacion/fotogrametria/39-bolsa-de-trabajo HTTP/1.1" 200 8103 "-" "Mozilla/5.0 (compatible; bingbot/2.0; +http://www.bing.com/bingbot.htm)"
186.48.9.57 - - [02/Jun/2013:11:53:15 -0300] "GET /plugins/content/bt_socialshare/assets/bt_socialshare.css HTTP/1.1" 200 455 "http://www.sgm.gub.uy/index.php/informacion-territorial/limites-con-argentina" "Mozilla/5.0 (Windows NT 5.1; rv:21.0) Gecko/20100101 Firefox/21.0"
186.48.9.57 - - [02/Jun/2013:11:53:15 -0300] "GET /components/com_jevents/views/geraint/assets/css/modstyle.css HTTP/1.1" 200 1038 "http://www.sgm.gub.uy/index.php/informacion-territorial/limites-con-argentina" "Mozilla/5.0 (Windows NT 5.1; rv:21.0) Gecko/20100101 Firefox/21.0"
186.48.9.57 - - [02/Jun/2013:11:53:15 -0300] "GET /modules/mod_stalker/assets/css/stalker.css HTTP/1.1" 200 769 "http://www.sgm.gub.uy/index.php/informacion-territorial/limites-con-argentina" "Mozilla/5.0 (Windows NT 5.1; rv:21.0) Gecko/20100101 Firefox/21.0"
186.48.9.57 - - [02/Jun/2013:11:53:15 -0300] "GET /plugins/system/jat3/jat3/base-themes/default/css/typo.css HTTP/1.1" 200 2521 "http://www.sgm.gub.uy/index.php/informacion-territorial/limites-con-argentina" "Mozilla/5.0 (Windows NT 5.1; rv:21.0) Gecko/20100101 Firefox/21.0"
186.48.9.57 - - [02/Jun/2013:11:53:15 -0300] "GET /plugins/system/jat3/jat3/base-themes/default/css/addons.css HTTP/1.1" 200 1488 "http://www.sgm.gub.uy/index.php/informacion-territorial/limites-con-argentina" "Mozilla/5.0 (Windows NT 5.1; rv:21.0) Gecko/20100101 Firefox/21.0"
186.48.9.57 - - [02/Jun/2013:11:53:15 -0300] "GET /plugins/system/jat3/jat3/base-themes/default/css/layout.css HTTP/1.1" 200 1312 "http://www.sgm.gub.uy/index.php/informacion-territorial/limites-con-argentina" "Mozilla/5.0 (Windows NT 5.1; rv:21.0) Gecko/20100101 Firefox/21.0"
186.48.9.57 - - [02/Jun/2013:11:53:15 -0300] "GET /plugins/system/jat3/jat3/base-themes/default/css/template.css HTTP/1.1" 200 6390 "http://www.sgm.gub.uy/index.php/informacion-territorial/limites-con-argentina" "Mozilla/5.0 (Windows NT 5.1; rv:21.0) Gecko/20100101 Firefox/21.0"
186.48.9.57 - - [02/Jun/2013:11:53:16 -0300] "GET /plugins/system/jat3/jat3/base-themes/default/css/usertools.css HTTP/1.1" 200 1430 "http://www.sgm.gub.uy/index.php/informacion-territorial/limites-con-argentina" "Mozilla/5.0 (Windows NT 5.1; rv:21.0) Gecko/20100101 Firefox/21.0"
186.48.9.57 - - [02/Jun/2013:11:53:16 -0300] "GET /plugins/system/jat3/jat3/base-themes/default/css/css3.css HTTP/1.1" 200 927 "http://www.sgm.gub.uy/index.php/informacion-territorial/limites-con-argentina" "Mozilla/5.0 (Windows NT 5.1; rv:21.0) Gecko/20100101 Firefox/21.0"
186.48.9.57 - - [02/Jun/2013:11:53:16 -0300] "GET /plugins/system/jat3/jat3/base-themes/default/css/menu/mega.css HTTP/1.1" 200 1642 "http://www.sgm.gub.uy/index.php/informacion-territorial/limites-con-argentina" "Mozilla/5.0 (Windows NT 5.1; rv:21.0) Gecko/20100101 Firefox/21.0"
186.48.9.57 - - [02/Jun/2013:11:53:16 -0300] "GET /templates/bt_arise/css/typo.css HTTP/1.1" 200 4181 "http://www.sgm.gub.uy/index.php/informacion-territorial/limites-con-argentina" "Mozilla/5.0 (Windows NT 5.1; rv:21.0) Gecko/20100101 Firefox/21.0"
186.48.9.57 - - [02/Jun/2013:11:53:16 -0300] "GET /templates/bt_arise/css/layout.css HTTP/1.1" 200 905 "http://www.sgm.gub.uy/index.php/informacion-territorial/limites-con-argentina" "Mozilla/5.0 (Windows NT 5.1; rv:21.0) Gecko/20100101 Firefox/21.0"
186.48.9.57 - - [02/Jun/2013:11:53:16 -0300] "GET /templates/bt_arise/css/template.css HTTP/1.1" 200 7907 "http://www.sgm.gub.uy/index.php/informacion-territorial/limites-con-argentina" "Mozilla/5.0 (Windows NT 5.1; rv:21.0) Gecko/20100101 Firefox/21.0"
186.48.9.57 - - [02/Jun/2013:11:53:16 -0300] "GET /templates/bt_arise/css/menu/mega.css HTTP/1.1" 200 1331 "http://www.sgm.gub.uy/index.php/informacion-territorial/limites-con-argentina" "Mozilla/5.0 (Windows NT 5.1; rv:21.0) Gecko/20100101 Firefox/21.0"
186.48.9.57 - - [02/Jun/2013:11:53:17 -0300] "GET /templates/bt_arise/core/themes/blue/css/template.css HTTP/1.1" 200 2227 "http://www.sgm.gub.uy/index.php/informacion-territorial/limites-con-argentina" "Mozilla/5.0 (Windows NT 5.1; rv:21.0) Gecko/20100101 Firefox/21.0"
186.48.9.57 - - [02/Jun/2013:11:53:17 -0300] "GET /templates/bt_arise/core/themes/blue/css/menu/mega.css HTTP/1.1" 200 686 "http://www.sgm.gub.uy/index.php/informacion-territorial/limites-con-argentina" "Mozilla/5.0 (Windows NT 5.1; rv:21.0) Gecko/20100101 Firefox/21.0"
186.48.9.57 - - [02/Jun/2013:11:53:17 -0300] "GET /plugins/system/jcemediabox/js/mediaobject.js?v=1017 HTTP/1.1" 200 1623 "http://www.sgm.gub.uy/index.php/informacion-territorial/limites-con-argentina" "Mozilla/5.0 (Windows NT 5.1; rv:21.0) Gecko/20100101 Firefox/21.0"
186.48.9.57 - - [02/Jun/2013:11:53:17 -0300] "GET /plugins/system/jcemediabox/js/jcemediabox.js?v=1017 HTTP/1.1" 200 13670 "http://www.sgm.gub.uy/index.php/informacion-territorial/limites-con-argentina" "Mozilla/5.0 (Windows NT 5.1; rv:21.0) Gecko/20100101 Firefox/21.0"
186.48.9.57 - - [02/Jun/2013:11:53:18 -0300] "GET /plugins/system/jcemediabox/addons/default.js?v=1017 HTTP/1.1" 200 1082 "http://www.sgm.gub.uy/index.php/informacion-territorial/limites-con-argentina" "Mozilla/5.0 (Windows NT 5.1; rv:21.0) Gecko/20100101 Firefox/21.0"
186.48.9.57 - - [02/Jun/2013:11:53:18 -0300] "GET /media/system/js/core.js HTTP/1.1" 200 2064 "http://www.sgm.gub.uy/index.php/informacion-territorial/limites-con-argentina" "Mozilla/5.0 (Windows NT 5.1; rv:21.0) Gecko/20100101 Firefox/21.0"
186.48.9.57 - - [02/Jun/2013:11:53:18 -0300] "GET /plugins/system/jat3/jat3/base-themes/default/js/core.js HTTP/1.1" 200 2198 "http://www.sgm.gub.uy/index.php/informacion-territorial/limites-con-argentina" "Mozilla/5.0 (Windows NT 5.1; rv:21.0) Gecko/20100101 Firefox/21.0"
186.48.9.57 - - [02/Jun/2013:11:53:18 -0300] "GET /plugins/system/jat3/jat3/base-themes/default/js/menu/mega.js HTTP/1.1" 200 5190 "http://www.sgm.gub.uy/index.php/informacion-territorial/limites-con-argentina" "Mozilla/5.0 (Windows NT 5.1; rv:21.0) Gecko/20100101 Firefox/21.0"
186.48.9.57 - - [02/Jun/2013:11:53:18 -0300] "GET /media/system/js/mootools-core.js HTTP/1.1" 200 31450 "http://www.sgm.gub.uy/index.php/informacion-territorial/limites-con-argentina" "Mozilla/5.0 (Windows NT 5.1; rv:21.0) Gecko/20100101 Firefox/21.0"
186.48.9.57 - - [02/Jun/2013:11:53:19 -0300] "GET /media/system/js/caption.js HTTP/1.1" 200 752 "http://www.sgm.gub.uy/index.php/informacion-territorial/limites-con-argentina" "Mozilla/5.0 (Windows NT 5.1; rv:21.0) Gecko/20100101 Firefox/21.0"
186.48.9.57 - - [02/Jun/2013:11:53:19 -0300] "GET /media/system/css/system.css HTTP/1.1" 200 885 "http://www.sgm.gub.uy/templates/system/css/system.css" "Mozilla/5.0 (Windows NT 5.1; rv:21.0) Gecko/20100101 Firefox/21.0"
186.48.9.57 - - [02/Jun/2013:11:53:18 -0300] "GET /templates/bt_arise/js/curvycorners.src.js HTTP/1.1" 200 15883 "http://www.sgm.gub.uy/index.php/informacion-territorial/limites-con-argentina" "Mozilla/5.0 (Windows NT 5.1; rv:21.0) Gecko/20100101 Firefox/21.0"
186.48.9.57 - - [02/Jun/2013:11:53:18 -0300] "GET /media/system/js/mootools-more.js HTTP/1.1" 200 68452 "http://www.sgm.gub.uy/index.php/informacion-territorial/limites-con-argentina" "Mozilla/5.0 (Windows NT 5.1; rv:21.0) Gecko/20100101 Firefox/21.0"
186.48.9.57 - - [02/Jun/2013:11:53:18 -0300] "GET /templates/bt_arise/js/jquery-1.6.2.min.js HTTP/1.1" 200 32440 "http://www.sgm.gub.uy/index.php/informacion-territorial/limites-con-argentina" "Mozilla/5.0 (Windows NT 5.1; rv:21.0) Gecko/20100101 Firefox/21.0"
186.48.9.57 - - [02/Jun/2013:11:53:22 -0300] "GET /modules/mod_gtranslate/tmpl/lang/blank.png HTTP/1.1" 200 383 "http://www.sgm.gub.uy/index.php/informacion-territorial/limites-con-argentina" "Mozilla/5.0 (Windows NT 5.1; rv:21.0) Gecko/20100101 Firefox/21.0"
186.48.9.57 - - [02/Jun/2013:11:53:22 -0300] "GET /media/system/images/arrow.png HTTP/1.1" 200 406 "http://www.sgm.gub.uy/index.php/informacion-territorial/limites-con-argentina" "Mozilla/5.0 (Windows NT 5.1; rv:21.0) Gecko/20100101 Firefox/21.0"
186.48.9.57 - - [02/Jun/2013:11:53:23 -0300] "GET /templates/bt_arise/images/system/printButton.png HTTP/1.1" 200 772 "http://www.sgm.gub.uy/index.php/informacion-territorial/limites-con-argentina" "Mozilla/5.0 (Windows NT 5.1; rv:21.0) Gecko/20100101 Firefox/21.0"
186.48.9.57 - - [02/Jun/2013:11:53:23 -0300] "GET /templates/bt_arise/images/system/emailButton.png HTTP/1.1" 200 841 "http://www.sgm.gub.uy/index.php/informacion-territorial/limites-con-argentina" "Mozilla/5.0 (Windows NT 5.1; rv:21.0) Gecko/20100101 Firefox/21.0"
186.48.9.57 - - [02/Jun/2013:11:53:23 -0300] "GET /media/stalker/icons/default/facebook.png HTTP/1.1" 200 4769 "http://www.sgm.gub.uy/index.php/informacion-territorial/limites-con-argentina" "Mozilla/5.0 (Windows NT 5.1; rv:21.0) Gecko/20100101 Firefox/21.0"
186.48.9.57 - - [02/Jun/2013:11:53:23 -0300] "GET /media/stalker/icons/default/twitter.png HTTP/1.1" 200 5460 "http://www.sgm.gub.uy/index.php/informacion-territorial/limites-con-argentina" "Mozilla/5.0 (Windows NT 5.1; rv:21.0) Gecko/20100101 Firefox/21.0"
186.48.9.57 - - [02/Jun/2013:11:53:26 -0300] "GET /templates/bt_arise/core/themes/blue/images/bgd-wrapper.png HTTP/1.1" 200 447 "http://www.sgm.gub.uy/templates/bt_arise/core/themes/blue/css/template.css" "Mozilla/5.0 (Windows NT 5.1; rv:21.0) Gecko/20100101 Firefox/21.0"
186.48.9.57 - - [02/Jun/2013:11:53:27 -0300] "GET /templates/bt_arise/images/arrow3.png HTTP/1.1" 200 1310 "http://www.sgm.gub.uy/templates/bt_arise/css/menu/mega.css" "Mozilla/5.0 (Windows NT 5.1; rv:21.0) Gecko/20100101 Firefox/21.0"
186.48.9.57 - - [02/Jun/2013:11:53:27 -0300] "GET /templates/bt_arise/images/bgd-nav-child.png HTTP/1.1" 200 1220 "http://www.sgm.gub.uy/templates/bt_arise/css/menu/mega.css" "Mozilla/5.0 (Windows NT 5.1; rv:21.0) Gecko/20100101 Firefox/21.0"
186.48.9.57 - - [02/Jun/2013:11:53:27 -0300] "GET /plugins/system/jat3/jat3/base-themes/default/images/arrow.png HTTP/1.1" 200 445 "http://www.sgm.gub.uy/plugins/system/jat3/jat3/base-themes/default/css/menu/mega.css" "Mozilla/5.0 (Windows NT 5.1; rv:21.0) Gecko/20100101 Firefox/21.0"
186.48.9.57 - - [02/Jun/2013:11:53:27 -0300] "GET /templates/bt_arise/core/themes/blue/images/bgd-wrapper-inner.png HTTP/1.1" 200 56974 "http://www.sgm.gub.uy/templates/bt_arise/core/themes/blue/css/template.css" "Mozilla/5.0 (Windows NT 5.1; rv:21.0) Gecko/20100101 Firefox/21.0"
186.48.9.57 - - [02/Jun/2013:11:53:27 -0300] "GET /templates/bt_arise/images/bgd-nav-l0-over.png HTTP/1.1" 200 1340 "http://www.sgm.gub.uy/templates/bt_arise/css/menu/mega.css" "Mozilla/5.0 (Windows NT 5.1; rv:21.0) Gecko/20100101 Firefox/21.0"
186.48.9.57 - - [02/Jun/2013:11:53:27 -0300] "GET /plugins/system/jat3/jat3/base-themes/default/images/favicon.ico HTTP/1.1" 200 1445 "-" "Mozilla/5.0 (Windows NT 5.1; rv:21.0) Gecko/20100101 Firefox/21.0"
186.48.9.57 - - [02/Jun/2013:11:53:28 -0300] "GET /modules/mod_gtranslate/tmpl/lang/24a.png HTTP/1.1" 200 31923 "http://www.sgm.gub.uy/index.php/informacion-territorial/limites-con-argentina" "Mozilla/5.0 (Windows NT 5.1; rv:21.0) Gecko/20100101 Firefox/21.0"
186.48.9.57 - - [02/Jun/2013:11:53:28 -0300] "GET /modules/mod_gtranslate/tmpl/lang/alt_flagsa.png HTTP/1.1" 200 10523 "http://www.sgm.gub.uy/index.php/informacion-territorial/limites-con-argentina" "Mozilla/5.0 (Windows NT 5.1; rv:21.0) Gecko/20100101 Firefox/21.0"
186.48.9.57 - - [02/Jun/2013:11:53:28 -0300] "GET /templates/bt_arise/core/themes/blue/images/bgd-search-field.png HTTP/1.1" 200 711 "http://www.sgm.gub.uy/templates/bt_arise/core/themes/blue/css/template.css" "Mozilla/5.0 (Windows NT 5.1; rv:21.0) Gecko/20100101 Firefox/21.0"
186.48.9.57 - - [02/Jun/2013:11:53:29 -0300] "GET /templates/bt_arise/images/bgd-search-button.png HTTP/1.1" 200 1249 "http://www.sgm.gub.uy/templates/bt_arise/css/template.css" "Mozilla/5.0 (Windows NT 5.1; rv:21.0) Gecko/20100101 Firefox/21.0"
186.48.9.57 - - [02/Jun/2013:11:53:28 -0300] "GET /templates/bt_arise/images/logo.png HTTP/1.1" 200 56811 "http://www.sgm.gub.uy/templates/bt_arise/css/template.css" "Mozilla/5.0 (Windows NT 5.1; rv:21.0) Gecko/20100101 Firefox/21.0"
186.48.9.57 - - [02/Jun/2013:11:53:29 -0300] "GET /plugins/system/jat3/jat3/base-themes/default/images/usertools/t3_logo_light_sm.png HTTP/1.1" 200 1532 "http://www.sgm.gub.uy/plugins/system/jat3/jat3/base-themes/default/css/usertools.css" "Mozilla/5.0 (Windows NT 5.1; rv:21.0) Gecko/20100101 Firefox/21.0"
186.48.9.57 - - [02/Jun/2013:11:53:29 -0300] "GET /plugins/system/jat3/jat3/base-themes/default/images/usertools/font-tool.gif HTTP/1.1" 200 381 "http://www.sgm.gub.uy/plugins/system/jat3/jat3/base-themes/default/css/usertools.css" "Mozilla/5.0 (Windows NT 5.1; rv:21.0) Gecko/20100101 Firefox/21.0"
186.48.9.57 - - [02/Jun/2013:11:53:30 -0300] "GET /plugins/system/jat3/jat3/base-themes/default/images/icons/icon-youtube.png HTTP/1.1" 200 2433 "http://www.sgm.gub.uy/plugins/system/jat3/jat3/base-themes/default/css/template.css" "Mozilla/5.0 (Windows NT 5.1; rv:21.0) Gecko/20100101 Firefox/21.0"
186.48.9.57 - - [02/Jun/2013:11:53:30 -0300] "GET /templates/bt_arise/images/bgd-pathway.png HTTP/1.1" 200 676 "http://www.sgm.gub.uy/templates/bt_arise/css/template.css" "Mozilla/5.0 (Windows NT 5.1; rv:21.0) Gecko/20100101 Firefox/21.0"
186.48.9.57 - - [02/Jun/2013:11:53:30 -0300] "GET /templates/bt_arise/core/themes/blue/images/home-icon.png HTTP/1.1" 200 714 "http://www.sgm.gub.uy/templates/bt_arise/core/themes/blue/css/template.css" "Mozilla/5.0 (Windows NT 5.1; rv:21.0) Gecko/20100101 Firefox/21.0"
186.48.9.57 - - [02/Jun/2013:11:53:30 -0300] "GET /templates/bt_arise/core/themes/blue/images/bgd-bottom-r.png HTTP/1.1" 200 410 "http://www.sgm.gub.uy/templates/bt_arise/core/themes/blue/css/template.css" "Mozilla/5.0 (Windows NT 5.1; rv:21.0) Gecko/20100101 Firefox/21.0"
186.48.9.57 - - [02/Jun/2013:11:53:30 -0300] "GET /templates/bt_arise/images/bgd-bottom.png HTTP/1.1" 200 1559 "http://www.sgm.gub.uy/templates/bt_arise/css/template.css" "Mozilla/5.0 (Windows NT 5.1; rv:21.0) Gecko/20100101 Firefox/21.0"
186.48.9.57 - - [02/Jun/2013:11:53:30 -0300] "GET /templates/bt_arise/images/bullet.png HTTP/1.1" 200 455 "http://www.sgm.gub.uy/templates/bt_arise/css/template.css" "Mozilla/5.0 (Windows NT 5.1; rv:21.0) Gecko/20100101 Firefox/21.0"
186.48.9.57 - - [02/Jun/2013:11:53:31 -0300] "GET /plugins/system/jcemediabox/themes/standard/popup.html HTTP/1.1" 200 737 "http://www.sgm.gub.uy/index.php/informacion-territorial/limites-con-argentina" "Mozilla/5.0 (Windows NT 5.1; rv:21.0) Gecko/20100101 Firefox/21.0"
186.48.9.57 - - [02/Jun/2013:11:53:31 -0300] "GET /plugins/system/jcemediabox/themes/standard/tooltip.html HTTP/1.1" 200 545 "http://www.sgm.gub.uy/index.php/informacion-territorial/limites-con-argentina" "Mozilla/5.0 (Windows NT 5.1; rv:21.0) Gecko/20100101 Firefox/21.0"
66.249.72.10 - - [02/Jun/2013:11:53:44 -0300] "GET /index.php/informacion-territorial/division-politica/42-general HTTP/1.1" 200 8002 "-" "Mozilla/5.0 (iPhone; U; CPU iPhone OS 4_1 like Mac OS X; en-us) AppleWebKit/532.9 (KHTML, like Gecko) Version/4.0.5 Mobile/8B117 Safari/6531.22.7 (compatible; Googlebot-Mobile/2.1; +http://www.google.com/bot.html)"
127.0.0.1 - - [02/Jun/2013:11:53:46 -0300] "OPTIONS * HTTP/1.0" 200 167 "-" "Apache/2.2.14 (Ubuntu) (internal dummy connection)"
180.76.5.16 - - [02/Jun/2013:11:54:13 -0300] "GET /index.php/component/search/?Itemid=121&id=25&format=opensearch HTTP/1.1" 200 1470 "-" "Mozilla/5.0 (compatible; Baiduspider/2.0; +http://www.baidu.com/search/spider.html)"
180.76.5.7 - - [02/Jun/2013:11:57:20 -0300] "GET /index.php/component/search/?Itemid=120&id=50&format=opensearch HTTP/1.1" 200 1470 "-" "Mozilla/5.0 (compatible; Baiduspider/2.0; +http://www.baidu.com/search/spider.html)"
66.249.72.212 - - [02/Jun/2013:11:58:11 -0300] "GET /geoportal/index.php/2-uncategorised?start=12 HTTP/1.1" 200 6207 "-" "Mozilla/5.0 (compatible; Googlebot/2.1; +http://www.google.com/bot.html)"
66.249.72.10 - - [02/Jun/2013:12:02:24 -0300] "GET /index.php/institucion/mision-y-vision/19-mapoteca/mapas-antiguos/43-mapas-antiguos HTTP/1.1" 200 8755 "-" "DoCoMo/2.0 N905i(c100;TB;W24H16) (compatible; Googlebot-Mobile/2.1; +http://www.google.com/bot.html)"
