152.61.193.99 - - [02/Jun/2013:13:03:51 -0300] "GET /DPTO_UYCO.cgi?REQUEST=GetCapabilities&SERVICE=WMS&VERSION=1.3.0 HTTP/1.1" 200 435601 "-" "Mozilla/5.0 (Windows; U; Windows NT 5.1; rv:1.7.3) Gecko/20041001 Firefox/0.10.1"
152.61.193.99 - - [02/Jun/2013:13:04:00 -0300] "GET /DPTO_UYCO.cgi?REQUEST=GetCapabilities&SERVICE=WMS&VERSION=1.3.0 HTTP/1.0" 200 435024 "-" "Mozilla/5.0 (Windows; U; Windows NT 5.1; rv:1.7.3) Gecko/20041001 Firefox/0.10.1"
152.61.193.99 - - [02/Jun/2013:13:04:10 -0300] "GET /DPTO_UYCO.cgi?REQUEST=GetCapabilities&SERVICE=WMS&VERSION=1.3.0 HTTP/1.0" 200 435024 "-" "Mozilla/5.0 (Windows; U; Windows NT 5.1; rv:1.7.3) Gecko/20041001 Firefox/0.10.1"
152.61.193.99 - - [02/Jun/2013:13:04:20 -0300] "GET /DPTO_UYCO.cgi?REQUEST=GetCapabilities&SERVICE=WMS&VERSION=1.3.0 HTTP/1.0" 200 435024 "-" "Mozilla/5.0 (Windows; U; Windows NT 5.1; rv:1.7.3) Gecko/20041001 Firefox/0.10.1"
152.61.193.99 - - [02/Jun/2013:13:04:30 -0300] "GET /DPTO_UYCO.cgi?VERSION=1.3.0&REQUEST=GetMap&LAYERS=AREA_URB_AL020-CLO&CRS=EPSG:4326&BBOX=-34.562,-58.494,-33.679,-56.91&WIDTH=250&HEIGHT=250&FORMAT=image/jpeg&STYLES=& HTTP/1.1" 200 1916 "-" "Mozilla/5.0 (Windows; U; Windows NT 5.1; rv:1.7.3) Gecko/20041001 Firefox/0.10.1"
152.61.193.99 - - [02/Jun/2013:13:04:32 -0300] "HEAD / HTTP/1.1" 403 163 "-" "Mozilla/5.0 (Windows; U; Windows NT 5.1; rv:1.7.3) Gecko/20041001 Firefox/0.10.1"
152.61.193.99 - - [02/Jun/2013:13:04:33 -0300] "GET /DPTO_UYCA.cgi?REQUEST=GetCapabilities&SERVICE=WMS&VERSION=1.3.0 HTTP/1.1" 200 859524 "-" "Mozilla/5.0 (Windows; U; Windows NT 5.1; rv:1.7.3) Gecko/20041001 Firefox/0.10.1"
152.61.193.99 - - [02/Jun/2013:13:04:52 -0300] "GET /DPTO_UYCA.cgi?REQUEST=GetCapabilities&SERVICE=WMS&VERSION=1.3.0 HTTP/1.0" 200 858504 "-" "Mozilla/5.0 (Windows; U; Windows NT 5.1; rv:1.7.3) Gecko/20041001 Firefox/0.10.1"
152.61.193.99 - - [02/Jun/2013:13:05:15 -0300] "GET /DPTO_UYCA.cgi?REQUEST=GetCapabilities&SERVICE=WMS&VERSION=1.3.0 HTTP/1.0" 200 858504 "-" "Mozilla/5.0 (Windows; U; Windows NT 5.1; rv:1.7.3) Gecko/20041001 Firefox/0.10.1"
180.76.5.65 - - [02/Jun/2013:13:05:42 -0300] "GET /index.php/component/search/?Itemid=131&id=50&format=opensearch HTTP/1.1" 200 1469 "-" "Mozilla/5.0 (compatible; Baiduspider/2.0; +http://www.baidu.com/search/spider.html)"
152.61.193.99 - - [02/Jun/2013:13:05:33 -0300] "GET /DPTO_UYCA.cgi?REQUEST=GetCapabilities&SERVICE=WMS&VERSION=1.3.0 HTTP/1.0" 200 858504 "-" "Mozilla/5.0 (Windows; U; Windows NT 5.1; rv:1.7.3) Gecko/20041001 Firefox/0.10.1"
152.61.193.99 - - [02/Jun/2013:13:05:52 -0300] "GET /DPTO_UYCA.cgi?VERSION=1.3.0&REQUEST=GetMap&LAYERS=AREA_URB_AL020-ACS&CRS=EPSG:4326&BBOX=-34.915,-56.609,-34.172,-55.276&WIDTH=250&HEIGHT=250&FORMAT=image/jpeg&STYLES=& HTTP/1.1" 200 1856 "-" "Mozilla/5.0 (Windows; U; Windows NT 5.1; rv:1.7.3) Gecko/20041001 Firefox/0.10.1"
66.249.72.10 - - [02/Jun/2013:13:05:53 -0300] "GET /index.php/documentos/doc_download/85-c-v-tte2-apy-i-a-rodolfo-mendez HTTP/1.1" 200 8191 "-" "Mozilla/5.0 (iPhone; U; CPU iPhone OS 4_1 like Mac OS X; en-us) AppleWebKit/532.9 (KHTML, like Gecko) Version/4.0.5 Mobile/8B117 Safari/6531.22.7 (compatible; Googlebot-Mobile/2.1; +http://www.google.com/bot.html)"
152.61.193.99 - - [02/Jun/2013:13:05:54 -0300] "HEAD / HTTP/1.1" 403 163 "-" "Mozilla/5.0 (Windows; U; Windows NT 5.1; rv:1.7.3) Gecko/20041001 Firefox/0.10.1"
152.61.193.99 - - [02/Jun/2013:13:05:55 -0300] "GET /UY_Landsat.cgi?REQUEST=GetCapabilities&SERVICE=WMS&VERSION=1.3.0 HTTP/1.1" 200 8455 "-" "Mozilla/5.0 (Windows; U; Windows NT 5.1; rv:1.7.3) Gecko/20041001 Firefox/0.10.1"
152.61.193.99 - - [02/Jun/2013:13:05:55 -0300] "GET /UY_Landsat.cgi?REQUEST=GetCapabilities&SERVICE=WMS&VERSION=1.3.0 HTTP/1.0" 200 8414 "-" "Mozilla/5.0 (Windows; U; Windows NT 5.1; rv:1.7.3) Gecko/20041001 Firefox/0.10.1"
152.61.193.99 - - [02/Jun/2013:13:05:56 -0300] "GET /UY_Landsat.cgi?REQUEST=GetCapabilities&SERVICE=WMS&VERSION=1.3.0 HTTP/1.0" 200 8414 "-" "Mozilla/5.0 (Windows; U; Windows NT 5.1; rv:1.7.3) Gecko/20041001 Firefox/0.10.1"
152.61.193.99 - - [02/Jun/2013:13:05:57 -0300] "GET /UY_Landsat.cgi?REQUEST=GetCapabilities&SERVICE=WMS&VERSION=1.3.0 HTTP/1.0" 200 8414 "-" "Mozilla/5.0 (Windows; U; Windows NT 5.1; rv:1.7.3) Gecko/20041001 Firefox/0.10.1"
152.61.193.99 - - [02/Jun/2013:13:05:58 -0300] "GET /UY_Landsat.cgi?VERSION=1.3.0&REQUEST=GetMap&LAYERS=Landsat&CRS=EPSG:4326&BBOX=-35.91,-60.115,-29.812,-51.455&WIDTH=250&HEIGHT=250&FORMAT=image/gif&STYLES=& HTTP/1.1" 200 16431 "-" "Mozilla/5.0 (Windows; U; Windows NT 5.1; rv:1.7.3) Gecko/20041001 Firefox/0.10.1"
152.61.193.99 - - [02/Jun/2013:13:06:01 -0300] "HEAD / HTTP/1.1" 403 163 "-" "Mozilla/5.0 (Windows; U; Windows NT 5.1; rv:1.7.3) Gecko/20041001 Firefox/0.10.1"
152.61.193.99 - - [02/Jun/2013:13:06:01 -0300] "GET /SGMRaster.cgi?REQUEST=GetCapabilities&SERVICE=WMS&VERSION=1.3.0 HTTP/1.1" 200 24038 "-" "Mozilla/5.0 (Windows; U; Windows NT 5.1; rv:1.7.3) Gecko/20041001 Firefox/0.10.1"
152.61.193.99 - - [02/Jun/2013:13:06:03 -0300] "GET /SGMRaster.cgi?REQUEST=GetCapabilities&SERVICE=WMS&VERSION=1.3.0 HTTP/1.0" 200 23946 "-" "Mozilla/5.0 (Windows; U; Windows NT 5.1; rv:1.7.3) Gecko/20041001 Firefox/0.10.1"
152.61.193.99 - - [02/Jun/2013:13:06:06 -0300] "GET /SGMRaster.cgi?REQUEST=GetCapabilities&SERVICE=WMS&VERSION=1.3.0 HTTP/1.0" 200 23946 "-" "Mozilla/5.0 (Windows; U; Windows NT 5.1; rv:1.7.3) Gecko/20041001 Firefox/0.10.1"
152.61.193.99 - - [02/Jun/2013:13:06:08 -0300] "GET /SGMRaster.cgi?REQUEST=GetCapabilities&SERVICE=WMS&VERSION=1.3.0 HTTP/1.0" 200 23946 "-" "Mozilla/5.0 (Windows; U; Windows NT 5.1; rv:1.7.3) Gecko/20041001 Firefox/0.10.1"
152.61.193.99 - - [02/Jun/2013:13:06:10 -0300] "GET /SGMRaster.cgi?VERSION=1.3.0&REQUEST=GetMap&LAYERS=cuadro1&CRS=EPSG:4326&BBOX=-35.91,-60.115,-29.812,-51.455&WIDTH=250&HEIGHT=250&FORMAT=image/gif&STYLES=& HTTP/1.1" 200 3282 "-" "Mozilla/5.0 (Windows; U; Windows NT 5.1; rv:1.7.3) Gecko/20041001 Firefox/0.10.1"
152.61.193.99 - - [02/Jun/2013:13:06:12 -0300] "HEAD / HTTP/1.1" 403 163 "-" "Mozilla/5.0 (Windows; U; Windows NT 5.1; rv:1.7.3) Gecko/20041001 Firefox/0.10.1"
152.61.193.99 - - [02/Jun/2013:13:06:12 -0300] "GET /PCN25_N27a.cgi?REQUEST=GetCapabilities&SERVICE=WMS&VERSION=1.3.0 HTTP/1.1" 200 40440 "-" "Mozilla/5.0 (Windows; U; Windows NT 5.1; rv:1.7.3) Gecko/20041001 Firefox/0.10.1"
152.61.193.99 - - [02/Jun/2013:13:06:14 -0300] "GET /PCN25_N27a.cgi?REQUEST=GetCapabilities&SERVICE=WMS&VERSION=1.3.0 HTTP/1.0" 200 40317 "-" "Mozilla/5.0 (Windows; U; Windows NT 5.1; rv:1.7.3) Gecko/20041001 Firefox/0.10.1"
152.61.193.99 - - [02/Jun/2013:13:06:15 -0300] "GET /PCN25_N27a.cgi?REQUEST=GetCapabilities&SERVICE=WMS&VERSION=1.3.0 HTTP/1.0" 200 40317 "-" "Mozilla/5.0 (Windows; U; Windows NT 5.1; rv:1.7.3) Gecko/20041001 Firefox/0.10.1"
152.61.193.99 - - [02/Jun/2013:13:06:17 -0300] "GET /PCN25_N27a.cgi?REQUEST=GetCapabilities&SERVICE=WMS&VERSION=1.3.0 HTTP/1.0" 200 40317 "-" "Mozilla/5.0 (Windows; U; Windows NT 5.1; rv:1.7.3) Gecko/20041001 Firefox/0.10.1"
152.61.193.99 - - [02/Jun/2013:13:06:19 -0300] "GET /PCN25_N27a.cgi?VERSION=1.3.0&REQUEST=GetMap&LAYERS=AREA_URB_AL020-N27a&CRS=EPSG:4326&BBOX=-34.48,-57.429,-34.37,-57.231&WIDTH=250&HEIGHT=250&FORMAT=image/jpeg&STYLES=& HTTP/1.1" 200 1861 "-" "Mozilla/5.0 (Windows; U; Windows NT 5.1; rv:1.7.3) Gecko/20041001 Firefox/0.10.1"
152.61.193.99 - - [02/Jun/2013:13:06:21 -0300] "HEAD / HTTP/1.1" 403 163 "-" "Mozilla/5.0 (Windows; U; Windows NT 5.1; rv:1.7.3) Gecko/20041001 Firefox/0.10.1"
152.61.193.99 - - [02/Jun/2013:13:06:21 -0300] "GET /UYAR.cgi?REQUEST=GetCapabilities&SERVICE=WMS&VERSION=1.3.0 HTTP/1.1" 200 43178 "-" "Mozilla/5.0 (Windows; U; Windows NT 5.1; rv:1.7.3) Gecko/20041001 Firefox/0.10.1"
152.61.193.99 - - [02/Jun/2013:13:06:23 -0300] "GET /UYAR.cgi?REQUEST=GetCapabilities&SERVICE=WMS&VERSION=1.3.0 HTTP/1.0" 200 43048 "-" "Mozilla/5.0 (Windows; U; Windows NT 5.1; rv:1.7.3) Gecko/20041001 Firefox/0.10.1"
208.115.111.66 - - [02/Jun/2013:13:06:25 -0300] "GET /robots.txt HTTP/1.1" 200 1151 "-" "Mozilla/5.0 (compatible; Ezooms/1.0; ezooms.bot@gmail.com)"
152.61.193.99 - - [02/Jun/2013:13:06:25 -0300] "GET /UYAR.cgi?REQUEST=GetCapabilities&SERVICE=WMS&VERSION=1.3.0 HTTP/1.0" 200 43048 "-" "Mozilla/5.0 (Windows; U; Windows NT 5.1; rv:1.7.3) Gecko/20041001 Firefox/0.10.1"
152.61.193.99 - - [02/Jun/2013:13:06:27 -0300] "GET /UYAR.cgi?REQUEST=GetCapabilities&SERVICE=WMS&VERSION=1.3.0 HTTP/1.0" 200 43048 "-" "Mozilla/5.0 (Windows; U; Windows NT 5.1; rv:1.7.3) Gecko/20041001 Firefox/0.10.1"
152.61.193.99 - - [02/Jun/2013:13:06:28 -0300] "GET /UYAR.cgi?VERSION=1.3.0&REQUEST=GetMap&LAYERS=AREA_URB_AL020-PCN10&CRS=EPSG:4326&BBOX=-30.437,-56.509,-30.383,-56.433&WIDTH=250&HEIGHT=250&FORMAT=image/gif&STYLES=& HTTP/1.1" 200 2568 "-" "Mozilla/5.0 (Windows; U; Windows NT 5.1; rv:1.7.3) Gecko/20041001 Firefox/0.10.1"
152.61.193.99 - - [02/Jun/2013:13:06:30 -0300] "HEAD / HTTP/1.1" 403 163 "-" "Mozilla/5.0 (Windows; U; Windows NT 5.1; rv:1.7.3) Gecko/20041001 Firefox/0.10.1"
152.61.193.99 - - [02/Jun/2013:13:06:31 -0300] "GET /UYDU.cgi?REQUEST=GetCapabilities&SERVICE=WMS&VERSION=1.3.0 HTTP/1.1" 200 38712 "-" "Mozilla/5.0 (Windows; U; Windows NT 5.1; rv:1.7.3) Gecko/20041001 Firefox/0.10.1"
152.61.193.99 - - [02/Jun/2013:13:06:32 -0300] "GET /UYDU.cgi?REQUEST=GetCapabilities&SERVICE=WMS&VERSION=1.3.0 HTTP/1.0" 200 38597 "-" "Mozilla/5.0 (Windows; U; Windows NT 5.1; rv:1.7.3) Gecko/20041001 Firefox/0.10.1"
152.61.193.99 - - [02/Jun/2013:13:06:34 -0300] "GET /UYDU.cgi?REQUEST=GetCapabilities&SERVICE=WMS&VERSION=1.3.0 HTTP/1.0" 200 38597 "-" "Mozilla/5.0 (Windows; U; Windows NT 5.1; rv:1.7.3) Gecko/20041001 Firefox/0.10.1"
152.61.193.99 - - [02/Jun/2013:13:06:36 -0300] "GET /UYDU.cgi?REQUEST=GetCapabilities&SERVICE=WMS&VERSION=1.3.0 HTTP/1.0" 200 38597 "-" "Mozilla/5.0 (Windows; U; Windows NT 5.1; rv:1.7.3) Gecko/20041001 Firefox/0.10.1"
152.61.193.99 - - [02/Jun/2013:13:06:38 -0300] "GET /UYDU.cgi?VERSION=1.3.0&REQUEST=GetMap&LAYERS=AREA_URB_AL020-PCN10&CRS=EPSG:4326&BBOX=-33.396,-56.554,-33.354,-56.495&WIDTH=250&HEIGHT=250&FORMAT=image/jpeg&STYLES=& HTTP/1.1" 200 9662 "-" "Mozilla/5.0 (Windows; U; Windows NT 5.1; rv:1.7.3) Gecko/20041001 Firefox/0.10.1"
152.61.193.99 - - [02/Jun/2013:13:06:40 -0300] "HEAD / HTTP/1.1" 403 163 "-" "Mozilla/5.0 (Windows; U; Windows NT 5.1; rv:1.7.3) Gecko/20041001 Firefox/0.10.1"
152.61.193.99 - - [02/Jun/2013:13:06:41 -0300] "GET /UYPA.cgi?REQUEST=GetCapabilities&SERVICE=WMS&VERSION=1.3.0 HTTP/1.1" 200 46479 "-" "Mozilla/5.0 (Windows; U; Windows NT 5.1; rv:1.7.3) Gecko/20041001 Firefox/0.10.1"
152.61.193.99 - - [02/Jun/2013:13:06:42 -0300] "GET /UYPA.cgi?REQUEST=GetCapabilities&SERVICE=WMS&VERSION=1.3.0 HTTP/1.0" 200 46342 "-" "Mozilla/5.0 (Windows; U; Windows NT 5.1; rv:1.7.3) Gecko/20041001 Firefox/0.10.1"
152.61.193.99 - - [02/Jun/2013:13:06:44 -0300] "GET /UYPA.cgi?REQUEST=GetCapabilities&SERVICE=WMS&VERSION=1.3.0 HTTP/1.0" 200 46342 "-" "Mozilla/5.0 (Windows; U; Windows NT 5.1; rv:1.7.3) Gecko/20041001 Firefox/0.10.1"
152.61.193.99 - - [02/Jun/2013:13:06:46 -0300] "GET /UYPA.cgi?REQUEST=GetCapabilities&SERVICE=WMS&VERSION=1.3.0 HTTP/1.0" 200 46342 "-" "Mozilla/5.0 (Windows; U; Windows NT 5.1; rv:1.7.3) Gecko/20041001 Firefox/0.10.1"
152.61.193.99 - - [02/Jun/2013:13:06:48 -0300] "GET /UYPA.cgi?VERSION=1.3.0&REQUEST=GetMap&LAYERS=AREA_URB_AL020-PCN10&CRS=EPSG:4326&BBOX=-32.374,-58.178,-32.234,-57.979&WIDTH=250&HEIGHT=250&FORMAT=image/jpeg&STYLES=& HTTP/1.1" 200 3148 "-" "Mozilla/5.0 (Windows; U; Windows NT 5.1; rv:1.7.3) Gecko/20041001 Firefox/0.10.1"
152.61.193.99 - - [02/Jun/2013:13:06:50 -0300] "HEAD / HTTP/1.1" 403 163 "-" "Mozilla/5.0 (Windows; U; Windows NT 5.1; rv:1.7.3) Gecko/20041001 Firefox/0.10.1"
152.61.193.99 - - [02/Jun/2013:13:06:50 -0300] "GET /DPTO_UYRO.cgi?REQUEST=GetCapabilities&SERVICE=WMS&VERSION=1.3.0 HTTP/1.1" 200 349831 "-" "Mozilla/5.0 (Windows; U; Windows NT 5.1; rv:1.7.3) Gecko/20041001 Firefox/0.10.1"
152.61.193.99 - - [02/Jun/2013:13:06:59 -0300] "GET /DPTO_UYRO.cgi?REQUEST=GetCapabilities&SERVICE=WMS&VERSION=1.3.0 HTTP/1.0" 200 349372 "-" "Mozilla/5.0 (Windows; U; Windows NT 5.1; rv:1.7.3) Gecko/20041001 Firefox/0.10.1"
152.61.193.99 - - [02/Jun/2013:13:07:09 -0300] "GET /DPTO_UYRO.cgi?REQUEST=GetCapabilities&SERVICE=WMS&VERSION=1.3.0 HTTP/1.0" 200 349372 "-" "Mozilla/5.0 (Windows; U; Windows NT 5.1; rv:1.7.3) Gecko/20041001 Firefox/0.10.1"
152.61.193.99 - - [02/Jun/2013:13:07:18 -0300] "GET /DPTO_UYRO.cgi?REQUEST=GetCapabilities&SERVICE=WMS&VERSION=1.3.0 HTTP/1.0" 200 349372 "-" "Mozilla/5.0 (Windows; U; Windows NT 5.1; rv:1.7.3) Gecko/20041001 Firefox/0.10.1"
152.61.193.99 - - [02/Jun/2013:13:07:28 -0300] "GET /DPTO_UYRO.cgi?VERSION=1.3.0&REQUEST=GetMap&LAYERS=AREA_URB_AL020-18J&CRS=EPSG:4326&BBOX=-34.901,-55.63,-33.066,-52.338&WIDTH=250&HEIGHT=250&FORMAT=image/jpeg&STYLES=& HTTP/1.1" 200 1835 "-" "Mozilla/5.0 (Windows; U; Windows NT 5.1; rv:1.7.3) Gecko/20041001 Firefox/0.10.1"
180.76.5.27 - - [02/Jun/2013:13:08:49 -0300] "GET /index.php/component/search/?Itemid=132&format=opensearch HTTP/1.1" 200 1460 "-" "Mozilla/5.0 (compatible; Baiduspider/2.0; +http://www.baidu.com/search/spider.html)"
190.64.2.162 - - [02/Jun/2013:13:11:45 -0300] "GET /robots.txt HTTP/1.0" 200 718 "-" "agesic-crawler (Enterprise; T3-RG6J9B6XL6A3K; fabricio.alvarez@agesic.gub.uy,sestevez@hg.com.uy,sperez@hg.com.uy,gbartolomeo@at.com.uy,xavier.verdino@pyxisportal.com,alertasnoc@hg.com.uy)"
190.64.2.162 - - [02/Jun/2013:13:11:45 -0300] "GET /index.php/component/jevents/month.calendar/2013/05/26/48?Itemid=1 HTTP/1.0" 200 9490 "-" "agesic-crawler (Enterprise; T3-RG6J9B6XL6A3K; fabricio.alvarez@agesic.gub.uy,sestevez@hg.com.uy,sperez@hg.com.uy,gbartolomeo@at.com.uy,xavier.verdino@pyxisportal.com,alertasnoc@hg.com.uy)"
180.76.5.147 - - [02/Jun/2013:13:11:55 -0300] "GET /index.php/component/search/?Itemid=163&id=39&format=opensearch HTTP/1.1" 200 1469 "-" "Mozilla/5.0 (compatible; Baiduspider/2.0; +http://www.baidu.com/search/spider.html)"
180.76.5.136 - - [02/Jun/2013:13:15:02 -0300] "GET /index.php/component/search/?Itemid=163&id=50&format=opensearch HTTP/1.1" 200 1469 "-" "Mozilla/5.0 (compatible; Baiduspider/2.0; +http://www.baidu.com/search/spider.html)"
180.76.5.62 - - [02/Jun/2013:13:18:08 -0300] "GET /index.php/component/search/?Itemid=164&catid=38&id=83&format=opensearch HTTP/1.1" 200 1482 "-" "Mozilla/5.0 (compatible; Baiduspider/2.0; +http://www.baidu.com/search/spider.html)"
200.55.140.181 - - [02/Jun/2013:13:20:22 -0300] "GET /geoportal/index.php/geoservicios/conceptos HTTP/1.1" 200 4092 "http://www.google.com.cu/imgres?imgurl=http://www.sgm.gub.uy/geoportal/images/wfs.png&imgrefurl=http://www.sgm.gub.uy/geoportal/index.php/geoservicios/conceptos&usg=__Yg0v1zeHnMWPUSySLhGH2l7H9Cc=&h=288&w=842&sz=106&hl=es-419&start=6&zoom=1&tbnid=REg5s4KtH2PhNM:&tbnh=50&tbnw=145&ei=GHKrUZqFE8iFtAaX4IHIBQ&prev=/search%3Fq%3Doperaciones%2Bde%2BWFS%26hl%3Des-419%26biw%3D1280%26bih%3D651%26tbm%3Disch&itbs=1&sa=X&ved=0CDUQrQMwBQ" "Mozilla/5.0 (Windows NT 6.1; rv:22.0) Gecko/20100101 Firefox/22.0"
200.55.140.181 - - [02/Jun/2013:13:20:23 -0300] "GET /geoportal/templates/system/css/general.css HTTP/1.1" 200 1218 "http://www.sgm.gub.uy/geoportal/index.php/geoservicios/conceptos" "Mozilla/5.0 (Windows NT 6.1; rv:22.0) Gecko/20100101 Firefox/22.0"
200.55.140.181 - - [02/Jun/2013:13:20:23 -0300] "GET /geoportal/plugins/system/jat3/jat3/base-themes/default/css/typo.css HTTP/1.1" 200 2522 "http://www.sgm.gub.uy/geoportal/index.php/geoservicios/conceptos" "Mozilla/5.0 (Windows NT 6.1; rv:22.0) Gecko/20100101 Firefox/22.0"
200.55.140.181 - - [02/Jun/2013:13:20:23 -0300] "GET /geoportal/plugins/system/jat3/jat3/base-themes/default/css/addons.css HTTP/1.1" 200 1489 "http://www.sgm.gub.uy/geoportal/index.php/geoservicios/conceptos" "Mozilla/5.0 (Windows NT 6.1; rv:22.0) Gecko/20100101 Firefox/22.0"
200.55.140.181 - - [02/Jun/2013:13:20:23 -0300] "GET /geoportal/templates/system/css/system.css HTTP/1.1" 200 760 "http://www.sgm.gub.uy/geoportal/index.php/geoservicios/conceptos" "Mozilla/5.0 (Windows NT 6.1; rv:22.0) Gecko/20100101 Firefox/22.0"
200.55.140.181 - - [02/Jun/2013:13:20:23 -0300] "GET /geoportal/media/system/js/core.js HTTP/1.1" 200 2065 "http://www.sgm.gub.uy/geoportal/index.php/geoservicios/conceptos" "Mozilla/5.0 (Windows NT 6.1; rv:22.0) Gecko/20100101 Firefox/22.0"
200.55.140.181 - - [02/Jun/2013:13:20:24 -0300] "GET /geoportal/plugins/system/jat3/jat3/base-themes/default/css/usertools.css HTTP/1.1" 200 1427 "http://www.sgm.gub.uy/geoportal/index.php/geoservicios/conceptos" "Mozilla/5.0 (Windows NT 6.1; rv:22.0) Gecko/20100101 Firefox/22.0"
200.55.140.181 - - [02/Jun/2013:13:20:24 -0300] "GET /geoportal/templates/bt_arise/css/template.css HTTP/1.1" 200 8421 "http://www.sgm.gub.uy/geoportal/index.php/geoservicios/conceptos" "Mozilla/5.0 (Windows NT 6.1; rv:22.0) Gecko/20100101 Firefox/22.0"
200.55.140.181 - - [02/Jun/2013:13:20:24 -0300] "GET /geoportal/templates/bt_arise/css/layout.css HTTP/1.1" 200 906 "http://www.sgm.gub.uy/geoportal/index.php/geoservicios/conceptos" "Mozilla/5.0 (Windows NT 6.1; rv:22.0) Gecko/20100101 Firefox/22.0"
200.55.140.181 - - [02/Jun/2013:13:20:24 -0300] "GET /geoportal/templates/bt_arise/css/typo.css HTTP/1.1" 200 4182 "http://www.sgm.gub.uy/geoportal/index.php/geoservicios/conceptos" "Mozilla/5.0 (Windows NT 6.1; rv:22.0) Gecko/20100101 Firefox/22.0"
200.55.140.181 - - [02/Jun/2013:13:20:24 -0300] "GET /geoportal/plugins/system/jat3/jat3/base-themes/default/css/layout.css HTTP/1.1" 200 1312 "http://www.sgm.gub.uy/geoportal/index.php/geoservicios/conceptos" "Mozilla/5.0 (Windows NT 6.1; rv:22.0) Gecko/20100101 Firefox/22.0"
200.55.140.181 - - [02/Jun/2013:13:20:24 -0300] "GET /geoportal/plugins/system/jat3/jat3/base-themes/default/css/css3.css HTTP/1.1" 200 927 "http://www.sgm.gub.uy/geoportal/index.php/geoservicios/conceptos" "Mozilla/5.0 (Windows NT 6.1; rv:22.0) Gecko/20100101 Firefox/22.0"
200.55.140.181 - - [02/Jun/2013:13:20:24 -0300] "GET /geoportal/plugins/system/jat3/jat3/base-themes/default/css/template.css HTTP/1.1" 200 6390 "http://www.sgm.gub.uy/geoportal/index.php/geoservicios/conceptos" "Mozilla/5.0 (Windows NT 6.1; rv:22.0) Gecko/20100101 Firefox/22.0"
200.55.140.181 - - [02/Jun/2013:13:20:24 -0300] "GET /geoportal/media/system/js/mootools-core.js HTTP/1.1" 200 31452 "http://www.sgm.gub.uy/geoportal/index.php/geoservicios/conceptos" "Mozilla/5.0 (Windows NT 6.1; rv:22.0) Gecko/20100101 Firefox/22.0"
200.55.140.181 - - [02/Jun/2013:13:20:23 -0300] "GET /geoportal/media/system/js/mootools-more.js HTTP/1.1" 200 68454 "http://www.sgm.gub.uy/geoportal/index.php/geoservicios/conceptos" "Mozilla/5.0 (Windows NT 6.1; rv:22.0) Gecko/20100101 Firefox/22.0"
200.55.140.181 - - [02/Jun/2013:13:20:25 -0300] "GET /geoportal/plugins/system/jat3/jat3/base-themes/default/js/core.js HTTP/1.1" 200 2191 "http://www.sgm.gub.uy/geoportal/index.php/geoservicios/conceptos" "Mozilla/5.0 (Windows NT 6.1; rv:22.0) Gecko/20100101 Firefox/22.0"
200.55.140.181 - - [02/Jun/2013:13:20:22 -0300] "GET /geoportal/images/wfs.png HTTP/1.1" 200 107909 "http://www.google.com.cu/imgres?imgurl=http://www.sgm.gub.uy/geoportal/images/wfs.png&imgrefurl=http://www.sgm.gub.uy/geoportal/index.php/geoservicios/conceptos&usg=__Yg0v1zeHnMWPUSySLhGH2l7H9Cc=&h=288&w=842&sz=106&hl=es-419&start=6&zoom=1&tbnid=REg5s4KtH2PhNM:&tbnh=50&tbnw=145&ei=GHKrUZqFE8iFtAaX4IHIBQ&prev=/search%3Fq%3Doperaciones%2Bde%2BWFS%26hl%3Des-419%26biw%3D1280%26bih%3D651%26tbm%3Disch&itbs=1&sa=X&ved=0CDUQrQMwBQ" "Mozilla/5.0 (Windows NT 6.1; rv:22.0) Gecko/20100101 Firefox/22.0"
200.55.140.181 - - [02/Jun/2013:13:20:26 -0300] "GET /geoportal/media/system/js/caption.js HTTP/1.1" 200 754 "http://www.sgm.gub.uy/geoportal/index.php/geoservicios/conceptos" "Mozilla/5.0 (Windows NT 6.1; rv:22.0) Gecko/20100101 Firefox/22.0"
200.55.140.181 - - [02/Jun/2013:13:20:26 -0300] "GET /geoportal/templates/bt_arise/css/datatable.css HTTP/1.1" 200 1955 "http://www.sgm.gub.uy/geoportal/index.php/geoservicios/conceptos" "Mozilla/5.0 (Windows NT 6.1; rv:22.0) Gecko/20100101 Firefox/22.0"
200.55.140.181 - - [02/Jun/2013:13:20:27 -0300] "GET /geoportal/media/system/css/system.css HTTP/1.1" 200 886 "http://www.sgm.gub.uy/geoportal/templates/system/css/system.css" "Mozilla/5.0 (Windows NT 6.1; rv:22.0) Gecko/20100101 Firefox/22.0"
200.55.140.181 - - [02/Jun/2013:13:20:26 -0300] "GET /geoportal/templates/bt_arise/js/jquery.js HTTP/1.1" 200 33972 "http://www.sgm.gub.uy/geoportal/index.php/geoservicios/conceptos" "Mozilla/5.0 (Windows NT 6.1; rv:22.0) Gecko/20100101 Firefox/22.0"
200.55.140.181 - - [02/Jun/2013:13:20:25 -0300] "GET /geoportal/templates/bt_arise/js/curvycorners.src.js HTTP/1.1" 200 15884 "http://www.sgm.gub.uy/geoportal/index.php/geoservicios/conceptos" "Mozilla/5.0 (Windows NT 6.1; rv:22.0) Gecko/20100101 Firefox/22.0"
200.55.140.181 - - [02/Jun/2013:13:20:25 -0300] "GET /geoportal/templates/bt_arise/js/jquery.dataTables.js HTTP/1.1" 200 83696 "http://www.sgm.gub.uy/geoportal/index.php/geoservicios/conceptos" "Mozilla/5.0 (Windows NT 6.1; rv:22.0) Gecko/20100101 Firefox/22.0"
200.55.140.181 - - [02/Jun/2013:13:20:37 -0300] "GET /geoportal/media/system/images/arrow.png HTTP/1.1" 200 408 "http://www.sgm.gub.uy/geoportal/index.php/geoservicios/conceptos" "Mozilla/5.0 (Windows NT 6.1; rv:22.0) Gecko/20100101 Firefox/22.0"
200.55.140.181 - - [02/Jun/2013:13:20:38 -0300] "GET /geoportal/templates/bt_arise/images/bgd-wrapper.png HTTP/1.1" 200 465 "http://www.sgm.gub.uy/geoportal/templates/bt_arise/css/template.css" "Mozilla/5.0 (Windows NT 6.1; rv:22.0) Gecko/20100101 Firefox/22.0"
200.55.140.181 - - [02/Jun/2013:13:20:38 -0300] "GET /geoportal/templates/bt_arise/images/logo.png HTTP/1.1" 200 15313 "http://www.sgm.gub.uy/geoportal/templates/bt_arise/css/template.css" "Mozilla/5.0 (Windows NT 6.1; rv:22.0) Gecko/20100101 Firefox/22.0"
200.55.140.181 - - [02/Jun/2013:13:20:38 -0300] "GET /geoportal/templates/bt_arise/images/bgd-search-field.png HTTP/1.1" 200 719 "http://www.sgm.gub.uy/geoportal/templates/bt_arise/css/template.css" "Mozilla/5.0 (Windows NT 6.1; rv:22.0) Gecko/20100101 Firefox/22.0"
200.55.140.181 - - [02/Jun/2013:13:20:38 -0300] "GET /geoportal/templates/bt_arise/images/bgd-search-button.png HTTP/1.1" 200 1249 "http://www.sgm.gub.uy/geoportal/templates/bt_arise/css/template.css" "Mozilla/5.0 (Windows NT 6.1; rv:22.0) Gecko/20100101 Firefox/22.0"
200.55.140.181 - - [02/Jun/2013:13:20:38 -0300] "GET /geoportal/templates/bt_arise/images/bgd-left-module-h3.png HTTP/1.1" 200 1264 "http://www.sgm.gub.uy/geoportal/templates/bt_arise/css/template.css" "Mozilla/5.0 (Windows NT 6.1; rv:22.0) Gecko/20100101 Firefox/22.0"
200.55.140.181 - - [02/Jun/2013:13:20:38 -0300] "GET /geoportal/templates/bt_arise/images/bgd-pathway.png HTTP/1.1" 200 676 "http://www.sgm.gub.uy/geoportal/templates/bt_arise/css/template.css" "Mozilla/5.0 (Windows NT 6.1; rv:22.0) Gecko/20100101 Firefox/22.0"
200.55.140.181 - - [02/Jun/2013:13:20:38 -0300] "GET /geoportal/templates/bt_arise/images/home-icon.png HTTP/1.1" 200 759 "http://www.sgm.gub.uy/geoportal/templates/bt_arise/css/template.css" "Mozilla/5.0 (Windows NT 6.1; rv:22.0) Gecko/20100101 Firefox/22.0"
200.55.140.181 - - [02/Jun/2013:13:20:38 -0300] "GET /geoportal/templates/bt_arise/images/bgd-bottom-r.png HTTP/1.1" 200 1227 "http://www.sgm.gub.uy/geoportal/templates/bt_arise/css/template.css" "Mozilla/5.0 (Windows NT 6.1; rv:22.0) Gecko/20100101 Firefox/22.0"
200.55.140.181 - - [02/Jun/2013:13:20:38 -0300] "GET /geoportal/templates/bt_arise/images/bgd-bottom.png HTTP/1.1" 200 1559 "http://www.sgm.gub.uy/geoportal/templates/bt_arise/css/template.css" "Mozilla/5.0 (Windows NT 6.1; rv:22.0) Gecko/20100101 Firefox/22.0"
200.55.140.181 - - [02/Jun/2013:13:20:39 -0300] "GET /geoportal/templates/bt_arise/images/bgd_left.jpg HTTP/1.1" 200 880 "http://www.sgm.gub.uy/geoportal/templates/bt_arise/css/template.css" "Mozilla/5.0 (Windows NT 6.1; rv:22.0) Gecko/20100101 Firefox/22.0"
200.55.140.181 - - [02/Jun/2013:13:20:39 -0300] "GET /geoportal/templates/bt_arise/images/bgd-module-h3.png HTTP/1.1" 200 1415 "http://www.sgm.gub.uy/geoportal/templates/bt_arise/css/template.css" "Mozilla/5.0 (Windows NT 6.1; rv:22.0) Gecko/20100101 Firefox/22.0"
200.55.140.181 - - [02/Jun/2013:13:20:39 -0300] "GET /geoportal/plugins/system/jat3/jat3/base-themes/default/images/arrow.png HTTP/1.1" 200 445 "http://www.sgm.gub.uy/geoportal/plugins/system/jat3/jat3/base-themes/default/css/template.css" "Mozilla/5.0 (Windows NT 6.1; rv:22.0) Gecko/20100101 Firefox/22.0"
127.0.0.1 - - [02/Jun/2013:13:20:39 -0300] "OPTIONS * HTTP/1.0" 200 167 "-" "Apache/2.2.14 (Ubuntu) (internal dummy connection)"
200.55.140.181 - - [02/Jun/2013:13:20:38 -0300] "GET /geoportal/templates/bt_arise/images/bgd-wrapper-inner.png HTTP/1.1" 200 45695 "http://www.sgm.gub.uy/geoportal/templates/bt_arise/css/template.css" "Mozilla/5.0 (Windows NT 6.1; rv:22.0) Gecko/20100101 Firefox/22.0"
127.0.0.1 - - [02/Jun/2013:13:20:40 -0300] "OPTIONS * HTTP/1.0" 200 167 "-" "Apache/2.2.14 (Ubuntu) (internal dummy connection)"
127.0.0.1 - - [02/Jun/2013:13:20:41 -0300] "OPTIONS * HTTP/1.0" 200 167 "-" "Apache/2.2.14 (Ubuntu) (internal dummy connection)"
127.0.0.1 - - [02/Jun/2013:13:20:42 -0300] "OPTIONS * HTTP/1.0" 200 167 "-" "Apache/2.2.14 (Ubuntu) (internal dummy connection)"
127.0.0.1 - - [02/Jun/2013:13:20:43 -0300] "OPTIONS * HTTP/1.0" 200 167 "-" "Apache/2.2.14 (Ubuntu) (internal dummy connection)"
127.0.0.1 - - [02/Jun/2013:13:20:44 -0300] "OPTIONS * HTTP/1.0" 200 167 "-" "Apache/2.2.14 (Ubuntu) (internal dummy connection)"
200.55.140.181 - - [02/Jun/2013:13:20:46 -0300] "GET /geoportal/index.php/geoservicios/conceptos HTTP/1.1" 200 3996 "http://www.google.com.cu/imgres?imgurl=http://www.sgm.gub.uy/geoportal/images/wfs.png&imgrefurl=http://www.sgm.gub.uy/geoportal/index.php/geoservicios/conceptos&usg=__Yg0v1zeHnMWPUSySLhGH2l7H9Cc=&h=288&w=842&sz=106&hl=es-419&start=6&zoom=1&tbnid=REg5s4KtH2PhNM:&tbnh=50&tbnw=145&ei=GHKrUZqFE8iFtAaX4IHIBQ&prev=/search%3Fq%3Doperaciones%2Bde%2BWFS%26hl%3Des-419%26biw%3D1280%26bih%3D651%26tbm%3Disch&itbs=1&sa=X&ved=0CDUQrQMwBQ" "Mozilla/5.0 (Windows NT 6.1; rv:22.0) Gecko/20100101 Firefox/22.0"
200.55.140.181 - - [02/Jun/2013:13:20:37 -0300] "GET /geoportal/images/wms.png HTTP/1.1" 200 241500 "http://www.sgm.gub.uy/geoportal/index.php/geoservicios/conceptos" "Mozilla/5.0 (Windows NT 6.1; rv:22.0) Gecko/20100101 Firefox/22.0"
200.55.140.181 - - [02/Jun/2013:13:20:48 -0300] "GET /geoportal/plugins/system/jat3/jat3/base-themes/default/images/favicon.ico HTTP/1.1" 200 1445 "-" "Mozilla/5.0 (Windows NT 6.1; rv:22.0) Gecko/20100101 Firefox/22.0"
127.0.0.1 - - [02/Jun/2013:13:20:48 -0300] "OPTIONS * HTTP/1.0" 200 167 "-" "Apache/2.2.14 (Ubuntu) (internal dummy connection)"
127.0.0.1 - - [02/Jun/2013:13:20:54 -0300] "OPTIONS * HTTP/1.0" 200 167 "-" "Apache/2.2.14 (Ubuntu) (internal dummy connection)"
127.0.0.1 - - [02/Jun/2013:13:20:55 -0300] "OPTIONS * HTTP/1.0" 200 167 "-" "Apache/2.2.14 (Ubuntu) (internal dummy connection)"
200.55.140.181 - - [02/Jun/2013:13:20:48 -0300] "GET /geoportal/images/wms.png HTTP/1.1" 200 293874 "http://www.sgm.gub.uy/geoportal/index.php/geoservicios/conceptos" "Mozilla/5.0 (Windows NT 6.1; rv:22.0) Gecko/20100101 Firefox/22.0"
127.0.0.1 - - [02/Jun/2013:13:20:56 -0300] "OPTIONS * HTTP/1.0" 200 167 "-" "Apache/2.2.14 (Ubuntu) (internal dummy connection)"
127.0.0.1 - - [02/Jun/2013:13:20:57 -0300] "OPTIONS * HTTP/1.0" 200 167 "-" "Apache/2.2.14 (Ubuntu) (internal dummy connection)"
127.0.0.1 - - [02/Jun/2013:13:20:58 -0300] "OPTIONS * HTTP/1.0" 200 167 "-" "Apache/2.2.14 (Ubuntu) (internal dummy connection)"
127.0.0.1 - - [02/Jun/2013:13:20:59 -0300] "OPTIONS * HTTP/1.0" 200 167 "-" "Apache/2.2.14 (Ubuntu) (internal dummy connection)"
127.0.0.1 - - [02/Jun/2013:13:21:04 -0300] "OPTIONS * HTTP/1.0" 200 167 "-" "Apache/2.2.14 (Ubuntu) (internal dummy connection)"
127.0.0.1 - - [02/Jun/2013:13:21:11 -0300] "OPTIONS * HTTP/1.0" 200 167 "-" "Apache/2.2.14 (Ubuntu) (internal dummy connection)"
180.76.5.156 - - [02/Jun/2013:13:21:15 -0300] "GET /index.php/component/search/?Itemid=164&catid=38&id=69&format=opensearch HTTP/1.1" 200 1482 "-" "Mozilla/5.0 (compatible; Baiduspider/2.0; +http://www.baidu.com/search/spider.html)"
66.249.72.10 - - [02/Jun/2013:13:23:45 -0300] "GET /geoportal/datos/cartas/L/L-24.pdf HTTP/1.1" 200 1368691 "-" "Mozilla/5.0 (iPhone; U; CPU iPhone OS 4_1 like Mac OS X; en-us) AppleWebKit/532.9 (KHTML, like Gecko) Version/4.0.5 Mobile/8B117 Safari/6531.22.7 (compatible; Googlebot-Mobile/2.1; +http://www.google.com/bot.html)"
66.249.72.212 - - [02/Jun/2013:13:24:14 -0300] "GET /index.php/component/content/article/38-noticias/75-99aniversario HTTP/1.1" 200 9164 "-" "Mozilla/5.0 (compatible; Googlebot/2.1; +http://www.google.com/bot.html)"
180.76.5.143 - - [02/Jun/2013:13:24:22 -0300] "GET /index.php/component/search/?Itemid=164&catid=19&id=43&format=opensearch HTTP/1.1" 200 1482 "-" "Mozilla/5.0 (compatible; Baiduspider/2.0; +http://www.baidu.com/search/spider.html)"
66.249.72.212 - - [02/Jun/2013:13:25:03 -0300] "GET /geoportal/index.php/2-uncategorised?limit=1&start=6 HTTP/1.1" 200 4959 "-" "Mozilla/5.0 (compatible; Googlebot/2.1; +http://www.google.com/bot.html)"
180.76.5.16 - - [02/Jun/2013:13:30:35 -0300] "GET /index.php/component/search/?Itemid=166&id=18&format=opensearch HTTP/1.1" 200 1470 "-" "Mozilla/5.0 (compatible; Baiduspider/2.0; +http://www.baidu.com/search/spider.html)"
180.76.5.181 - - [02/Jun/2013:13:33:42 -0300] "GET /index.php/component/mailto/?tmpl=component&template=bt_arise&link=79d21e7ad1865c9b54e82a8ec15a88333a89cec8 HTTP/1.1" 200 2290 "-" "Mozilla/5.0 (compatible; Baiduspider/2.0; +http://www.baidu.com/search/spider.html)"
199.30.20.113 - - [02/Jun/2013:13:35:41 -0300] "GET /robots.txt HTTP/1.1" 200 718 "-" "msnbot-media/1.1 (+http://search.msn.com/msnbot.htm)"
180.76.5.20 - - [02/Jun/2013:13:36:48 -0300] "GET /index.php/component/search/?Itemid=165&catid=38&format=opensearch HTTP/1.1" 200 1473 "-" "Mozilla/5.0 (compatible; Baiduspider/2.0; +http://www.baidu.com/search/spider.html)"
66.249.72.10 - - [02/Jun/2013:13:41:37 -0300] "GET /index.php/informacion-territorial/limites-con-argentina HTTP/1.1" 200 7867 "-" "Mozilla/5.0 (iPhone; U; CPU iPhone OS 4_1 like Mac OS X; en-us) AppleWebKit/532.9 (KHTML, like Gecko) Version/4.0.5 Mobile/8B117 Safari/6531.22.7 (compatible; Googlebot-Mobile/2.1; +http://www.google.com/bot.html)"
190.64.2.162 - - [02/Jun/2013:13:41:47 -0300] "GET /robots.txt HTTP/1.0" 200 718 "-" "agesic-crawler (Enterprise; T3-RG6J9B6XL6A3K; fabricio.alvarez@agesic.gub.uy,sestevez@hg.com.uy,sperez@hg.com.uy,gbartolomeo@at.com.uy,xavier.verdino@pyxisportal.com,alertasnoc@hg.com.uy)"
190.64.2.162 - - [02/Jun/2013:13:41:50 -0300] "GET /index.php?option=com_content&view=article&id=94&catid=49 HTTP/1.0" 200 10075 "-" "agesic-crawler (Enterprise; T3-RG6J9B6XL6A3K; fabricio.alvarez@agesic.gub.uy,sestevez@hg.com.uy,sperez@hg.com.uy,gbartolomeo@at.com.uy,xavier.verdino@pyxisportal.com,alertasnoc@hg.com.uy)"
190.64.2.162 - - [02/Jun/2013:13:41:57 -0300] "GET /robots.txt HTTP/1.0" 200 718 "-" "agesic-crawler (Enterprise; T3-RG6J9B6XL6A3K; fabricio.alvarez@agesic.gub.uy,sestevez@hg.com.uy,sperez@hg.com.uy,gbartolomeo@at.com.uy,xavier.verdino@pyxisportal.com,alertasnoc@hg.com.uy)"
190.64.2.162 - - [02/Jun/2013:13:41:57 -0300] "GET /index.php/component/jevents/month.calendar/2013/05/30/48?Itemid=1 HTTP/1.0" 200 9492 "-" "agesic-crawler (Enterprise; T3-RG6J9B6XL6A3K; fabricio.alvarez@agesic.gub.uy,sestevez@hg.com.uy,sperez@hg.com.uy,gbartolomeo@at.com.uy,xavier.verdino@pyxisportal.com,alertasnoc@hg.com.uy)"
180.76.5.94 - - [02/Jun/2013:13:43:02 -0300] "GET /index.php/component/search/?Itemid=167&catid=38&id=83&format=opensearch HTTP/1.1" 200 1482 "-" "Mozilla/5.0 (compatible; Baiduspider/2.0; +http://www.baidu.com/search/spider.html)"
180.76.5.150 - - [02/Jun/2013:13:46:08 -0300] "GET /index.php/component/search/?Itemid=168&catid=25&format=opensearch HTTP/1.1" 200 1472 "-" "Mozilla/5.0 (compatible; Baiduspider/2.0; +http://www.baidu.com/search/spider.html)"
202.46.50.15 - - [02/Jun/2013:13:48:19 -0300] "GET / HTTP/1.1" 200 12420 "-" "Mozilla/4.0 (compatible; MSIE 7.0; Windows NT 6.0)"
119.63.193.194 - - [02/Jun/2013:13:48:56 -0300] "GET / HTTP/1.1" 200 12420 "-" "Mozilla/4.0 (compatible; MSIE 7.0; Windows NT 6.0)"
180.76.5.140 - - [02/Jun/2013:13:49:15 -0300] "GET /index.php/component/search/?Itemid=167&id=35&format=opensearch HTTP/1.1" 200 1469 "-" "Mozilla/5.0 (compatible; Baiduspider/2.0; +http://www.baidu.com/search/spider.html)"
66.249.72.10 - - [02/Jun/2013:13:49:16 -0300] "GET /index.php/component/content/category/38-noticias?format=feed&type=rss HTTP/1.1" 200 6663 "-" "Mozilla/5.0 (compatible; Googlebot/2.1; +http://www.google.com/bot.html)"
66.249.72.10 - - [02/Jun/2013:13:49:42 -0300] "GET /index.php/informacion-territorial/situacion-geografica/50-institucion/laboratorio/67-latingeo HTTP/1.1" 200 6494 "-" "Mozilla/5.0 (iPhone; U; CPU iPhone OS 4_1 like Mac OS X; en-us) AppleWebKit/532.9 (KHTML, like Gecko) Version/4.0.5 Mobile/8B117 Safari/6531.22.7 (compatible; Googlebot-Mobile/2.1; +http://www.google.com/bot.html)"
66.249.72.10 - - [02/Jun/2013:13:51:17 -0300] "GET /institucional/index.php/documentos/doc_download/63-cv-e-gambaro HTTP/1.1" 200 40099 "-" "Mozilla/5.0 (compatible; Googlebot/2.1; +http://www.google.com/bot.html)"
66.249.72.10 - - [02/Jun/2013:13:51:26 -0300] "GET /index.php/42-general/63-aviso-legal HTTP/1.1" 200 5685 "-" "Mozilla/5.0 (iPhone; U; CPU iPhone OS 4_1 like Mac OS X; en-us) AppleWebKit/532.9 (KHTML, like Gecko) Version/4.0.5 Mobile/8B117 Safari/6531.22.7 (compatible; Googlebot-Mobile/2.1; +http://www.google.com/bot.html)"
180.76.6.16 - - [02/Jun/2013:13:52:22 -0300] "GET /index.php/component/search/?Itemid=167&catid=42&id=63&format=opensearch HTTP/1.1" 200 1483 "-" "Mozilla/5.0 (compatible; Baiduspider/2.0; +http://www.baidu.com/search/spider.html)"
66.249.72.212 - - [02/Jun/2013:13:55:03 -0300] "GET /geoportal/index.php/2-uncategorised?limit=1&format=feed&type=rss HTTP/1.1" 200 1500 "-" "Mozilla/5.0 (compatible; Googlebot/2.1; +http://www.google.com/bot.html)"
200.55.38.123 - - [02/Jun/2013:13:58:11 -0300] "GET /DPTO_UYFD.cgi?TYPE=png&VISIBILITY=false&OPACITY=10&TRANSPARENT=TRUE&ISBASELAYER=false&DELTAX=0.0013&DELTAY=0.00058&SERVICE=WMS&VERSION=1.1.1&REQUEST=GetLegendGraphic&EXCEPTIONS=application%2Fvnd.ogc.se_xml&LAYER=CERCO_ALAMBRADA_AL070-CPA&SCALE=443744272.74185663&FORMAT=image%2Fgif HTTP/1.1" 200 571 "-" "Mozilla/4.0 (compatible;)"
180.76.5.113 - - [02/Jun/2013:13:58:35 -0300] "GET /index.php/component/mailto/?tmpl=component&template=bt_arise&link=a5c47269288044f3752fa0f2f47387850a474fdd HTTP/1.1" 200 2291 "-" "Mozilla/5.0 (compatible; Baiduspider/2.0; +http://www.baidu.com/search/spider.html)"
123.125.71.77 - - [02/Jun/2013:13:59:05 -0300] "GET / HTTP/1.1" 200 12420 "-" "Mozilla/5.0 (compatible; Baiduspider/2.0; +http://www.baidu.com/search/spider.html)"
66.249.72.10 - - [02/Jun/2013:13:59:51 -0300] "GET /index.php/2011-12-20-17-36-02/historial-de-noticias/51-bahia HTTP/1.1" 200 6132 "-" "Mozilla/5.0 (iPhone; U; CPU iPhone OS 4_1 like Mac OS X; en-us) AppleWebKit/532.9 (KHTML, like Gecko) Version/4.0.5 Mobile/8B117 Safari/6531.22.7 (compatible; Googlebot-Mobile/2.1; +http://www.google.com/bot.html)"
180.76.5.149 - - [02/Jun/2013:14:01:42 -0300] "GET /index.php/component/search/?Itemid=212&id=38&format=opensearch HTTP/1.1" 200 1469 "-" "Mozilla/5.0 (compatible; Baiduspider/2.0; +http://www.baidu.com/search/spider.html)"
180.76.5.179 - - [02/Jun/2013:14:04:48 -0300] "GET /index.php/component/search/?limit=5&limitstart=0&order=date&dir=ASC&task=cat_view&gid=1&format=opensearch HTTP/1.1" 200 1528 "-" "Mozilla/5.0 (compatible; Baiduspider/2.0; +http://www.baidu.com/search/spider.html)"
220.181.108.152 - - [02/Jun/2013:14:05:48 -0300] "GET / HTTP/1.1" 200 12420 "-" "Mozilla/5.0 (compatible; Baiduspider/2.0; +http://www.baidu.com/search/spider.html)"
190.64.2.162 - - [02/Jun/2013:14:11:46 -0300] "GET /robots.txt HTTP/1.0" 200 718 "-" "agesic-crawler (Enterprise; T3-RG6J9B6XL6A3K; fabricio.alvarez@agesic.gub.uy,sestevez@hg.com.uy,sperez@hg.com.uy,gbartolomeo@at.com.uy,xavier.verdino@pyxisportal.com,alertasnoc@hg.com.uy)"
190.64.2.162 - - [02/Jun/2013:14:11:46 -0300] "GET /index.php/component/jevents/month.calendar/2013/05/25/48?Itemid=1 HTTP/1.0" 200 9489 "-" "agesic-crawler (Enterprise; T3-RG6J9B6XL6A3K; fabricio.alvarez@agesic.gub.uy,sestevez@hg.com.uy,sperez@hg.com.uy,gbartolomeo@at.com.uy,xavier.verdino@pyxisportal.com,alertasnoc@hg.com.uy)"
180.76.5.58 - - [02/Jun/2013:14:11:46 -0300] "GET /index.php/component/search/?limit=5&order=date&dir=DESC&Itemid=132&task=cat_view&gid=2&format=opensearch HTTP/1.1" 200 1527 "-" "Mozilla/5.0 (compatible; Baiduspider/2.0; +http://www.baidu.com/search/spider.html)"
190.64.2.162 - - [02/Jun/2013:14:11:48 -0300] "GET /robots.txt HTTP/1.0" 200 718 "-" "agesic-crawler (Enterprise; T3-RG6J9B6XL6A3K; fabricio.alvarez@agesic.gub.uy,sestevez@hg.com.uy,sperez@hg.com.uy,gbartolomeo@at.com.uy,xavier.verdino@pyxisportal.com,alertasnoc@hg.com.uy)"
190.64.2.162 - - [02/Jun/2013:14:11:48 -0300] "GET /index.php/component/jevents/month.calendar/2013/05/28/48?Itemid=1 HTTP/1.0" 200 9487 "-" "agesic-crawler (Enterprise; T3-RG6J9B6XL6A3K; fabricio.alvarez@agesic.gub.uy,sestevez@hg.com.uy,sperez@hg.com.uy,gbartolomeo@at.com.uy,xavier.verdino@pyxisportal.com,alertasnoc@hg.com.uy)"
189.251.31.254 - - [02/Jun/2013:14:11:46 -0300] "GET /institucional/images/organigrama.jpg HTTP/1.1" 200 340396 "-" "Dalvik/1.6.0 (Linux; U; Android 4.1.1; SGH-I747M Build/JRO03L)"
186.52.53.254 - - [02/Jun/2013:14:13:26 -0300] "GET /index.php/informacion-territorial/limites-con-argentina HTTP/1.1" 200 10364 "https://www.google.com.uy/" "Mozilla/5.0 (Windows NT 6.1) AppleWebKit/537.36 (KHTML, like Gecko) Chrome/27.0.1453.94 Safari/537.36"
186.52.53.254 - - [02/Jun/2013:14:13:27 -0300] "GET /plugins/system/jcemediabox/themes/standard/css/style.css HTTP/1.1" 200 1803 "http://www.sgm.gub.uy/index.php/informacion-territorial/limites-con-argentina" "Mozilla/5.0 (Windows NT 6.1) AppleWebKit/537.36 (KHTML, like Gecko) Chrome/27.0.1453.94 Safari/537.36"
186.52.53.254 - - [02/Jun/2013:14:13:27 -0300] "GET /templates/system/css/system.css HTTP/1.1" 200 760 "http://www.sgm.gub.uy/index.php/informacion-territorial/limites-con-argentina" "Mozilla/5.0 (Windows NT 6.1) AppleWebKit/537.36 (KHTML, like Gecko) Chrome/27.0.1453.94 Safari/537.36"
186.52.53.254 - - [02/Jun/2013:14:13:27 -0300] "GET /templates/system/css/general.css HTTP/1.1" 200 1219 "http://www.sgm.gub.uy/index.php/informacion-territorial/limites-con-argentina" "Mozilla/5.0 (Windows NT 6.1) AppleWebKit/537.36 (KHTML, like Gecko) Chrome/27.0.1453.94 Safari/537.36"
186.52.53.254 - - [02/Jun/2013:14:13:27 -0300] "GET /plugins/content/bt_socialshare/assets/bt_socialshare.css HTTP/1.1" 200 455 "http://www.sgm.gub.uy/index.php/informacion-territorial/limites-con-argentina" "Mozilla/5.0 (Windows NT 6.1) AppleWebKit/537.36 (KHTML, like Gecko) Chrome/27.0.1453.94 Safari/537.36"
186.52.53.254 - - [02/Jun/2013:14:13:27 -0300] "GET /components/com_jevents/views/geraint/assets/css/modstyle.css HTTP/1.1" 200 1038 "http://www.sgm.gub.uy/index.php/informacion-territorial/limites-con-argentina" "Mozilla/5.0 (Windows NT 6.1) AppleWebKit/537.36 (KHTML, like Gecko) Chrome/27.0.1453.94 Safari/537.36"
186.52.53.254 - - [02/Jun/2013:14:13:27 -0300] "GET /modules/mod_stalker/assets/css/stalker.css HTTP/1.1" 200 769 "http://www.sgm.gub.uy/index.php/informacion-territorial/limites-con-argentina" "Mozilla/5.0 (Windows NT 6.1) AppleWebKit/537.36 (KHTML, like Gecko) Chrome/27.0.1453.94 Safari/537.36"
186.52.53.254 - - [02/Jun/2013:14:13:27 -0300] "GET /plugins/system/jat3/jat3/base-themes/default/css/typo.css HTTP/1.1" 200 2521 "http://www.sgm.gub.uy/index.php/informacion-territorial/limites-con-argentina" "Mozilla/5.0 (Windows NT 6.1) AppleWebKit/537.36 (KHTML, like Gecko) Chrome/27.0.1453.94 Safari/537.36"
186.52.53.254 - - [02/Jun/2013:14:13:27 -0300] "GET /plugins/system/jat3/jat3/base-themes/default/css/addons.css HTTP/1.1" 200 1488 "http://www.sgm.gub.uy/index.php/informacion-territorial/limites-con-argentina" "Mozilla/5.0 (Windows NT 6.1) AppleWebKit/537.36 (KHTML, like Gecko) Chrome/27.0.1453.94 Safari/537.36"
186.52.53.254 - - [02/Jun/2013:14:13:27 -0300] "GET /plugins/system/jat3/jat3/base-themes/default/css/layout.css HTTP/1.1" 200 1312 "http://www.sgm.gub.uy/index.php/informacion-territorial/limites-con-argentina" "Mozilla/5.0 (Windows NT 6.1) AppleWebKit/537.36 (KHTML, like Gecko) Chrome/27.0.1453.94 Safari/537.36"
186.52.53.254 - - [02/Jun/2013:14:13:27 -0300] "GET /plugins/system/jat3/jat3/base-themes/default/css/template.css HTTP/1.1" 200 6390 "http://www.sgm.gub.uy/index.php/informacion-territorial/limites-con-argentina" "Mozilla/5.0 (Windows NT 6.1) AppleWebKit/537.36 (KHTML, like Gecko) Chrome/27.0.1453.94 Safari/537.36"
186.52.53.254 - - [02/Jun/2013:14:13:27 -0300] "GET /plugins/system/jat3/jat3/base-themes/default/css/usertools.css HTTP/1.1" 200 1430 "http://www.sgm.gub.uy/index.php/informacion-territorial/limites-con-argentina" "Mozilla/5.0 (Windows NT 6.1) AppleWebKit/537.36 (KHTML, like Gecko) Chrome/27.0.1453.94 Safari/537.36"
186.52.53.254 - - [02/Jun/2013:14:13:28 -0300] "GET /plugins/system/jat3/jat3/base-themes/default/css/css3.css HTTP/1.1" 200 927 "http://www.sgm.gub.uy/index.php/informacion-territorial/limites-con-argentina" "Mozilla/5.0 (Windows NT 6.1) AppleWebKit/537.36 (KHTML, like Gecko) Chrome/27.0.1453.94 Safari/537.36"
186.52.53.254 - - [02/Jun/2013:14:13:28 -0300] "GET /plugins/system/jat3/jat3/base-themes/default/css/menu/mega.css HTTP/1.1" 200 1642 "http://www.sgm.gub.uy/index.php/informacion-territorial/limites-con-argentina" "Mozilla/5.0 (Windows NT 6.1) AppleWebKit/537.36 (KHTML, like Gecko) Chrome/27.0.1453.94 Safari/537.36"
186.52.53.254 - - [02/Jun/2013:14:13:28 -0300] "GET /templates/bt_arise/css/typo.css HTTP/1.1" 200 4181 "http://www.sgm.gub.uy/index.php/informacion-territorial/limites-con-argentina" "Mozilla/5.0 (Windows NT 6.1) AppleWebKit/537.36 (KHTML, like Gecko) Chrome/27.0.1453.94 Safari/537.36"
186.52.53.254 - - [02/Jun/2013:14:13:28 -0300] "GET /plugins/system/jcemediabox/css/jcemediabox.css HTTP/1.1" 200 1593 "http://www.sgm.gub.uy/index.php/informacion-territorial/limites-con-argentina" "Mozilla/5.0 (Windows NT 6.1) AppleWebKit/537.36 (KHTML, like Gecko) Chrome/27.0.1453.94 Safari/537.36"
186.52.53.254 - - [02/Jun/2013:14:13:28 -0300] "GET /templates/bt_arise/css/layout.css HTTP/1.1" 200 905 "http://www.sgm.gub.uy/index.php/informacion-territorial/limites-con-argentina" "Mozilla/5.0 (Windows NT 6.1) AppleWebKit/537.36 (KHTML, like Gecko) Chrome/27.0.1453.94 Safari/537.36"
186.52.53.254 - - [02/Jun/2013:14:13:28 -0300] "GET /templates/bt_arise/css/template.css HTTP/1.1" 200 7907 "http://www.sgm.gub.uy/index.php/informacion-territorial/limites-con-argentina" "Mozilla/5.0 (Windows NT 6.1) AppleWebKit/537.36 (KHTML, like Gecko) Chrome/27.0.1453.94 Safari/537.36"
186.52.53.254 - - [02/Jun/2013:14:13:28 -0300] "GET /templates/bt_arise/css/menu/mega.css HTTP/1.1" 200 1331 "http://www.sgm.gub.uy/index.php/informacion-territorial/limites-con-argentina" "Mozilla/5.0 (Windows NT 6.1) AppleWebKit/537.36 (KHTML, like Gecko) Chrome/27.0.1453.94 Safari/537.36"
186.52.53.254 - - [02/Jun/2013:14:13:28 -0300] "GET /templates/bt_arise/core/themes/blue/css/template.css HTTP/1.1" 200 2227 "http://www.sgm.gub.uy/index.php/informacion-territorial/limites-con-argentina" "Mozilla/5.0 (Windows NT 6.1) AppleWebKit/537.36 (KHTML, like Gecko) Chrome/27.0.1453.94 Safari/537.36"
186.52.53.254 - - [02/Jun/2013:14:13:28 -0300] "GET /templates/bt_arise/core/themes/blue/css/menu/mega.css HTTP/1.1" 200 686 "http://www.sgm.gub.uy/index.php/informacion-territorial/limites-con-argentina" "Mozilla/5.0 (Windows NT 6.1) AppleWebKit/537.36 (KHTML, like Gecko) Chrome/27.0.1453.94 Safari/537.36"
186.52.53.254 - - [02/Jun/2013:14:13:28 -0300] "GET /media/system/css/system.css HTTP/1.1" 200 885 "http://www.sgm.gub.uy/index.php/informacion-territorial/limites-con-argentina" "Mozilla/5.0 (Windows NT 6.1) AppleWebKit/537.36 (KHTML, like Gecko) Chrome/27.0.1453.94 Safari/537.36"
186.52.53.254 - - [02/Jun/2013:14:13:28 -0300] "GET /plugins/system/jcemediabox/js/mediaobject.js?v=1017 HTTP/1.1" 200 1623 "http://www.sgm.gub.uy/index.php/informacion-territorial/limites-con-argentina" "Mozilla/5.0 (Windows NT 6.1) AppleWebKit/537.36 (KHTML, like Gecko) Chrome/27.0.1453.94 Safari/537.36"
186.52.53.254 - - [02/Jun/2013:14:13:28 -0300] "GET /plugins/system/jcemediabox/addons/default.js?v=1017 HTTP/1.1" 200 1082 "http://www.sgm.gub.uy/index.php/informacion-territorial/limites-con-argentina" "Mozilla/5.0 (Windows NT 6.1) AppleWebKit/537.36 (KHTML, like Gecko) Chrome/27.0.1453.94 Safari/537.36"
186.52.53.254 - - [02/Jun/2013:14:13:28 -0300] "GET /media/system/js/core.js HTTP/1.1" 200 2064 "http://www.sgm.gub.uy/index.php/informacion-territorial/limites-con-argentina" "Mozilla/5.0 (Windows NT 6.1) AppleWebKit/537.36 (KHTML, like Gecko) Chrome/27.0.1453.94 Safari/537.36"
186.52.53.254 - - [02/Jun/2013:14:13:28 -0300] "GET /plugins/system/jcemediabox/js/jcemediabox.js?v=1017 HTTP/1.1" 200 13670 "http://www.sgm.gub.uy/index.php/informacion-territorial/limites-con-argentina" "Mozilla/5.0 (Windows NT 6.1) AppleWebKit/537.36 (KHTML, like Gecko) Chrome/27.0.1453.94 Safari/537.36"
186.52.53.254 - - [02/Jun/2013:14:13:28 -0300] "GET /plugins/system/jat3/jat3/base-themes/default/js/core.js HTTP/1.1" 200 2198 "http://www.sgm.gub.uy/index.php/informacion-territorial/limites-con-argentina" "Mozilla/5.0 (Windows NT 6.1) AppleWebKit/537.36 (KHTML, like Gecko) Chrome/27.0.1453.94 Safari/537.36"
186.52.53.254 - - [02/Jun/2013:14:13:28 -0300] "GET /plugins/system/jat3/jat3/base-themes/default/js/menu/mega.js HTTP/1.1" 200 5190 "http://www.sgm.gub.uy/index.php/informacion-territorial/limites-con-argentina" "Mozilla/5.0 (Windows NT 6.1) AppleWebKit/537.36 (KHTML, like Gecko) Chrome/27.0.1453.94 Safari/537.36"
186.52.53.254 - - [02/Jun/2013:14:13:30 -0300] "GET /media/system/js/caption.js HTTP/1.1" 200 752 "http://www.sgm.gub.uy/index.php/informacion-territorial/limites-con-argentina" "Mozilla/5.0 (Windows NT 6.1) AppleWebKit/537.36 (KHTML, like Gecko) Chrome/27.0.1453.94 Safari/537.36"
186.52.53.254 - - [02/Jun/2013:14:13:29 -0300] "GET /templates/bt_arise/js/curvycorners.src.js HTTP/1.1" 200 15883 "http://www.sgm.gub.uy/index.php/informacion-territorial/limites-con-argentina" "Mozilla/5.0 (Windows NT 6.1) AppleWebKit/537.36 (KHTML, like Gecko) Chrome/27.0.1453.94 Safari/537.36"
186.52.53.254 - - [02/Jun/2013:14:13:29 -0300] "GET /templates/bt_arise/js/jquery-1.6.2.min.js HTTP/1.1" 200 32440 "http://www.sgm.gub.uy/index.php/informacion-territorial/limites-con-argentina" "Mozilla/5.0 (Windows NT 6.1) AppleWebKit/537.36 (KHTML, like Gecko) Chrome/27.0.1453.94 Safari/537.36"
186.52.53.254 - - [02/Jun/2013:14:13:28 -0300] "GET /media/system/js/mootools-core.js HTTP/1.1" 200 31450 "http://www.sgm.gub.uy/index.php/informacion-territorial/limites-con-argentina" "Mozilla/5.0 (Windows NT 6.1) AppleWebKit/537.36 (KHTML, like Gecko) Chrome/27.0.1453.94 Safari/537.36"
186.52.53.254 - - [02/Jun/2013:14:13:28 -0300] "GET /media/system/js/mootools-more.js HTTP/1.1" 200 68452 "http://www.sgm.gub.uy/index.php/informacion-territorial/limites-con-argentina" "Mozilla/5.0 (Windows NT 6.1) AppleWebKit/537.36 (KHTML, like Gecko) Chrome/27.0.1453.94 Safari/537.36"
186.52.53.254 - - [02/Jun/2013:14:13:33 -0300] "GET /modules/mod_gtranslate/tmpl/lang/blank.png HTTP/1.1" 200 383 "http://www.sgm.gub.uy/index.php/informacion-territorial/limites-con-argentina" "Mozilla/5.0 (Windows NT 6.1) AppleWebKit/537.36 (KHTML, like Gecko) Chrome/27.0.1453.94 Safari/537.36"
186.52.53.254 - - [02/Jun/2013:14:13:33 -0300] "GET /media/system/images/arrow.png HTTP/1.1" 200 406 "http://www.sgm.gub.uy/index.php/informacion-territorial/limites-con-argentina" "Mozilla/5.0 (Windows NT 6.1) AppleWebKit/537.36 (KHTML, like Gecko) Chrome/27.0.1453.94 Safari/537.36"
186.52.53.254 - - [02/Jun/2013:14:13:33 -0300] "GET /templates/bt_arise/images/system/printButton.png HTTP/1.1" 200 772 "http://www.sgm.gub.uy/index.php/informacion-territorial/limites-con-argentina" "Mozilla/5.0 (Windows NT 6.1) AppleWebKit/537.36 (KHTML, like Gecko) Chrome/27.0.1453.94 Safari/537.36"
186.52.53.254 - - [02/Jun/2013:14:13:33 -0300] "GET /templates/bt_arise/images/system/emailButton.png HTTP/1.1" 200 841 "http://www.sgm.gub.uy/index.php/informacion-territorial/limites-con-argentina" "Mozilla/5.0 (Windows NT 6.1) AppleWebKit/537.36 (KHTML, like Gecko) Chrome/27.0.1453.94 Safari/537.36"
186.52.53.254 - - [02/Jun/2013:14:13:33 -0300] "GET /media/stalker/icons/default/facebook.png HTTP/1.1" 200 4769 "http://www.sgm.gub.uy/index.php/informacion-territorial/limites-con-argentina" "Mozilla/5.0 (Windows NT 6.1) AppleWebKit/537.36 (KHTML, like Gecko) Chrome/27.0.1453.94 Safari/537.36"
186.52.53.254 - - [02/Jun/2013:14:13:33 -0300] "GET /media/stalker/icons/default/twitter.png HTTP/1.1" 200 5460 "http://www.sgm.gub.uy/index.php/informacion-territorial/limites-con-argentina" "Mozilla/5.0 (Windows NT 6.1) AppleWebKit/537.36 (KHTML, like Gecko) Chrome/27.0.1453.94 Safari/537.36"
186.52.53.254 - - [02/Jun/2013:14:13:33 -0300] "GET /templates/bt_arise/core/themes/blue/images/bgd-wrapper.png HTTP/1.1" 200 447 "http://www.sgm.gub.uy/index.php/informacion-territorial/limites-con-argentina" "Mozilla/5.0 (Windows NT 6.1) AppleWebKit/537.36 (KHTML, like Gecko) Chrome/27.0.1453.94 Safari/537.36"
