152.61.193.99 - - [02/Jun/2013:07:49:47 -0300] "GET /SGMRaster.cgi?REQUEST=GetCapabilities&SERVICE=WMS&VERSION=1.3.0 HTTP/1.0" 200 23946 "-" "Mozilla/5.0 (Windows; U; Windows NT 5.1; rv:1.7.3) Gecko/20041001 Firefox/0.10.1"
152.61.193.99 - - [02/Jun/2013:07:49:53 -0300] "GET /SGMRaster.cgi?REQUEST=GetCapabilities&SERVICE=WMS&VERSION=1.3.0 HTTP/1.0" 200 23946 "-" "Mozilla/5.0 (Windows; U; Windows NT 5.1; rv:1.7.3) Gecko/20041001 Firefox/0.10.1"
152.61.128.66 - - [02/Jun/2013:07:49:46 -0300] "GET /DPTO_UYAR.cgi?REQUEST=GetCapabilities&SERVICE=WMS&VERSION=1.3.0 HTTP/1.1" 200 355993 "-" "Mozilla/5.0 (Windows; U; Windows NT 5.1; rv:1.7.3) Gecko/20041001 Firefox/0.10.1"
152.61.193.99 - - [02/Jun/2013:07:49:56 -0300] "GET /SGMRaster.cgi?VERSION=1.3.0&REQUEST=GetMap&LAYERS=cuadro1&CRS=EPSG:4326&BBOX=-35.91,-60.115,-29.812,-51.455&WIDTH=250&HEIGHT=250&FORMAT=image/gif&STYLES=& HTTP/1.1" 200 3282 "-" "Mozilla/5.0 (Windows; U; Windows NT 5.1; rv:1.7.3) Gecko/20041001 Firefox/0.10.1"
152.61.128.66 - - [02/Jun/2013:07:49:57 -0300] "GET /DPTO_UYAR.cgi?REQUEST=GetCapabilities&SERVICE=WMS&VERSION=1.3.0 HTTP/1.0" 200 355516 "-" "Mozilla/5.0 (Windows; U; Windows NT 5.1; rv:1.7.3) Gecko/20041001 Firefox/0.10.1"
152.61.193.99 - - [02/Jun/2013:07:50:08 -0300] "HEAD / HTTP/1.1" 403 163 "-" "Mozilla/5.0 (Windows; U; Windows NT 5.1; rv:1.7.3) Gecko/20041001 Firefox/0.10.1"
152.61.128.66 - - [02/Jun/2013:07:50:05 -0300] "GET /DPTO_UYAR.cgi?REQUEST=GetCapabilities&SERVICE=WMS&VERSION=1.3.0 HTTP/1.0" 200 355516 "-" "Mozilla/5.0 (Windows; U; Windows NT 5.1; rv:1.7.3) Gecko/20041001 Firefox/0.10.1"
152.61.193.99 - - [02/Jun/2013:07:50:09 -0300] "GET /PCN25_N27a.cgi?REQUEST=GetCapabilities&SERVICE=WMS&VERSION=1.3.0 HTTP/1.1" 200 40432 "-" "Mozilla/5.0 (Windows; U; Windows NT 5.1; rv:1.7.3) Gecko/20041001 Firefox/0.10.1"
208.88.226.73 - - [02/Jun/2013:07:50:16 -0300] "HEAD / HTTP/1.1" 200 763 "-" "Mozilla/5.0 (Windows NT 6.1; WOW64; rv:7.0.1) Gecko/20100101 Firefox/7.0.1"
152.61.128.66 - - [02/Jun/2013:07:50:13 -0300] "GET /DPTO_UYAR.cgi?REQUEST=GetCapabilities&SERVICE=WMS&VERSION=1.3.0 HTTP/1.0" 200 355516 "-" "Mozilla/5.0 (Windows; U; Windows NT 5.1; rv:1.7.3) Gecko/20041001 Firefox/0.10.1"
152.61.193.99 - - [02/Jun/2013:07:50:18 -0300] "GET /PCN25_N27a.cgi?REQUEST=GetCapabilities&SERVICE=WMS&VERSION=1.3.0 HTTP/1.0" 200 40317 "-" "Mozilla/5.0 (Windows; U; Windows NT 5.1; rv:1.7.3) Gecko/20041001 Firefox/0.10.1"
152.61.128.66 - - [02/Jun/2013:07:50:23 -0300] "GET /DPTO_UYAR.cgi?VERSION=1.3.0&REQUEST=GetMap&LAYERS=AREA_URB_AL020-BBM&CRS=EPSG:4326&BBOX=-31.162,-57.972,-30.005,-55.895&WIDTH=250&HEIGHT=250&FORMAT=image/jpeg&STYLES=& HTTP/1.1" 200 1840 "-" "Mozilla/5.0 (Windows; U; Windows NT 5.1; rv:1.7.3) Gecko/20041001 Firefox/0.10.1"
152.61.193.99 - - [02/Jun/2013:07:50:22 -0300] "GET /PCN25_N27a.cgi?REQUEST=GetCapabilities&SERVICE=WMS&VERSION=1.3.0 HTTP/1.0" 200 40317 "-" "Mozilla/5.0 (Windows; U; Windows NT 5.1; rv:1.7.3) Gecko/20041001 Firefox/0.10.1"
152.61.128.66 - - [02/Jun/2013:07:50:24 -0300] "HEAD / HTTP/1.1" 403 163 "-" "Mozilla/5.0 (Windows; U; Windows NT 5.1; rv:1.7.3) Gecko/20041001 Firefox/0.10.1"
152.61.128.66 - - [02/Jun/2013:07:50:24 -0300] "GET /UYFD.cgi?REQUEST=GetCapabilities&SERVICE=WMS&VERSION=1.3.0 HTTP/1.1" 200 41007 "-" "Mozilla/5.0 (Windows; U; Windows NT 5.1; rv:1.7.3) Gecko/20041001 Firefox/0.10.1"
152.61.193.99 - - [02/Jun/2013:07:50:24 -0300] "GET /PCN25_N27a.cgi?REQUEST=GetCapabilities&SERVICE=WMS&VERSION=1.3.0 HTTP/1.0" 200 40317 "-" "Mozilla/5.0 (Windows; U; Windows NT 5.1; rv:1.7.3) Gecko/20041001 Firefox/0.10.1"
152.61.193.99 - - [02/Jun/2013:07:50:27 -0300] "GET /PCN25_N27a.cgi?VERSION=1.3.0&REQUEST=GetMap&LAYERS=AREA_URB_AL020-N27a&CRS=EPSG:4326&BBOX=-34.48,-57.429,-34.37,-57.231&WIDTH=250&HEIGHT=250&FORMAT=image/jpeg&STYLES=& HTTP/1.1" 200 1861 "-" "Mozilla/5.0 (Windows; U; Windows NT 5.1; rv:1.7.3) Gecko/20041001 Firefox/0.10.1"
152.61.128.66 - - [02/Jun/2013:07:50:26 -0300] "GET /UYFD.cgi?REQUEST=GetCapabilities&SERVICE=WMS&VERSION=1.3.0 HTTP/1.0" 200 40892 "-" "Mozilla/5.0 (Windows; U; Windows NT 5.1; rv:1.7.3) Gecko/20041001 Firefox/0.10.1"
152.61.128.66 - - [02/Jun/2013:07:50:28 -0300] "GET /UYFD.cgi?REQUEST=GetCapabilities&SERVICE=WMS&VERSION=1.3.0 HTTP/1.0" 200 40892 "-" "Mozilla/5.0 (Windows; U; Windows NT 5.1; rv:1.7.3) Gecko/20041001 Firefox/0.10.1"
152.61.128.66 - - [02/Jun/2013:07:50:30 -0300] "GET /UYFD.cgi?REQUEST=GetCapabilities&SERVICE=WMS&VERSION=1.3.0 HTTP/1.0" 200 40892 "-" "Mozilla/5.0 (Windows; U; Windows NT 5.1; rv:1.7.3) Gecko/20041001 Firefox/0.10.1"
152.61.128.66 - - [02/Jun/2013:07:50:31 -0300] "GET /UYFD.cgi?VERSION=1.3.0&REQUEST=GetMap&LAYERS=AREA_URB_AL020-PCN10&CRS=EPSG:4326&BBOX=-34.121,-56.255,-34.067,-56.179&WIDTH=250&HEIGHT=250&FORMAT=image/jpeg&STYLES=& HTTP/1.1" 200 5925 "-" "Mozilla/5.0 (Windows; U; Windows NT 5.1; rv:1.7.3) Gecko/20041001 Firefox/0.10.1"
152.61.128.66 - - [02/Jun/2013:07:50:33 -0300] "HEAD / HTTP/1.1" 403 163 "-" "Mozilla/5.0 (Windows; U; Windows NT 5.1; rv:1.7.3) Gecko/20041001 Firefox/0.10.1"
152.61.128.66 - - [02/Jun/2013:07:50:33 -0300] "GET /UYCA.cgi?REQUEST=GetCapabilities&SERVICE=WMS&VERSION=1.3.0 HTTP/1.1" 200 42039 "-" "Mozilla/5.0 (Windows; U; Windows NT 5.1; rv:1.7.3) Gecko/20041001 Firefox/0.10.1"
152.61.128.66 - - [02/Jun/2013:07:50:35 -0300] "GET /UYCA.cgi?REQUEST=GetCapabilities&SERVICE=WMS&VERSION=1.3.0 HTTP/1.0" 200 41909 "-" "Mozilla/5.0 (Windows; U; Windows NT 5.1; rv:1.7.3) Gecko/20041001 Firefox/0.10.1"
152.61.128.66 - - [02/Jun/2013:07:50:36 -0300] "GET /UYCA.cgi?REQUEST=GetCapabilities&SERVICE=WMS&VERSION=1.3.0 HTTP/1.0" 200 41909 "-" "Mozilla/5.0 (Windows; U; Windows NT 5.1; rv:1.7.3) Gecko/20041001 Firefox/0.10.1"
152.61.193.99 - - [02/Jun/2013:07:50:38 -0300] "HEAD / HTTP/1.1" 403 163 "-" "Mozilla/5.0 (Windows; U; Windows NT 5.1; rv:1.7.3) Gecko/20041001 Firefox/0.10.1"
152.61.128.66 - - [02/Jun/2013:07:50:38 -0300] "GET /UYCA.cgi?REQUEST=GetCapabilities&SERVICE=WMS&VERSION=1.3.0 HTTP/1.0" 200 41909 "-" "Mozilla/5.0 (Windows; U; Windows NT 5.1; rv:1.7.3) Gecko/20041001 Firefox/0.10.1"
152.61.193.99 - - [02/Jun/2013:07:50:38 -0300] "GET /UYAR.cgi?REQUEST=GetCapabilities&SERVICE=WMS&VERSION=1.3.0 HTTP/1.1" 200 43178 "-" "Mozilla/5.0 (Windows; U; Windows NT 5.1; rv:1.7.3) Gecko/20041001 Firefox/0.10.1"
152.61.128.66 - - [02/Jun/2013:07:50:40 -0300] "GET /UYCA.cgi?VERSION=1.3.0&REQUEST=GetMap&LAYERS=AREA_URB_AL020-PCN10&CRS=EPSG:4326&BBOX=-34.554,-56.323,-34.498,-56.243&WIDTH=250&HEIGHT=250&FORMAT=image/jpeg&STYLES=& HTTP/1.1" 200 4203 "-" "Mozilla/5.0 (Windows; U; Windows NT 5.1; rv:1.7.3) Gecko/20041001 Firefox/0.10.1"
152.61.193.99 - - [02/Jun/2013:07:50:40 -0300] "GET /UYAR.cgi?REQUEST=GetCapabilities&SERVICE=WMS&VERSION=1.3.0 HTTP/1.0" 200 43048 "-" "Mozilla/5.0 (Windows; U; Windows NT 5.1; rv:1.7.3) Gecko/20041001 Firefox/0.10.1"
152.61.128.66 - - [02/Jun/2013:07:50:42 -0300] "HEAD / HTTP/1.1" 403 163 "-" "Mozilla/5.0 (Windows; U; Windows NT 5.1; rv:1.7.3) Gecko/20041001 Firefox/0.10.1"
152.61.128.66 - - [02/Jun/2013:07:50:42 -0300] "GET /UYTT.cgi?REQUEST=GetCapabilities&SERVICE=WMS&VERSION=1.3.0 HTTP/1.1" 200 47478 "-" "Mozilla/5.0 (Windows; U; Windows NT 5.1; rv:1.7.3) Gecko/20041001 Firefox/0.10.1"
152.61.193.99 - - [02/Jun/2013:07:50:42 -0300] "GET /UYAR.cgi?REQUEST=GetCapabilities&SERVICE=WMS&VERSION=1.3.0 HTTP/1.0" 200 43048 "-" "Mozilla/5.0 (Windows; U; Windows NT 5.1; rv:1.7.3) Gecko/20041001 Firefox/0.10.1"
152.61.128.66 - - [02/Jun/2013:07:50:44 -0300] "GET /UYTT.cgi?REQUEST=GetCapabilities&SERVICE=WMS&VERSION=1.3.0 HTTP/1.0" 200 47341 "-" "Mozilla/5.0 (Windows; U; Windows NT 5.1; rv:1.7.3) Gecko/20041001 Firefox/0.10.1"
152.61.193.99 - - [02/Jun/2013:07:50:45 -0300] "GET /UYAR.cgi?REQUEST=GetCapabilities&SERVICE=WMS&VERSION=1.3.0 HTTP/1.0" 200 43048 "-" "Mozilla/5.0 (Windows; U; Windows NT 5.1; rv:1.7.3) Gecko/20041001 Firefox/0.10.1"
152.61.128.66 - - [02/Jun/2013:07:50:46 -0300] "GET /UYTT.cgi?REQUEST=GetCapabilities&SERVICE=WMS&VERSION=1.3.0 HTTP/1.0" 200 47341 "-" "Mozilla/5.0 (Windows; U; Windows NT 5.1; rv:1.7.3) Gecko/20041001 Firefox/0.10.1"
152.61.193.99 - - [02/Jun/2013:07:50:48 -0300] "GET /UYAR.cgi?VERSION=1.3.0&REQUEST=GetMap&LAYERS=AREA_URB_AL020-PCN10&CRS=EPSG:4326&BBOX=-30.437,-56.509,-30.383,-56.433&WIDTH=250&HEIGHT=250&FORMAT=image/gif&STYLES=& HTTP/1.1" 200 2568 "-" "Mozilla/5.0 (Windows; U; Windows NT 5.1; rv:1.7.3) Gecko/20041001 Firefox/0.10.1"
152.61.128.66 - - [02/Jun/2013:07:50:48 -0300] "GET /UYTT.cgi?REQUEST=GetCapabilities&SERVICE=WMS&VERSION=1.3.0 HTTP/1.0" 200 47341 "-" "Mozilla/5.0 (Windows; U; Windows NT 5.1; rv:1.7.3) Gecko/20041001 Firefox/0.10.1"
152.61.128.66 - - [02/Jun/2013:07:50:50 -0300] "GET /UYTT.cgi?VERSION=1.3.0&REQUEST=GetMap&LAYERS=AREA_URB_AL020-PCN10&CRS=EPSG:4326&BBOX=-33.273,-54.457,-33.177,-54.32&WIDTH=250&HEIGHT=250&FORMAT=image/jpeg&STYLES=& HTTP/1.1" 200 3651 "-" "Mozilla/5.0 (Windows; U; Windows NT 5.1; rv:1.7.3) Gecko/20041001 Firefox/0.10.1"
152.61.128.66 - - [02/Jun/2013:07:50:52 -0300] "HEAD / HTTP/1.1" 403 163 "-" "Mozilla/5.0 (Windows; U; Windows NT 5.1; rv:1.7.3) Gecko/20041001 Firefox/0.10.1"
152.61.128.66 - - [02/Jun/2013:07:50:52 -0300] "GET /UYCO.cgi?REQUEST=GetCapabilities&SERVICE=WMS&VERSION=1.3.0 HTTP/1.1" 200 53204 "-" "Mozilla/5.0 (Windows; U; Windows NT 5.1; rv:1.7.3) Gecko/20041001 Firefox/0.10.1"
152.61.128.66 - - [02/Jun/2013:07:50:54 -0300] "GET /UYCO.cgi?REQUEST=GetCapabilities&SERVICE=WMS&VERSION=1.3.0 HTTP/1.0" 200 53058 "-" "Mozilla/5.0 (Windows; U; Windows NT 5.1; rv:1.7.3) Gecko/20041001 Firefox/0.10.1"
152.61.128.66 - - [02/Jun/2013:07:50:56 -0300] "GET /UYCO.cgi?REQUEST=GetCapabilities&SERVICE=WMS&VERSION=1.3.0 HTTP/1.0" 200 53058 "-" "Mozilla/5.0 (Windows; U; Windows NT 5.1; rv:1.7.3) Gecko/20041001 Firefox/0.10.1"
152.61.193.99 - - [02/Jun/2013:07:50:58 -0300] "HEAD / HTTP/1.1" 403 163 "-" "Mozilla/5.0 (Windows; U; Windows NT 5.1; rv:1.7.3) Gecko/20041001 Firefox/0.10.1"
152.61.128.66 - - [02/Jun/2013:07:50:58 -0300] "GET /UYCO.cgi?REQUEST=GetCapabilities&SERVICE=WMS&VERSION=1.3.0 HTTP/1.0" 200 53058 "-" "Mozilla/5.0 (Windows; U; Windows NT 5.1; rv:1.7.3) Gecko/20041001 Firefox/0.10.1"
152.61.128.66 - - [02/Jun/2013:07:51:00 -0300] "GET /UYCO.cgi?VERSION=1.3.0&REQUEST=GetMap&LAYERS=AREA_URB_AL020-PCN10&CRS=EPSG:4326&BBOX=-34.479,-57.876,-34.425,-57.799&WIDTH=250&HEIGHT=250&FORMAT=image/jpeg&STYLES=& HTTP/1.1" 200 5891 "-" "Mozilla/5.0 (Windows; U; Windows NT 5.1; rv:1.7.3) Gecko/20041001 Firefox/0.10.1"
152.61.193.99 - - [02/Jun/2013:07:50:59 -0300] "GET /UYDU.cgi?REQUEST=GetCapabilities&SERVICE=WMS&VERSION=1.3.0 HTTP/1.1" 200 38706 "-" "Mozilla/5.0 (Windows; U; Windows NT 5.1; rv:1.7.3) Gecko/20041001 Firefox/0.10.1"
152.61.128.66 - - [02/Jun/2013:07:51:01 -0300] "HEAD / HTTP/1.1" 403 163 "-" "Mozilla/5.0 (Windows; U; Windows NT 5.1; rv:1.7.3) Gecko/20041001 Firefox/0.10.1"
152.61.193.99 - - [02/Jun/2013:07:51:01 -0300] "GET /UYDU.cgi?REQUEST=GetCapabilities&SERVICE=WMS&VERSION=1.3.0 HTTP/1.0" 200 38597 "-" "Mozilla/5.0 (Windows; U; Windows NT 5.1; rv:1.7.3) Gecko/20041001 Firefox/0.10.1"
152.61.128.66 - - [02/Jun/2013:07:51:02 -0300] "GET /UYRO.cgi?REQUEST=GetCapabilities&SERVICE=WMS&VERSION=1.3.0 HTTP/1.1" 200 39873 "-" "Mozilla/5.0 (Windows; U; Windows NT 5.1; rv:1.7.3) Gecko/20041001 Firefox/0.10.1"
152.61.128.66 - - [02/Jun/2013:07:51:03 -0300] "GET /UYRO.cgi?REQUEST=GetCapabilities&SERVICE=WMS&VERSION=1.3.0 HTTP/1.0" 200 39758 "-" "Mozilla/5.0 (Windows; U; Windows NT 5.1; rv:1.7.3) Gecko/20041001 Firefox/0.10.1"
152.61.193.99 - - [02/Jun/2013:07:51:03 -0300] "GET /UYDU.cgi?REQUEST=GetCapabilities&SERVICE=WMS&VERSION=1.3.0 HTTP/1.0" 200 38597 "-" "Mozilla/5.0 (Windows; U; Windows NT 5.1; rv:1.7.3) Gecko/20041001 Firefox/0.10.1"
152.61.193.99 - - [02/Jun/2013:07:51:05 -0300] "GET /UYDU.cgi?REQUEST=GetCapabilities&SERVICE=WMS&VERSION=1.3.0 HTTP/1.0" 200 38597 "-" "Mozilla/5.0 (Windows; U; Windows NT 5.1; rv:1.7.3) Gecko/20041001 Firefox/0.10.1"
152.61.193.99 - - [02/Jun/2013:07:51:07 -0300] "GET /UYDU.cgi?VERSION=1.3.0&REQUEST=GetMap&LAYERS=AREA_URB_AL020-PCN10&CRS=EPSG:4326&BBOX=-33.396,-56.554,-33.354,-56.495&WIDTH=250&HEIGHT=250&FORMAT=image/jpeg&STYLES=& HTTP/1.1" 200 9662 "-" "Mozilla/5.0 (Windows; U; Windows NT 5.1; rv:1.7.3) Gecko/20041001 Firefox/0.10.1"
152.61.128.66 - - [02/Jun/2013:07:51:07 -0300] "GET /UYRO.cgi?REQUEST=GetCapabilities&SERVICE=WMS&VERSION=1.3.0 HTTP/1.0" 200 39758 "-" "Mozilla/5.0 (Windows; U; Windows NT 5.1; rv:1.7.3) Gecko/20041001 Firefox/0.10.1"
152.61.128.66 - - [02/Jun/2013:07:51:09 -0300] "GET /UYRO.cgi?REQUEST=GetCapabilities&SERVICE=WMS&VERSION=1.3.0 HTTP/1.0" 200 39758 "-" "Mozilla/5.0 (Windows; U; Windows NT 5.1; rv:1.7.3) Gecko/20041001 Firefox/0.10.1"
152.61.128.66 - - [02/Jun/2013:07:51:11 -0300] "GET /UYRO.cgi?VERSION=1.3.0&REQUEST=GetMap&LAYERS=AREA_URB_AL020-PCN10&CRS=EPSG:4326&BBOX=-34.521,-54.378,-34.444,-54.269&WIDTH=250&HEIGHT=250&FORMAT=image/jpeg&STYLES=& HTTP/1.1" 200 4945 "-" "Mozilla/5.0 (Windows; U; Windows NT 5.1; rv:1.7.3) Gecko/20041001 Firefox/0.10.1"
152.61.128.66 - - [02/Jun/2013:07:51:12 -0300] "HEAD / HTTP/1.1" 403 163 "-" "Mozilla/5.0 (Windows; U; Windows NT 5.1; rv:1.7.3) Gecko/20041001 Firefox/0.10.1"
152.61.128.66 - - [02/Jun/2013:07:51:12 -0300] "GET /UYFS.cgi?REQUEST=GetCapabilities&SERVICE=WMS&VERSION=1.3.0 HTTP/1.1" 200 29990 "-" "Mozilla/5.0 (Windows; U; Windows NT 5.1; rv:1.7.3) Gecko/20041001 Firefox/0.10.1"
152.61.128.66 - - [02/Jun/2013:07:51:14 -0300] "GET /UYFS.cgi?REQUEST=GetCapabilities&SERVICE=WMS&VERSION=1.3.0 HTTP/1.0" 200 29903 "-" "Mozilla/5.0 (Windows; U; Windows NT 5.1; rv:1.7.3) Gecko/20041001 Firefox/0.10.1"
152.61.128.66 - - [02/Jun/2013:07:51:15 -0300] "GET /UYFS.cgi?REQUEST=GetCapabilities&SERVICE=WMS&VERSION=1.3.0 HTTP/1.0" 200 29903 "-" "Mozilla/5.0 (Windows; U; Windows NT 5.1; rv:1.7.3) Gecko/20041001 Firefox/0.10.1"
152.61.128.66 - - [02/Jun/2013:07:51:17 -0300] "GET /UYFS.cgi?REQUEST=GetCapabilities&SERVICE=WMS&VERSION=1.3.0 HTTP/1.0" 200 29903 "-" "Mozilla/5.0 (Windows; U; Windows NT 5.1; rv:1.7.3) Gecko/20041001 Firefox/0.10.1"
180.76.6.225 - - [02/Jun/2013:07:51:18 -0300] "GET /geoportal/index.php/2-uncategorised?limit=1&start=9 HTTP/1.1" 200 4173 "-" "Mozilla/5.0 (compatible; Baiduspider/2.0; +http://www.baidu.com/search/spider.html)"
152.61.128.66 - - [02/Jun/2013:07:51:18 -0300] "GET /UYFS.cgi?VERSION=1.3.0&REQUEST=GetMap&LAYERS=AFLORACION_ROCOSA_DB160_PCN10&CRS=EPSG:4326&BBOX=-33.549,-56.943,-33.489,-56.858&WIDTH=250&HEIGHT=250&FORMAT=image/jpeg&STYLES=& HTTP/1.1" 200 1805 "-" "Mozilla/5.0 (Windows; U; Windows NT 5.1; rv:1.7.3) Gecko/20041001 Firefox/0.10.1"
152.61.193.99 - - [02/Jun/2013:07:51:19 -0300] "HEAD / HTTP/1.1" 403 163 "-" "Mozilla/5.0 (Windows; U; Windows NT 5.1; rv:1.7.3) Gecko/20041001 Firefox/0.10.1"
152.61.193.99 - - [02/Jun/2013:07:51:19 -0300] "GET /UYPA.cgi?REQUEST=GetCapabilities&SERVICE=WMS&VERSION=1.3.0 HTTP/1.1" 200 46480 "-" "Mozilla/5.0 (Windows; U; Windows NT 5.1; rv:1.7.3) Gecko/20041001 Firefox/0.10.1"
152.61.193.99 - - [02/Jun/2013:07:51:21 -0300] "GET /UYPA.cgi?REQUEST=GetCapabilities&SERVICE=WMS&VERSION=1.3.0 HTTP/1.0" 200 46342 "-" "Mozilla/5.0 (Windows; U; Windows NT 5.1; rv:1.7.3) Gecko/20041001 Firefox/0.10.1"
152.61.193.99 - - [02/Jun/2013:07:51:23 -0300] "GET /UYPA.cgi?REQUEST=GetCapabilities&SERVICE=WMS&VERSION=1.3.0 HTTP/1.0" 200 46342 "-" "Mozilla/5.0 (Windows; U; Windows NT 5.1; rv:1.7.3) Gecko/20041001 Firefox/0.10.1"
152.61.193.99 - - [02/Jun/2013:07:51:25 -0300] "GET /UYPA.cgi?REQUEST=GetCapabilities&SERVICE=WMS&VERSION=1.3.0 HTTP/1.0" 200 46342 "-" "Mozilla/5.0 (Windows; U; Windows NT 5.1; rv:1.7.3) Gecko/20041001 Firefox/0.10.1"
152.61.193.99 - - [02/Jun/2013:07:51:27 -0300] "GET /UYPA.cgi?VERSION=1.3.0&REQUEST=GetMap&LAYERS=AREA_URB_AL020-PCN10&CRS=EPSG:4326&BBOX=-32.374,-58.178,-32.234,-57.979&WIDTH=250&HEIGHT=250&FORMAT=image/jpeg&STYLES=& HTTP/1.1" 200 3148 "-" "Mozilla/5.0 (Windows; U; Windows NT 5.1; rv:1.7.3) Gecko/20041001 Firefox/0.10.1"
152.61.193.99 - - [02/Jun/2013:07:51:40 -0300] "HEAD / HTTP/1.1" 403 163 "-" "Mozilla/5.0 (Windows; U; Windows NT 5.1; rv:1.7.3) Gecko/20041001 Firefox/0.10.1"
152.61.193.99 - - [02/Jun/2013:07:51:40 -0300] "GET /DPTO_UYRO.cgi?REQUEST=GetCapabilities&SERVICE=WMS&VERSION=1.3.0 HTTP/1.1" 200 349832 "-" "Mozilla/5.0 (Windows; U; Windows NT 5.1; rv:1.7.3) Gecko/20041001 Firefox/0.10.1"
62.212.106.173 - - [02/Jun/2013:07:51:54 -0300] "GET / HTTP/1.1" 200 12032 "https://www.google.com/" "Mozilla/5.0 (Windows NT 6.1; WOW64) AppleWebKit/537.36 (KHTML, like Gecko) Chrome/27.0.1453.94 Safari/537.36"
152.61.193.99 - - [02/Jun/2013:07:51:50 -0300] "GET /DPTO_UYRO.cgi?REQUEST=GetCapabilities&SERVICE=WMS&VERSION=1.3.0 HTTP/1.0" 200 349372 "-" "Mozilla/5.0 (Windows; U; Windows NT 5.1; rv:1.7.3) Gecko/20041001 Firefox/0.10.1"
152.61.193.99 - - [02/Jun/2013:07:51:58 -0300] "GET /DPTO_UYRO.cgi?REQUEST=GetCapabilities&SERVICE=WMS&VERSION=1.3.0 HTTP/1.0" 200 349372 "-" "Mozilla/5.0 (Windows; U; Windows NT 5.1; rv:1.7.3) Gecko/20041001 Firefox/0.10.1"
152.61.193.99 - - [02/Jun/2013:07:52:06 -0300] "GET /DPTO_UYRO.cgi?REQUEST=GetCapabilities&SERVICE=WMS&VERSION=1.3.0 HTTP/1.0" 200 349372 "-" "Mozilla/5.0 (Windows; U; Windows NT 5.1; rv:1.7.3) Gecko/20041001 Firefox/0.10.1"
152.61.193.99 - - [02/Jun/2013:07:52:15 -0300] "GET /DPTO_UYRO.cgi?VERSION=1.3.0&REQUEST=GetMap&LAYERS=AREA_URB_AL020-18J&CRS=EPSG:4326&BBOX=-34.901,-55.63,-33.066,-52.338&WIDTH=250&HEIGHT=250&FORMAT=image/jpeg&STYLES=& HTTP/1.1" 200 1835 "-" "Mozilla/5.0 (Windows; U; Windows NT 5.1; rv:1.7.3) Gecko/20041001 Firefox/0.10.1"
152.61.193.99 - - [02/Jun/2013:07:53:45 -0300] "HEAD / HTTP/1.1" 200 705 "-" "Mozilla/5.0 (Windows; U; Windows NT 5.1; rv:1.7.3) Gecko/20041001 Firefox/0.10.1"
190.64.2.162 - - [02/Jun/2013:07:53:55 -0300] "POST /wfsPCN1000.cgi HTTP/1.1" 200 911 "-" "MapServer/6.0.1 libcurl/7.19.7"
180.76.6.211 - - [02/Jun/2013:07:54:24 -0300] "GET /geoportal/index.php/mapas/descargas/mapas-escolares/cat_view/1-mapas/2-descargas/3-cartografia HTTP/1.1" 200 3799 "-" "Mozilla/5.0 (compatible; Baiduspider/2.0; +http://www.baidu.com/search/spider.html)"
190.64.2.162 - - [02/Jun/2013:07:56:39 -0300] "GET /robots.txt HTTP/1.0" 200 718 "-" "agesic-crawler (Enterprise; T3-RG6J9B6XL6A3K; fabricio.alvarez@agesic.gub.uy,sestevez@hg.com.uy,sperez@hg.com.uy,gbartolomeo@at.com.uy,xavier.verdino@pyxisportal.com,alertasnoc@hg.com.uy)"
190.64.2.162 - - [02/Jun/2013:07:56:39 -0300] "GET /index.php/component/jevents/month.calendar/2013/04/22/48?Itemid=1 HTTP/1.0" 200 9476 "-" "agesic-crawler (Enterprise; T3-RG6J9B6XL6A3K; fabricio.alvarez@agesic.gub.uy,sestevez@hg.com.uy,sperez@hg.com.uy,gbartolomeo@at.com.uy,xavier.verdino@pyxisportal.com,alertasnoc@hg.com.uy)"
152.61.193.99 - - [02/Jun/2013:07:58:51 -0300] "HEAD / HTTP/1.1" 403 163 "-" "Mozilla/5.0 (Windows; U; Windows NT 5.1; rv:1.7.3) Gecko/20041001 Firefox/0.10.1"
152.61.193.99 - - [02/Jun/2013:07:58:51 -0300] "GET /UYSA.cgi?REQUEST=GetCapabilities&SERVICE=WMS&VERSION=1.3.0 HTTP/1.1" 200 44257 "-" "Mozilla/5.0 (Windows; U; Windows NT 5.1; rv:1.7.3) Gecko/20041001 Firefox/0.10.1"
152.61.193.99 - - [02/Jun/2013:07:58:53 -0300] "GET /UYSA.cgi?REQUEST=GetCapabilities&SERVICE=WMS&VERSION=1.3.0 HTTP/1.0" 200 44133 "-" "Mozilla/5.0 (Windows; U; Windows NT 5.1; rv:1.7.3) Gecko/20041001 Firefox/0.10.1"
152.61.193.99 - - [02/Jun/2013:07:58:54 -0300] "GET /UYSA.cgi?REQUEST=GetCapabilities&SERVICE=WMS&VERSION=1.3.0 HTTP/1.0" 200 44133 "-" "Mozilla/5.0 (Windows; U; Windows NT 5.1; rv:1.7.3) Gecko/20041001 Firefox/0.10.1"
152.61.193.99 - - [02/Jun/2013:07:58:56 -0300] "GET /UYSA.cgi?REQUEST=GetCapabilities&SERVICE=WMS&VERSION=1.3.0 HTTP/1.0" 200 44133 "-" "Mozilla/5.0 (Windows; U; Windows NT 5.1; rv:1.7.3) Gecko/20041001 Firefox/0.10.1"
152.61.193.99 - - [02/Jun/2013:07:58:58 -0300] "GET /UYSA.cgi?VERSION=1.3.0&REQUEST=GetMap&LAYERS=AREA_URB_AL020-PCN10&CRS=EPSG:4326&BBOX=-31.426,-58.013,-31.351,-57.907&WIDTH=250&HEIGHT=250&FORMAT=image/jpeg&STYLES=& HTTP/1.1" 200 7075 "-" "Mozilla/5.0 (Windows; U; Windows NT 5.1; rv:1.7.3) Gecko/20041001 Firefox/0.10.1"
152.61.193.99 - - [02/Jun/2013:07:59:06 -0300] "HEAD / HTTP/1.1" 403 163 "-" "Mozilla/5.0 (Windows; U; Windows NT 5.1; rv:1.7.3) Gecko/20041001 Firefox/0.10.1"
152.61.193.99 - - [02/Jun/2013:07:59:06 -0300] "GET /DPTO_UYAR.cgi?REQUEST=GetCapabilities&SERVICE=WMS&VERSION=1.3.0 HTTP/1.1" 200 355976 "-" "Mozilla/5.0 (Windows; U; Windows NT 5.1; rv:1.7.3) Gecko/20041001 Firefox/0.10.1"
152.61.193.99 - - [02/Jun/2013:07:59:14 -0300] "GET /DPTO_UYAR.cgi?REQUEST=GetCapabilities&SERVICE=WMS&VERSION=1.3.0 HTTP/1.0" 200 355516 "-" "Mozilla/5.0 (Windows; U; Windows NT 5.1; rv:1.7.3) Gecko/20041001 Firefox/0.10.1"
152.61.193.99 - - [02/Jun/2013:07:59:24 -0300] "GET /DPTO_UYAR.cgi?REQUEST=GetCapabilities&SERVICE=WMS&VERSION=1.3.0 HTTP/1.0" 200 355516 "-" "Mozilla/5.0 (Windows; U; Windows NT 5.1; rv:1.7.3) Gecko/20041001 Firefox/0.10.1"
152.61.193.99 - - [02/Jun/2013:07:59:34 -0300] "GET /DPTO_UYAR.cgi?REQUEST=GetCapabilities&SERVICE=WMS&VERSION=1.3.0 HTTP/1.0" 200 355516 "-" "Mozilla/5.0 (Windows; U; Windows NT 5.1; rv:1.7.3) Gecko/20041001 Firefox/0.10.1"
152.61.193.99 - - [02/Jun/2013:07:59:43 -0300] "GET /DPTO_UYAR.cgi?VERSION=1.3.0&REQUEST=GetMap&LAYERS=AREA_URB_AL020-BBM&CRS=EPSG:4326&BBOX=-31.162,-57.972,-30.005,-55.895&WIDTH=250&HEIGHT=250&FORMAT=image/jpeg&STYLES=& HTTP/1.1" 200 1840 "-" "Mozilla/5.0 (Windows; U; Windows NT 5.1; rv:1.7.3) Gecko/20041001 Firefox/0.10.1"
66.249.72.10 - - [02/Jun/2013:07:59:44 -0300] "GET /geonetwork/srv/pt/feedback HTTP/1.1" 200 4687 "-" "Mozilla/5.0 (iPhone; U; CPU iPhone OS 4_1 like Mac OS X; en-us) AppleWebKit/532.9 (KHTML, like Gecko) Version/4.0.5 Mobile/8B117 Safari/6531.22.7 (compatible; Googlebot-Mobile/2.1; +http://www.google.com/bot.html)"
152.61.193.99 - - [02/Jun/2013:07:59:50 -0300] "HEAD / HTTP/1.1" 403 163 "-" "Mozilla/5.0 (Windows; U; Windows NT 5.1; rv:1.7.3) Gecko/20041001 Firefox/0.10.1"
152.61.193.99 - - [02/Jun/2013:07:59:50 -0300] "GET /UYFD.cgi?REQUEST=GetCapabilities&SERVICE=WMS&VERSION=1.3.0 HTTP/1.1" 200 41015 "-" "Mozilla/5.0 (Windows; U; Windows NT 5.1; rv:1.7.3) Gecko/20041001 Firefox/0.10.1"
152.61.193.99 - - [02/Jun/2013:07:59:52 -0300] "GET /UYFD.cgi?REQUEST=GetCapabilities&SERVICE=WMS&VERSION=1.3.0 HTTP/1.0" 200 40892 "-" "Mozilla/5.0 (Windows; U; Windows NT 5.1; rv:1.7.3) Gecko/20041001 Firefox/0.10.1"
152.61.193.99 - - [02/Jun/2013:07:59:53 -0300] "GET /UYFD.cgi?REQUEST=GetCapabilities&SERVICE=WMS&VERSION=1.3.0 HTTP/1.0" 200 40892 "-" "Mozilla/5.0 (Windows; U; Windows NT 5.1; rv:1.7.3) Gecko/20041001 Firefox/0.10.1"
152.61.193.99 - - [02/Jun/2013:07:59:55 -0300] "GET /UYFD.cgi?REQUEST=GetCapabilities&SERVICE=WMS&VERSION=1.3.0 HTTP/1.0" 200 40892 "-" "Mozilla/5.0 (Windows; U; Windows NT 5.1; rv:1.7.3) Gecko/20041001 Firefox/0.10.1"
152.61.193.99 - - [02/Jun/2013:07:59:57 -0300] "GET /UYFD.cgi?VERSION=1.3.0&REQUEST=GetMap&LAYERS=AREA_URB_AL020-PCN10&CRS=EPSG:4326&BBOX=-34.121,-56.255,-34.067,-56.179&WIDTH=250&HEIGHT=250&FORMAT=image/jpeg&STYLES=& HTTP/1.1" 200 5925 "-" "Mozilla/5.0 (Windows; U; Windows NT 5.1; rv:1.7.3) Gecko/20041001 Firefox/0.10.1"
180.76.5.138 - - [02/Jun/2013:08:01:31 -0300] "GET /geoportal/index.php/2-uncategorised?limit=1&start=12 HTTP/1.1" 200 6156 "-" "Mozilla/5.0 (compatible; Baiduspider/2.0; +http://www.baidu.com/search/spider.html)"
180.76.5.166 - - [02/Jun/2013:08:02:39 -0300] "GET /templates/jquery.treeview.css HTTP/1.1" 200 1069 "-" "Mozilla/5.0 (compatible; Baiduspider/2.0; +http://www.baidu.com/search/spider.html)"
180.76.5.23 - - [02/Jun/2013:08:04:38 -0300] "GET /geoportal/index.php/2-uncategorised/14-portada HTTP/1.1" 200 3817 "-" "Mozilla/5.0 (compatible; Baiduspider/2.0; +http://www.baidu.com/search/spider.html)"
180.76.5.16 - - [02/Jun/2013:08:07:44 -0300] "GET /index.php/informacion-territorial/division-politica/42-general HTTP/1.1" 200 10438 "-" "Mozilla/5.0 (compatible; Baiduspider/2.0; +http://www.baidu.com/search/spider.html)"
66.249.72.212 - - [02/Jun/2013:08:07:48 -0300] "GET /geoportal/index.php/2-uncategorised?limit=1&start=1 HTTP/1.1" 200 4196 "-" "Mozilla/5.0 (compatible; Googlebot/2.1; +http://www.google.com/bot.html)"
180.76.5.161 - - [02/Jun/2013:08:10:51 -0300] "GET /index.php/institucion/organizacion/geodesia-y-topografia/42-general/ HTTP/1.1" 200 10438 "-" "Mozilla/5.0 (compatible; Baiduspider/2.0; +http://www.baidu.com/search/spider.html)"
190.64.2.162 - - [02/Jun/2013:08:11:38 -0300] "GET /robots.txt HTTP/1.0" 200 718 "-" "agesic-crawler (Enterprise; T3-RG6J9B6XL6A3K; fabricio.alvarez@agesic.gub.uy,sestevez@hg.com.uy,sperez@hg.com.uy,gbartolomeo@at.com.uy,xavier.verdino@pyxisportal.com,alertasnoc@hg.com.uy)"
190.64.2.162 - - [02/Jun/2013:08:11:38 -0300] "GET /index.php/component/jevents/month.calendar/2013/05/31/48?Itemid=1 HTTP/1.0" 200 9493 "-" "agesic-crawler (Enterprise; T3-RG6J9B6XL6A3K; fabricio.alvarez@agesic.gub.uy,sestevez@hg.com.uy,sperez@hg.com.uy,gbartolomeo@at.com.uy,xavier.verdino@pyxisportal.com,alertasnoc@hg.com.uy)"
180.76.5.180 - - [02/Jun/2013:08:13:58 -0300] "GET /index.php/38-noticias?limitstart=0&limit=3 HTTP/1.1" 200 15855 "-" "Mozilla/5.0 (compatible; Baiduspider/2.0; +http://www.baidu.com/search/spider.html)"
66.249.72.10 - - [02/Jun/2013:08:15:40 -0300] "GET /robots.txt HTTP/1.1" 200 756 "-" "Mozilla/5.0 (compatible; Googlebot/2.1; +http://www.google.com/bot.html)"
66.249.72.10 - - [02/Jun/2013:08:15:40 -0300] "GET /geonetwork/srv/es/links HTTP/1.1" 200 5329 "-" "Mozilla/5.0 (compatible; Googlebot/2.1; +http://www.google.com/bot.html)"
180.76.6.28 - - [02/Jun/2013:08:17:04 -0300] "GET /index.php/documentos/articulos-tecnicos/cat_view/2-curriculum-vitae?limit=5&order=hits&dir=DESC&start=25 HTTP/1.1" 200 8220 "-" "Mozilla/5.0 (compatible; Baiduspider/2.0; +http://www.baidu.com/search/spider.html)"
180.76.5.162 - - [02/Jun/2013:08:17:39 -0300] "GET /gmaps/js/KMLLayerWindow.js HTTP/1.1" 200 1327 "-" "Mozilla/5.0 (compatible; Baiduspider/2.0; +http://www.baidu.com/search/spider.html)"
66.249.72.10 - - [02/Jun/2013:08:17:40 -0300] "GET /geoportal/datos/cartas/L/L-20.pdf HTTP/1.1" 200 1326132 "-" "Mozilla/5.0 (iPhone; U; CPU iPhone OS 4_1 like Mac OS X; en-us) AppleWebKit/532.9 (KHTML, like Gecko) Version/4.0.5 Mobile/8B117 Safari/6531.22.7 (compatible; Googlebot-Mobile/2.1; +http://www.google.com/bot.html)"
180.76.5.90 - - [02/Jun/2013:08:23:18 -0300] "GET /index.php/documentos/doc_download/40-informe-2010 HTTP/1.1" 200 23231 "-" "Mozilla/5.0 (compatible; Baiduspider/2.0; +http://www.baidu.com/search/spider.html)"
180.76.5.197 - - [02/Jun/2013:08:24:43 -0300] "GET /metadatos HTTP/1.1" 404 469 "-" "Mozilla/5.0 (compatible; Baiduspider/2.0; +http://www.baidu.com/search/spider.html)"
66.249.72.10 - - [02/Jun/2013:08:25:58 -0300] "GET /geonetwork/srv/es HTTP/1.1" 404 1831 "-" "Mozilla/5.0 (compatible; Googlebot/2.1; +http://www.google.com/bot.html)"
180.76.5.16 - - [02/Jun/2013:08:26:24 -0300] "GET /geoportal/index.php/2-uncategorised?limit=1&start=1 HTTP/1.1" 200 4154 "-" "Mozilla/5.0 (compatible; Baiduspider/2.0; +http://www.baidu.com/search/spider.html)"
190.64.2.162 - - [02/Jun/2013:08:26:40 -0300] "GET /robots.txt HTTP/1.0" 200 718 "-" "agesic-crawler (Enterprise; T3-RG6J9B6XL6A3K; fabricio.alvarez@agesic.gub.uy,sestevez@hg.com.uy,sperez@hg.com.uy,gbartolomeo@at.com.uy,xavier.verdino@pyxisportal.com,alertasnoc@hg.com.uy)"
190.64.2.162 - - [02/Jun/2013:08:26:40 -0300] "GET /index.php/component/jevents/month.calendar/2013/05/18/48?Itemid=1 HTTP/1.0" 200 9489 "-" "agesic-crawler (Enterprise; T3-RG6J9B6XL6A3K; fabricio.alvarez@agesic.gub.uy,sestevez@hg.com.uy,sperez@hg.com.uy,gbartolomeo@at.com.uy,xavier.verdino@pyxisportal.com,alertasnoc@hg.com.uy)"
180.76.5.173 - - [02/Jun/2013:08:29:31 -0300] "GET /geoportal/index.php/contacto-geoportal/3-servicio-gegrafico-militar HTTP/1.1" 200 5343 "-" "Mozilla/5.0 (compatible; Baiduspider/2.0; +http://www.baidu.com/search/spider.html)"
157.55.32.237 - - [02/Jun/2013:08:33:15 -0300] "GET /robots.txt HTTP/1.1" 200 1208 "-" "Mozilla/5.0 (compatible; bingbot/2.0; +http://www.bing.com/bingbot.htm)"
66.249.72.10 - - [02/Jun/2013:08:35:46 -0300] "GET /institucional/index.php/component/content/article/38-noticias/48-visita-del-liceo-jubilar HTTP/1.1" 200 6918 "-" "Mozilla/5.0 (iPhone; U; CPU iPhone OS 4_1 like Mac OS X; en-us) AppleWebKit/532.9 (KHTML, like Gecko) Version/4.0.5 Mobile/8B117 Safari/6531.22.7 (compatible; Googlebot-Mobile/2.1; +http://www.google.com/bot.html)"
157.55.36.37 - - [02/Jun/2013:08:36:12 -0300] "GET /index.php/institucion/organizacion/19-mapoteca/mapas-antiguos/43-mapas-antiguos HTTP/1.1" 200 8750 "-" "Mozilla/5.0 (compatible; bingbot/2.0; +http://www.bing.com/bingbot.htm)"
66.249.72.212 - - [02/Jun/2013:08:36:36 -0300] "GET /robots.txt HTTP/1.1" 200 756 "-" "Mozilla/5.0 (compatible; Googlebot/2.1; +http://www.google.com/bot.html)"
66.249.72.212 - - [02/Jun/2013:08:36:36 -0300] "GET /geoportal/index.php/2-uncategorised?format=feed&type=atom HTTP/1.1" 200 2915 "-" "Mozilla/5.0 (compatible; Googlebot/2.1; +http://www.google.com/bot.html)"
208.115.113.83 - - [02/Jun/2013:08:36:53 -0300] "GET /index.php/component/mailto/?tmpl=component&template=bt_arise&link=631940d9a4780654f999ff06f2fe37e1cbae69de HTTP/1.1" 200 5047 "-" "Mozilla/5.0 (compatible; Ezooms/1.0; ezooms.bot@gmail.com)"
208.115.113.83 - - [02/Jun/2013:08:38:50 -0300] "GET /index.php/component/mailto/?tmpl=component&template=bt_arise&link=d5569fa0eb49422d7efca9525d9519b62346c023 HTTP/1.1" 200 5047 "-" "Mozilla/5.0 (compatible; Ezooms/1.0; ezooms.bot@gmail.com)"
208.115.113.83 - - [02/Jun/2013:08:38:52 -0300] "GET /index.php/component/mailto/?tmpl=component&template=bt_arise&link=d82d10934325d8c35fe2d002e8e3bf5e1b1278e4 HTTP/1.1" 200 5047 "-" "Mozilla/5.0 (compatible; Ezooms/1.0; ezooms.bot@gmail.com)"
208.115.113.83 - - [02/Jun/2013:08:38:59 -0300] "GET /index.php/documentos/doc_details/37-creacion-red-latingeo?tmpl=component HTTP/1.1" 200 4601 "-" "Mozilla/5.0 (compatible; Ezooms/1.0; ezooms.bot@gmail.com)"
180.76.6.223 - - [02/Jun/2013:08:39:33 -0300] "GET /index.php/2011-12-20-17-36-02/historial-de-noticias/62-cambio-de-autoridades HTTP/1.1" 200 9297 "-" "Mozilla/5.0 (compatible; Baiduspider/2.0; +http://www.baidu.com/search/spider.html)"
208.115.113.83 - - [02/Jun/2013:08:39:38 -0300] "GET /index.php/documentos/doc_details/72-c-v-cnel-cesar-rodriguez?tmpl=component HTTP/1.1" 200 4608 "-" "Mozilla/5.0 (compatible; Ezooms/1.0; ezooms.bot@gmail.com)"
208.115.113.83 - - [02/Jun/2013:08:39:40 -0300] "GET /index.php/informacion-territorial/puntos-extremos/45-bolsa-de-trabajo/ HTTP/1.1" 200 34215 "-" "Mozilla/5.0 (compatible; Ezooms/1.0; ezooms.bot@gmail.com)"
208.115.113.83 - - [02/Jun/2013:08:39:42 -0300] "GET /index.php/institucion/mision-y-vision/23-servicios HTTP/1.1" 200 29796 "-" "Mozilla/5.0 (compatible; Ezooms/1.0; ezooms.bot@gmail.com)"
208.115.113.83 - - [02/Jun/2013:08:39:47 -0300] "GET /index.php/institucion/ubicacion/23-servicios HTTP/1.1" 200 29716 "-" "Mozilla/5.0 (compatible; Ezooms/1.0; ezooms.bot@gmail.com)"
208.115.113.83 - - [02/Jun/2013:08:39:51 -0300] "GET /index.php/productos/catalogo-de-productos/50-institucion/laboratorio/67-latingeo HTTP/1.1" 200 35158 "-" "Mozilla/5.0 (compatible; Ezooms/1.0; ezooms.bot@gmail.com)"
208.115.113.83 - - [02/Jun/2013:08:39:56 -0300] "GET /index.php/servicios/visaciones/42-general/63-aviso-legal HTTP/1.1" 200 32934 "-" "Mozilla/5.0 (compatible; Ezooms/1.0; ezooms.bot@gmail.com)"
157.55.32.237 - - [02/Jun/2013:08:40:16 -0300] "GET /index.php/institucion/organigrama/42-general HTTP/1.1" 200 10523 "-" "Mozilla/5.0 (compatible; bingbot/2.0; +http://www.bing.com/bingbot.htm)"
66.249.72.10 - - [02/Jun/2013:08:41:08 -0300] "GET /index.php/informacion-territorial/division-politica HTTP/1.1" 200 8393 "-" "Mozilla/5.0 (compatible; Googlebot/2.1; +http://www.google.com/bot.html)"
123.125.71.95 - - [02/Jun/2013:08:42:16 -0300] "GET / HTTP/1.1" 200 12420 "-" "Mozilla/5.0 (compatible; Baiduspider/2.0; +http://www.baidu.com/search/spider.html)"
180.76.5.23 - - [02/Jun/2013:08:42:40 -0300] "GET /index.php/38-noticias HTTP/1.1" 200 15843 "-" "Mozilla/5.0 (compatible; Baiduspider/2.0; +http://www.baidu.com/search/spider.html)"
220.181.108.184 - - [02/Jun/2013:08:43:28 -0300] "GET / HTTP/1.1" 200 12420 "-" "Mozilla/5.0 (compatible; Baiduspider/2.0; +http://www.baidu.com/search/spider.html)"
180.76.5.136 - - [02/Jun/2013:08:45:46 -0300] "GET /index.php/2011-12-20-17-36-02/historial-de-noticias/45-bolsa-de-trabajo/ HTTP/1.1" 200 8842 "-" "Mozilla/5.0 (compatible; Baiduspider/2.0; +http://www.baidu.com/search/spider.html)"
180.76.5.96 - - [02/Jun/2013:08:48:53 -0300] "GET /index.php/38-noticias?start=9 HTTP/1.1" 200 12160 "-" "Mozilla/5.0 (compatible; Baiduspider/2.0; +http://www.baidu.com/search/spider.html)"
157.55.32.237 - - [02/Jun/2013:08:49:45 -0300] "GET /index.php/documentos/articulos-tecnicos HTTP/1.1" 200 9711 "-" "Mozilla/5.0 (compatible; bingbot/2.0; +http://www.bing.com/bingbot.htm)"
66.249.72.10 - - [02/Jun/2013:08:50:16 -0300] "GET /index.php/enlaces-web?format=feed&type=rss HTTP/1.1" 200 2010 "-" "Mozilla/5.0 (compatible; Googlebot/2.1; +http://www.google.com/bot.html)"
66.249.72.10 - - [02/Jun/2013:08:53:42 -0300] "GET /geoportal/datos/cartas/F/F-15.pdf HTTP/1.1" 304 190 "-" "Mozilla/5.0 (iPhone; U; CPU iPhone OS 4_1 like Mac OS X; en-us) AppleWebKit/532.9 (KHTML, like Gecko) Version/4.0.5 Mobile/8B117 Safari/6531.22.7 (compatible; Googlebot-Mobile/2.1; +http://www.google.com/bot.html)"
180.76.5.143 - - [02/Jun/2013:08:55:06 -0300] "GET /index.php/component/search/?Itemid=127&id=19&format=opensearch HTTP/1.1" 200 1469 "-" "Mozilla/5.0 (compatible; Baiduspider/2.0; +http://www.baidu.com/search/spider.html)"
190.64.2.162 - - [02/Jun/2013:08:56:39 -0300] "GET /robots.txt HTTP/1.0" 200 718 "-" "agesic-crawler (Enterprise; T3-RG6J9B6XL6A3K; fabricio.alvarez@agesic.gub.uy,sestevez@hg.com.uy,sperez@hg.com.uy,gbartolomeo@at.com.uy,xavier.verdino@pyxisportal.com,alertasnoc@hg.com.uy)"
190.64.2.162 - - [02/Jun/2013:08:56:39 -0300] "GET /index.php/component/jevents/month.calendar/2013/05/11/48?Itemid=1 HTTP/1.0" 200 9490 "-" "agesic-crawler (Enterprise; T3-RG6J9B6XL6A3K; fabricio.alvarez@agesic.gub.uy,sestevez@hg.com.uy,sperez@hg.com.uy,gbartolomeo@at.com.uy,xavier.verdino@pyxisportal.com,alertasnoc@hg.com.uy)"
180.76.5.161 - - [02/Jun/2013:08:58:13 -0300] "GET /index.php/49-noticias/novedades/89-redsgm HTTP/1.1" 404 1265 "-" "Mozilla/5.0 (compatible; Baiduspider/2.0; +http://www.baidu.com/search/spider.html)"
180.76.5.140 - - [02/Jun/2013:09:01:20 -0300] "GET /index.php/49-noticias/novedades?limit=3&start=3 HTTP/1.1" 200 12344 "-" "Mozilla/5.0 (compatible; Baiduspider/2.0; +http://www.baidu.com/search/spider.html)"
190.64.2.162 - - [02/Jun/2013:09:01:40 -0300] "GET /robots.txt HTTP/1.0" 200 718 "-" "agesic-crawler (Enterprise; T3-RG6J9B6XL6A3K; fabricio.alvarez@agesic.gub.uy,sestevez@hg.com.uy,sperez@hg.com.uy,gbartolomeo@at.com.uy,xavier.verdino@pyxisportal.com,alertasnoc@hg.com.uy)"
190.64.2.162 - - [02/Jun/2013:09:01:40 -0300] "GET /index.php/documentos/doc_download/88-aplicacion-de-mejoras-geometricas-sistematicas-a-la-cartografia-del-sgm HTTP/1.0" 200 864022 "-" "agesic-crawler (Enterprise; T3-RG6J9B6XL6A3K; fabricio.alvarez@agesic.gub.uy,sestevez@hg.com.uy,sperez@hg.com.uy,gbartolomeo@at.com.uy,xavier.verdino@pyxisportal.com,alertasnoc@hg.com.uy)"
180.76.6.211 - - [02/Jun/2013:09:04:26 -0300] "GET /index.php/7-institucion HTTP/1.1" 200 28061 "-" "Mozilla/5.0 (compatible; Baiduspider/2.0; +http://www.baidu.com/search/spider.html)"
66.249.72.212 - - [02/Jun/2013:09:05:23 -0300] "GET /geoportal/index.php/mapas/descargas/mapas-escolares/cat_view/1-mapas/2-descargas/4-mapas-escolares?limit=5&limitstart=0&order=date&dir=ASC HTTP/1.1" 200 4468 "-" "Mozilla/5.0 (compatible; Googlebot/2.1; +http://www.google.com/bot.html)"
66.249.72.10 - - [02/Jun/2013:09:06:39 -0300] "GET /index.php/documentos/doc_details/76-c-v-tte-cnel-juan-croquis?tmpl=component HTTP/1.1" 200 2045 "-" "Mozilla/5.0 (compatible; Googlebot/2.1; +http://www.google.com/bot.html)"
180.76.6.222 - - [02/Jun/2013:09:07:33 -0300] "GET /index.php/component/content/article/38-noticias/ HTTP/1.1" 200 8917 "-" "Mozilla/5.0 (compatible; Baiduspider/2.0; +http://www.baidu.com/search/spider.html)"
208.115.111.66 - - [02/Jun/2013:09:09:20 -0300] "GET /robots.txt HTTP/1.1" 200 1151 "-" "Mozilla/5.0 (compatible; Ezooms/1.0; ezooms.bot@gmail.com)"
180.76.5.87 - - [02/Jun/2013:09:10:40 -0300] "GET /index.php/component/content/article/19-mapoteca/mapas-antiguos/43-mapas-antiguos HTTP/1.1" 200 8642 "-" "Mozilla/5.0 (compatible; Baiduspider/2.0; +http://www.baidu.com/search/spider.html)"
66.249.72.10 - - [02/Jun/2013:09:11:38 -0300] "GET /index.php/45-bolsa-de-trabajo/llamados-abiertos HTTP/1.1" 200 5300 "-" "Mozilla/5.0 (iPhone; U; CPU iPhone OS 4_1 like Mac OS X; en-us) AppleWebKit/532.9 (KHTML, like Gecko) Version/4.0.5 Mobile/8B117 Safari/6531.22.7 (compatible; Googlebot-Mobile/2.1; +http://www.google.com/bot.html)"
180.76.5.7 - - [02/Jun/2013:09:13:46 -0300] "GET /index.php/component/content/article/38-noticias/72-lanzamiento-web HTTP/1.1" 200 9169 "-" "Mozilla/5.0 (compatible; Baiduspider/2.0; +http://www.baidu.com/search/spider.html)"
180.76.5.21 - - [02/Jun/2013:09:16:53 -0300] "GET /index.php/component/search/?id=43:mapas-antiguos&format=opensearch HTTP/1.1" 200 1470 "-" "Mozilla/5.0 (compatible; Baiduspider/2.0; +http://www.baidu.com/search/spider.html)"
180.76.5.92 - - [02/Jun/2013:09:20:00 -0300] "GET /index.php/component/content/article/19-mapoteca/mapas-antiguos/ HTTP/1.1" 404 1265 "-" "Mozilla/5.0 (compatible; Baiduspider/2.0; +http://www.baidu.com/search/spider.html)"
65.55.215.67 - - [02/Jun/2013:09:20:56 -0300] "GET /robots.txt HTTP/1.1" 200 718 "-" "msnbot-media/1.1 (+http://search.msn.com/msnbot.htm)"
65.55.215.67 - - [02/Jun/2013:09:20:56 -0300] "GET /geoportal/components/com_docman/themes/default/images/icons/32x32/folder.png HTTP/1.1" 200 1813 "-" "msnbot-media/1.1 (+http://search.msn.com/msnbot.htm)"
180.76.6.17 - - [02/Jun/2013:09:23:06 -0300] "GET /index.php/component/mailto/?tmpl=component&template=bt_arise&link=50f1e56a5e17c00a7e8a89c2314cad4a234705ef HTTP/1.1" 200 2291 "-" "Mozilla/5.0 (compatible; Baiduspider/2.0; +http://www.baidu.com/search/spider.html)"
180.76.5.51 - - [02/Jun/2013:09:26:13 -0300] "GET /index.php/component/jevents/icalrepeat.detail/2012/09/28/6/48/conferencia-el-diseno-efectivo-de-geoportales?Itemid=0 HTTP/1.1" 200 10052 "-" "Mozilla/5.0 (compatible; Baiduspider/2.0; +http://www.baidu.com/search/spider.html)"
180.76.5.173 - - [02/Jun/2013:09:29:20 -0300] "GET /index.php/component/jevents/day.listevents/2012/09/30/-?Itemid=1 HTTP/1.1" 200 8850 "-" "Mozilla/5.0 (compatible; Baiduspider/2.0; +http://www.baidu.com/search/spider.html)"
66.249.72.10 - - [02/Jun/2013:09:29:44 -0300] "GET /geoportal/datos/cartas/L/L-21.pdf HTTP/1.1" 200 1312212 "-" "Mozilla/5.0 (iPhone; U; CPU iPhone OS 4_1 like Mac OS X; en-us) AppleWebKit/532.9 (KHTML, like Gecko) Version/4.0.5 Mobile/8B117 Safari/6531.22.7 (compatible; Googlebot-Mobile/2.1; +http://www.google.com/bot.html)"
66.249.72.10 - - [02/Jun/2013:09:32:11 -0300] "GET /index.php/servicios/otros-servicios/20-mapoteca/reglamento-de-uso/19-reglamento-de-uso HTTP/1.1" 200 8786 "-" "Mozilla/5.0 (compatible; Googlebot/2.1; +http://www.google.com/bot.html)"
180.76.6.224 - - [02/Jun/2013:09:32:26 -0300] "GET /index.php/component/jevents/day.listevents/2012/10/29/48?Itemid=1 HTTP/1.1" 200 8861 "-" "Mozilla/5.0 (compatible; Baiduspider/2.0; +http://www.baidu.com/search/spider.html)"
190.132.38.254 - - [02/Jun/2013:09:33:14 -0300] "GET /institucional/index.php/institucion/organizacion/geodesia-y-topografia/7-institucion?format=feed&type=rss HTTP/1.1" 200 12312 "http://www.google.com.uy/search?client=ms-android-samsung&hl=es&source=android-launcher-widget&v=133247963&ei=yzurUYiYCOXW0gHcq4DwBg&q=aprender+topografia+uruguay&oq=aprender+topografia+uruguay&gs_l=mobile-gws-serp.12...93756.103692.0.105257.27.22.0.0.0.0.1242.2228.1j6-1j1.3.0...0.0...1c.1.15.mobile-gws-serp.CKq_CAtFa0c" "Mozilla/5.0 (Linux; U; Android 2.3.6; es-us; GT-S5830M Build/GINGERBREAD) AppleWebKit/533.1 (KHTML, like Gecko) Version/4.0 Mobile Safari/533.1"
66.249.83.10 - - [02/Jun/2013:09:33:30 -0300] "GET /institucional/index.php/institucion/organizacion/geodesia-y-topografia/7-institucion?format=feed&type=rss HTTP/1.1" 200 19391 "-" "Feedfetcher-Google; (+http://www.google.com/feedfetcher.html; feed-id=332430065216382724)"
66.249.81.93 - - [02/Jun/2013:09:33:30 -0300] "GET /institucional/index.php/institucion/organizacion/geodesia-y-topografia/7-institucion?format=feed&type=rss HTTP/1.1" 200 19391 "-" "Feedfetcher-Google; (+http://www.google.com/feedfetcher.html; feed-id=332430065216382724)"
66.249.72.212 - - [02/Jun/2013:09:35:04 -0300] "GET /geoportal/index.php/mapas/descargas/mapas-escolares/cat_view/1-mapas/2-descargas/4-mapas-escolares?limit=5&limitstart=0&order=name&dir=DESC HTTP/1.1" 200 4469 "-" "Mozilla/5.0 (compatible; Googlebot/2.1; +http://www.google.com/bot.html)"
157.55.33.80 - - [02/Jun/2013:09:37:44 -0300] "GET /robots.txt HTTP/1.1" 200 1208 "-" "Mozilla/5.0 (compatible; bingbot/2.0; +http://www.bing.com/bingbot.htm)"
95.169.240.177 - - [02/Jun/2013:09:37:59 -0300] "GET /index.php/informacion-territorial/situacion-geografica HTTP/1.1" 200 9061 "-" "Mozilla/5.0 (Linux; U; Android 4.1.2; es-es; GT-I9300 Build/JZO54K) AppleWebKit/534.30 (KHTML, like Gecko) Version/4.0 Mobile Safari/534.30"
95.169.240.177 - - [02/Jun/2013:09:38:01 -0300] "GET /plugins/system/jcemediabox/css/jcemediabox.css HTTP/1.1" 200 1593 "http://www.sgm.gub.uy/index.php/informacion-territorial/situacion-geografica" "Mozilla/5.0 (Linux; U; Android 4.1.2; es-es; GT-I9300 Build/JZO54K) AppleWebKit/534.30 (KHTML, like Gecko) Version/4.0 Mobile Safari/534.30"
95.169.240.177 - - [02/Jun/2013:09:38:02 -0300] "GET /plugins/system/jcemediabox/themes/standard/css/style.css HTTP/1.1" 200 1803 "http://www.sgm.gub.uy/index.php/informacion-territorial/situacion-geografica" "Mozilla/5.0 (Linux; U; Android 4.1.2; es-es; GT-I9300 Build/JZO54K) AppleWebKit/534.30 (KHTML, like Gecko) Version/4.0 Mobile Safari/534.30"
95.169.240.177 - - [02/Jun/2013:09:38:02 -0300] "GET /templates/system/css/system.css HTTP/1.1" 200 760 "http://www.sgm.gub.uy/index.php/informacion-territorial/situacion-geografica" "Mozilla/5.0 (Linux; U; Android 4.1.2; es-es; GT-I9300 Build/JZO54K) AppleWebKit/534.30 (KHTML, like Gecko) Version/4.0 Mobile Safari/534.30"
95.169.240.177 - - [02/Jun/2013:09:38:02 -0300] "GET /templates/system/css/general.css HTTP/1.1" 200 1219 "http://www.sgm.gub.uy/index.php/informacion-territorial/situacion-geografica" "Mozilla/5.0 (Linux; U; Android 4.1.2; es-es; GT-I9300 Build/JZO54K) AppleWebKit/534.30 (KHTML, like Gecko) Version/4.0 Mobile Safari/534.30"
95.169.240.177 - - [02/Jun/2013:09:38:02 -0300] "GET /plugins/content/bt_socialshare/assets/bt_socialshare.css HTTP/1.1" 200 455 "http://www.sgm.gub.uy/index.php/informacion-territorial/situacion-geografica" "Mozilla/5.0 (Linux; U; Android 4.1.2; es-es; GT-I9300 Build/JZO54K) AppleWebKit/534.30 (KHTML, like Gecko) Version/4.0 Mobile Safari/534.30"
95.169.240.177 - - [02/Jun/2013:09:38:02 -0300] "GET /components/com_jevents/views/geraint/assets/css/modstyle.css HTTP/1.1" 200 1038 "http://www.sgm.gub.uy/index.php/informacion-territorial/situacion-geografica" "Mozilla/5.0 (Linux; U; Android 4.1.2; es-es; GT-I9300 Build/JZO54K) AppleWebKit/534.30 (KHTML, like Gecko) Version/4.0 Mobile Safari/534.30"
95.169.240.177 - - [02/Jun/2013:09:38:02 -0300] "GET /modules/mod_stalker/assets/css/stalker.css HTTP/1.1" 200 770 "http://www.sgm.gub.uy/index.php/informacion-territorial/situacion-geografica" "Mozilla/5.0 (Linux; U; Android 4.1.2; es-es; GT-I9300 Build/JZO54K) AppleWebKit/534.30 (KHTML, like Gecko) Version/4.0 Mobile Safari/534.30"
95.169.240.177 - - [02/Jun/2013:09:38:02 -0300] "GET /plugins/system/jat3/jat3/base-themes/default/css/addons.css HTTP/1.1" 200 1489 "http://www.sgm.gub.uy/index.php/informacion-territorial/situacion-geografica" "Mozilla/5.0 (Linux; U; Android 4.1.2; es-es; GT-I9300 Build/JZO54K) AppleWebKit/534.30 (KHTML, like Gecko) Version/4.0 Mobile Safari/534.30"
95.169.240.177 - - [02/Jun/2013:09:38:02 -0300] "GET /plugins/system/jat3/jat3/base-themes/default/css/typo.css HTTP/1.1" 200 2522 "http://www.sgm.gub.uy/index.php/informacion-territorial/situacion-geografica" "Mozilla/5.0 (Linux; U; Android 4.1.2; es-es; GT-I9300 Build/JZO54K) AppleWebKit/534.30 (KHTML, like Gecko) Version/4.0 Mobile Safari/534.30"
95.169.240.177 - - [02/Jun/2013:09:38:02 -0300] "GET /plugins/system/jat3/jat3/base-themes/default/css/layout.css HTTP/1.1" 200 1313 "http://www.sgm.gub.uy/index.php/informacion-territorial/situacion-geografica" "Mozilla/5.0 (Linux; U; Android 4.1.2; es-es; GT-I9300 Build/JZO54K) AppleWebKit/534.30 (KHTML, like Gecko) Version/4.0 Mobile Safari/534.30"
95.169.240.177 - - [02/Jun/2013:09:38:02 -0300] "GET /templates/bt_arise/core/themes/blue/css/template.css HTTP/1.1" 200 2227 "http://www.sgm.gub.uy/index.php/informacion-territorial/situacion-geografica" "Mozilla/5.0 (Linux; U; Android 4.1.2; es-es; GT-I9300 Build/JZO54K) AppleWebKit/534.30 (KHTML, like Gecko) Version/4.0 Mobile Safari/534.30"
95.169.240.177 - - [02/Jun/2013:09:38:02 -0300] "GET /templates/bt_arise/core/themes/blue/css/menu/mega.css HTTP/1.1" 200 686 "http://www.sgm.gub.uy/index.php/informacion-territorial/situacion-geografica" "Mozilla/5.0 (Linux; U; Android 4.1.2; es-es; GT-I9300 Build/JZO54K) AppleWebKit/534.30 (KHTML, like Gecko) Version/4.0 Mobile Safari/534.30"
95.169.240.177 - - [02/Jun/2013:09:38:02 -0300] "GET /plugins/system/jcemediabox/js/mediaobject.js?v=1017 HTTP/1.1" 200 1623 "http://www.sgm.gub.uy/index.php/informacion-territorial/situacion-geografica" "Mozilla/5.0 (Linux; U; Android 4.1.2; es-es; GT-I9300 Build/JZO54K) AppleWebKit/534.30 (KHTML, like Gecko) Version/4.0 Mobile Safari/534.30"
95.169.240.177 - - [02/Jun/2013:09:38:02 -0300] "GET /plugins/system/jcemediabox/addons/default.js?v=1017 HTTP/1.1" 200 1082 "http://www.sgm.gub.uy/index.php/informacion-territorial/situacion-geografica" "Mozilla/5.0 (Linux; U; Android 4.1.2; es-es; GT-I9300 Build/JZO54K) AppleWebKit/534.30 (KHTML, like Gecko) Version/4.0 Mobile Safari/534.30"
95.169.240.177 - - [02/Jun/2013:09:38:02 -0300] "GET /media/system/js/core.js HTTP/1.1" 200 2064 "http://www.sgm.gub.uy/index.php/informacion-territorial/situacion-geografica" "Mozilla/5.0 (Linux; U; Android 4.1.2; es-es; GT-I9300 Build/JZO54K) AppleWebKit/534.30 (KHTML, like Gecko) Version/4.0 Mobile Safari/534.30"
95.169.240.177 - - [02/Jun/2013:09:38:02 -0300] "GET /plugins/system/jat3/jat3/base-themes/default/js/core.js HTTP/1.1" 200 2198 "http://www.sgm.gub.uy/index.php/informacion-territorial/situacion-geografica" "Mozilla/5.0 (Linux; U; Android 4.1.2; es-es; GT-I9300 Build/JZO54K) AppleWebKit/534.30 (KHTML, like Gecko) Version/4.0 Mobile Safari/534.30"
95.169.240.177 - - [02/Jun/2013:09:38:02 -0300] "GET /plugins/system/jat3/jat3/base-themes/default/js/menu/mega.js HTTP/1.1" 200 5190 "http://www.sgm.gub.uy/index.php/informacion-territorial/situacion-geografica" "Mozilla/5.0 (Linux; U; Android 4.1.2; es-es; GT-I9300 Build/JZO54K) AppleWebKit/534.30 (KHTML, like Gecko) Version/4.0 Mobile Safari/534.30"
95.169.240.177 - - [02/Jun/2013:09:38:02 -0300] "GET /plugins/system/jcemediabox/js/jcemediabox.js?v=1017 HTTP/1.1" 200 13670 "http://www.sgm.gub.uy/index.php/informacion-territorial/situacion-geografica" "Mozilla/5.0 (Linux; U; Android 4.1.2; es-es; GT-I9300 Build/JZO54K) AppleWebKit/534.30 (KHTML, like Gecko) Version/4.0 Mobile Safari/534.30"
95.169.240.177 - - [02/Jun/2013:09:38:02 -0300] "GET /media/system/js/caption.js HTTP/1.1" 200 752 "http://www.sgm.gub.uy/index.php/informacion-territorial/situacion-geografica" "Mozilla/5.0 (Linux; U; Android 4.1.2; es-es; GT-I9300 Build/JZO54K) AppleWebKit/534.30 (KHTML, like Gecko) Version/4.0 Mobile Safari/534.30"
95.169.240.177 - - [02/Jun/2013:09:38:03 -0300] "GET /media/system/css/system.css HTTP/1.1" 200 885 "http://www.sgm.gub.uy/index.php/informacion-territorial/situacion-geografica" "Mozilla/5.0 (Linux; U; Android 4.1.2; es-es; GT-I9300 Build/JZO54K) AppleWebKit/534.30 (KHTML, like Gecko) Version/4.0 Mobile Safari/534.30"
95.169.240.177 - - [02/Jun/2013:09:38:03 -0300] "GET /plugins/system/jat3/jat3/base-themes/default/css/template.css HTTP/1.1" 200 6391 "http://www.sgm.gub.uy/index.php/informacion-territorial/situacion-geografica" "Mozilla/5.0 (Linux; U; Android 4.1.2; es-es; GT-I9300 Build/JZO54K) AppleWebKit/534.30 (KHTML, like Gecko) Version/4.0 Mobile Safari/534.30"
95.169.240.177 - - [02/Jun/2013:09:38:02 -0300] "GET /templates/bt_arise/js/curvycorners.src.js HTTP/1.1" 200 15883 "http://www.sgm.gub.uy/index.php/informacion-territorial/situacion-geografica" "Mozilla/5.0 (Linux; U; Android 4.1.2; es-es; GT-I9300 Build/JZO54K) AppleWebKit/534.30 (KHTML, like Gecko) Version/4.0 Mobile Safari/534.30"
95.169.240.177 - - [02/Jun/2013:09:38:02 -0300] "GET /media/system/js/mootools-core.js HTTP/1.1" 200 31450 "http://www.sgm.gub.uy/index.php/informacion-territorial/situacion-geografica" "Mozilla/5.0 (Linux; U; Android 4.1.2; es-es; GT-I9300 Build/JZO54K) AppleWebKit/534.30 (KHTML, like Gecko) Version/4.0 Mobile Safari/534.30"
95.169.240.177 - - [02/Jun/2013:09:38:04 -0300] "GET /plugins/system/jat3/jat3/base-themes/default/css/css3.css HTTP/1.1" 200 928 "http://www.sgm.gub.uy/index.php/informacion-territorial/situacion-geografica" "Mozilla/5.0 (Linux; U; Android 4.1.2; es-es; GT-I9300 Build/JZO54K) AppleWebKit/534.30 (KHTML, like Gecko) Version/4.0 Mobile Safari/534.30"
